   1               		.file	"adc.c"
   2               	__SREG__ = 0x3f
   3               	__SP_H__ = 0x3e
   4               	__SP_L__ = 0x3d
   5               	__tmp_reg__ = 0
   6               	__zero_reg__ = 1
   7               		.global __do_copy_data
   8               		.global __do_clear_bss
  10               		.text
  11               	.Ltext0:
 103               	.global	copysign
 105               	copysign:
 107               	.Ltext1:
   1:/usr/lib/gcc/avr/4.3.2/../../../../avr/include/math.h **** /* Copyright (c) 2002,2007 Michael Stumpf
   2:/usr/lib/gcc/avr/4.3.2/../../../../avr/include/math.h **** 
   3:/usr/lib/gcc/avr/4.3.2/../../../../avr/include/math.h ****    Portions of documentation Copyright (c) 1990 - 1994
   4:/usr/lib/gcc/avr/4.3.2/../../../../avr/include/math.h ****    The Regents of the University of California.
   5:/usr/lib/gcc/avr/4.3.2/../../../../avr/include/math.h **** 
   6:/usr/lib/gcc/avr/4.3.2/../../../../avr/include/math.h ****    All rights reserved.
   7:/usr/lib/gcc/avr/4.3.2/../../../../avr/include/math.h **** 
   8:/usr/lib/gcc/avr/4.3.2/../../../../avr/include/math.h ****    Redistribution and use in source and binary forms, with or without
   9:/usr/lib/gcc/avr/4.3.2/../../../../avr/include/math.h ****    modification, are permitted provided that the following conditions are met:
  10:/usr/lib/gcc/avr/4.3.2/../../../../avr/include/math.h **** 
  11:/usr/lib/gcc/avr/4.3.2/../../../../avr/include/math.h ****    * Redistributions of source code must retain the above copyright
  12:/usr/lib/gcc/avr/4.3.2/../../../../avr/include/math.h ****      notice, this list of conditions and the following disclaimer.
  13:/usr/lib/gcc/avr/4.3.2/../../../../avr/include/math.h **** 
  14:/usr/lib/gcc/avr/4.3.2/../../../../avr/include/math.h ****    * Redistributions in binary form must reproduce the above copyright
  15:/usr/lib/gcc/avr/4.3.2/../../../../avr/include/math.h ****      notice, this list of conditions and the following disclaimer in
  16:/usr/lib/gcc/avr/4.3.2/../../../../avr/include/math.h ****      the documentation and/or other materials provided with the
  17:/usr/lib/gcc/avr/4.3.2/../../../../avr/include/math.h ****      distribution.
  18:/usr/lib/gcc/avr/4.3.2/../../../../avr/include/math.h **** 
  19:/usr/lib/gcc/avr/4.3.2/../../../../avr/include/math.h ****    * Neither the name of the copyright holders nor the names of
  20:/usr/lib/gcc/avr/4.3.2/../../../../avr/include/math.h ****      contributors may be used to endorse or promote products derived
  21:/usr/lib/gcc/avr/4.3.2/../../../../avr/include/math.h ****      from this software without specific prior written permission.
  22:/usr/lib/gcc/avr/4.3.2/../../../../avr/include/math.h **** 
  23:/usr/lib/gcc/avr/4.3.2/../../../../avr/include/math.h ****   THIS SOFTWARE IS PROVIDED BY THE COPYRIGHT HOLDERS AND CONTRIBUTORS "AS IS"
  24:/usr/lib/gcc/avr/4.3.2/../../../../avr/include/math.h ****   AND ANY EXPRESS OR IMPLIED WARRANTIES, INCLUDING, BUT NOT LIMITED TO, THE
  25:/usr/lib/gcc/avr/4.3.2/../../../../avr/include/math.h ****   IMPLIED WARRANTIES OF MERCHANTABILITY AND FITNESS FOR A PARTICULAR PURPOSE
  26:/usr/lib/gcc/avr/4.3.2/../../../../avr/include/math.h ****   ARE DISCLAIMED. IN NO EVENT SHALL THE COPYRIGHT OWNER OR CONTRIBUTORS BE
  27:/usr/lib/gcc/avr/4.3.2/../../../../avr/include/math.h ****   LIABLE FOR ANY DIRECT, INDIRECT, INCIDENTAL, SPECIAL, EXEMPLARY, OR
  28:/usr/lib/gcc/avr/4.3.2/../../../../avr/include/math.h ****   CONSEQUENTIAL DAMAGES (INCLUDING, BUT NOT LIMITED TO, PROCUREMENT OF
  29:/usr/lib/gcc/avr/4.3.2/../../../../avr/include/math.h ****   SUBSTITUTE GOODS OR SERVICES; LOSS OF USE, DATA, OR PROFITS; OR BUSINESS
  30:/usr/lib/gcc/avr/4.3.2/../../../../avr/include/math.h ****   INTERRUPTION) HOWEVER CAUSED AND ON ANY THEORY OF LIABILITY, WHETHER IN
  31:/usr/lib/gcc/avr/4.3.2/../../../../avr/include/math.h ****   CONTRACT, STRICT LIABILITY, OR TORT (INCLUDING NEGLIGENCE OR OTHERWISE)
  32:/usr/lib/gcc/avr/4.3.2/../../../../avr/include/math.h ****   ARISING IN ANY WAY OUT OF THE USE OF THIS SOFTWARE, EVEN IF ADVISED OF THE
  33:/usr/lib/gcc/avr/4.3.2/../../../../avr/include/math.h ****   POSSIBILITY OF SUCH DAMAGE. */
  34:/usr/lib/gcc/avr/4.3.2/../../../../avr/include/math.h **** 
  35:/usr/lib/gcc/avr/4.3.2/../../../../avr/include/math.h **** /* $Id: math.h,v 1.21.2.1 2008/03/17 15:28:49 arcanum Exp $ */
  36:/usr/lib/gcc/avr/4.3.2/../../../../avr/include/math.h **** 
  37:/usr/lib/gcc/avr/4.3.2/../../../../avr/include/math.h **** /*
  38:/usr/lib/gcc/avr/4.3.2/../../../../avr/include/math.h ****    math.h - mathematical functions
  39:/usr/lib/gcc/avr/4.3.2/../../../../avr/include/math.h **** 
  40:/usr/lib/gcc/avr/4.3.2/../../../../avr/include/math.h ****    Author : Michael Stumpf
  41:/usr/lib/gcc/avr/4.3.2/../../../../avr/include/math.h ****             Michael.Stumpf@t-online.de
  42:/usr/lib/gcc/avr/4.3.2/../../../../avr/include/math.h **** 
  43:/usr/lib/gcc/avr/4.3.2/../../../../avr/include/math.h ****    __ATTR_CONST__ added by marekm@linux.org.pl for functions
  44:/usr/lib/gcc/avr/4.3.2/../../../../avr/include/math.h ****    that "do not examine any values except their arguments, and have
  45:/usr/lib/gcc/avr/4.3.2/../../../../avr/include/math.h ****    no effects except the return value", for better optimization by gcc.
  46:/usr/lib/gcc/avr/4.3.2/../../../../avr/include/math.h ****  */
  47:/usr/lib/gcc/avr/4.3.2/../../../../avr/include/math.h **** 
  48:/usr/lib/gcc/avr/4.3.2/../../../../avr/include/math.h **** #ifndef __MATH_H
  49:/usr/lib/gcc/avr/4.3.2/../../../../avr/include/math.h **** #define __MATH_H
  50:/usr/lib/gcc/avr/4.3.2/../../../../avr/include/math.h **** 
  51:/usr/lib/gcc/avr/4.3.2/../../../../avr/include/math.h **** /** \file */
  52:/usr/lib/gcc/avr/4.3.2/../../../../avr/include/math.h **** /** \defgroup avr_math <math.h>: Mathematics
  53:/usr/lib/gcc/avr/4.3.2/../../../../avr/include/math.h ****     \code #include <math.h> \endcode
  54:/usr/lib/gcc/avr/4.3.2/../../../../avr/include/math.h **** 
  55:/usr/lib/gcc/avr/4.3.2/../../../../avr/include/math.h ****     This header file declares basic mathematics constants and
  56:/usr/lib/gcc/avr/4.3.2/../../../../avr/include/math.h ****     functions.
  57:/usr/lib/gcc/avr/4.3.2/../../../../avr/include/math.h **** 
  58:/usr/lib/gcc/avr/4.3.2/../../../../avr/include/math.h ****     \par Notes:
  59:/usr/lib/gcc/avr/4.3.2/../../../../avr/include/math.h ****     - In order to access the functions delcared herein, it is usually
  60:/usr/lib/gcc/avr/4.3.2/../../../../avr/include/math.h ****       also required to additionally link against the library \c libm.a.
  61:/usr/lib/gcc/avr/4.3.2/../../../../avr/include/math.h ****       See also the related \ref faq_libm "FAQ entry".
  62:/usr/lib/gcc/avr/4.3.2/../../../../avr/include/math.h ****     - Math functions do not raise exceptions and do not change the
  63:/usr/lib/gcc/avr/4.3.2/../../../../avr/include/math.h ****       \c errno variable. Therefore the majority of them are declared
  64:/usr/lib/gcc/avr/4.3.2/../../../../avr/include/math.h ****       with const attribute, for better optimization by GCC.	*/
  65:/usr/lib/gcc/avr/4.3.2/../../../../avr/include/math.h **** 
  66:/usr/lib/gcc/avr/4.3.2/../../../../avr/include/math.h **** /**
  67:/usr/lib/gcc/avr/4.3.2/../../../../avr/include/math.h ****    \ingroup avr_math
  68:/usr/lib/gcc/avr/4.3.2/../../../../avr/include/math.h **** 
  69:/usr/lib/gcc/avr/4.3.2/../../../../avr/include/math.h ****    The constant \c pi. */
  70:/usr/lib/gcc/avr/4.3.2/../../../../avr/include/math.h **** #define M_PI 3.141592653589793238462643
  71:/usr/lib/gcc/avr/4.3.2/../../../../avr/include/math.h **** 
  72:/usr/lib/gcc/avr/4.3.2/../../../../avr/include/math.h **** /**
  73:/usr/lib/gcc/avr/4.3.2/../../../../avr/include/math.h ****    \ingroup avr_math
  74:/usr/lib/gcc/avr/4.3.2/../../../../avr/include/math.h **** 
  75:/usr/lib/gcc/avr/4.3.2/../../../../avr/include/math.h ****    The square root of 2. */
  76:/usr/lib/gcc/avr/4.3.2/../../../../avr/include/math.h **** #define M_SQRT2 1.4142135623730950488016887
  77:/usr/lib/gcc/avr/4.3.2/../../../../avr/include/math.h **** 
  78:/usr/lib/gcc/avr/4.3.2/../../../../avr/include/math.h **** /**
  79:/usr/lib/gcc/avr/4.3.2/../../../../avr/include/math.h ****    \ingroup avr_math
  80:/usr/lib/gcc/avr/4.3.2/../../../../avr/include/math.h **** 
  81:/usr/lib/gcc/avr/4.3.2/../../../../avr/include/math.h ****    NAN constant. */
  82:/usr/lib/gcc/avr/4.3.2/../../../../avr/include/math.h **** #define NAN	__builtin_nan("")
  83:/usr/lib/gcc/avr/4.3.2/../../../../avr/include/math.h **** 
  84:/usr/lib/gcc/avr/4.3.2/../../../../avr/include/math.h **** /**
  85:/usr/lib/gcc/avr/4.3.2/../../../../avr/include/math.h ****    \ingroup avr_math
  86:/usr/lib/gcc/avr/4.3.2/../../../../avr/include/math.h **** 
  87:/usr/lib/gcc/avr/4.3.2/../../../../avr/include/math.h ****    INFINITY constant. */
  88:/usr/lib/gcc/avr/4.3.2/../../../../avr/include/math.h **** #define INFINITY	__builtin_inf()
  89:/usr/lib/gcc/avr/4.3.2/../../../../avr/include/math.h **** 
  90:/usr/lib/gcc/avr/4.3.2/../../../../avr/include/math.h **** #ifndef __ATTR_CONST__
  91:/usr/lib/gcc/avr/4.3.2/../../../../avr/include/math.h **** # define __ATTR_CONST__ __attribute__((__const__))
  92:/usr/lib/gcc/avr/4.3.2/../../../../avr/include/math.h **** #endif
  93:/usr/lib/gcc/avr/4.3.2/../../../../avr/include/math.h **** 
  94:/usr/lib/gcc/avr/4.3.2/../../../../avr/include/math.h **** #ifdef __cplusplus
  95:/usr/lib/gcc/avr/4.3.2/../../../../avr/include/math.h **** extern "C" {
  96:/usr/lib/gcc/avr/4.3.2/../../../../avr/include/math.h **** #endif
  97:/usr/lib/gcc/avr/4.3.2/../../../../avr/include/math.h **** 
  98:/usr/lib/gcc/avr/4.3.2/../../../../avr/include/math.h ****   /**
  99:/usr/lib/gcc/avr/4.3.2/../../../../avr/include/math.h ****      \ingroup avr_math
 100:/usr/lib/gcc/avr/4.3.2/../../../../avr/include/math.h **** 
 101:/usr/lib/gcc/avr/4.3.2/../../../../avr/include/math.h ****      The cos() function returns the cosine of \a __x, measured in radians.
 102:/usr/lib/gcc/avr/4.3.2/../../../../avr/include/math.h ****   */
 103:/usr/lib/gcc/avr/4.3.2/../../../../avr/include/math.h **** extern double cos(double __x) __ATTR_CONST__;
 104:/usr/lib/gcc/avr/4.3.2/../../../../avr/include/math.h **** 
 105:/usr/lib/gcc/avr/4.3.2/../../../../avr/include/math.h ****   /**
 106:/usr/lib/gcc/avr/4.3.2/../../../../avr/include/math.h ****      \ingroup avr_math
 107:/usr/lib/gcc/avr/4.3.2/../../../../avr/include/math.h **** 
 108:/usr/lib/gcc/avr/4.3.2/../../../../avr/include/math.h ****      The fabs() function computes the absolute value of a floating-point
 109:/usr/lib/gcc/avr/4.3.2/../../../../avr/include/math.h ****      number \a __x.
 110:/usr/lib/gcc/avr/4.3.2/../../../../avr/include/math.h ****   */
 111:/usr/lib/gcc/avr/4.3.2/../../../../avr/include/math.h **** extern double fabs(double __x) __ATTR_CONST__;
 112:/usr/lib/gcc/avr/4.3.2/../../../../avr/include/math.h **** #if 0
 113:/usr/lib/gcc/avr/4.3.2/../../../../avr/include/math.h **** /* fabs seems to be built in already */
 114:/usr/lib/gcc/avr/4.3.2/../../../../avr/include/math.h **** extern inline double fabs( double __x )
 115:/usr/lib/gcc/avr/4.3.2/../../../../avr/include/math.h ****   { double __res;
 116:/usr/lib/gcc/avr/4.3.2/../../../../avr/include/math.h ****     __asm__ __volatile__ ("andi %D0,0x7F \n\t"
 117:/usr/lib/gcc/avr/4.3.2/../../../../avr/include/math.h **** 		: "=d" (__res) : "0" (__x) );
 118:/usr/lib/gcc/avr/4.3.2/../../../../avr/include/math.h ****     return __res;
 119:/usr/lib/gcc/avr/4.3.2/../../../../avr/include/math.h ****   }
 120:/usr/lib/gcc/avr/4.3.2/../../../../avr/include/math.h **** #endif
 121:/usr/lib/gcc/avr/4.3.2/../../../../avr/include/math.h **** 
 122:/usr/lib/gcc/avr/4.3.2/../../../../avr/include/math.h ****   /**
 123:/usr/lib/gcc/avr/4.3.2/../../../../avr/include/math.h ****      \ingroup avr_math
 124:/usr/lib/gcc/avr/4.3.2/../../../../avr/include/math.h **** 
 125:/usr/lib/gcc/avr/4.3.2/../../../../avr/include/math.h ****      The function fmod() returns the floating-point remainder of <em>__x /
 126:/usr/lib/gcc/avr/4.3.2/../../../../avr/include/math.h ****      __y</em>.
 127:/usr/lib/gcc/avr/4.3.2/../../../../avr/include/math.h ****   */
 128:/usr/lib/gcc/avr/4.3.2/../../../../avr/include/math.h **** extern double fmod(double __x, double __y) __ATTR_CONST__;
 129:/usr/lib/gcc/avr/4.3.2/../../../../avr/include/math.h **** 
 130:/usr/lib/gcc/avr/4.3.2/../../../../avr/include/math.h ****   /**
 131:/usr/lib/gcc/avr/4.3.2/../../../../avr/include/math.h ****      \ingroup avr_math
 132:/usr/lib/gcc/avr/4.3.2/../../../../avr/include/math.h **** 
 133:/usr/lib/gcc/avr/4.3.2/../../../../avr/include/math.h ****      The modf() function breaks the argument \a __x into integral and
 134:/usr/lib/gcc/avr/4.3.2/../../../../avr/include/math.h ****      fractional parts, each of which has the same sign as the argument. 
 135:/usr/lib/gcc/avr/4.3.2/../../../../avr/include/math.h ****      It stores the integral part as a double in the object pointed to by
 136:/usr/lib/gcc/avr/4.3.2/../../../../avr/include/math.h ****      \a __iptr.
 137:/usr/lib/gcc/avr/4.3.2/../../../../avr/include/math.h **** 
 138:/usr/lib/gcc/avr/4.3.2/../../../../avr/include/math.h ****      The modf() function returns the signed fractional part of \a __x.
 139:/usr/lib/gcc/avr/4.3.2/../../../../avr/include/math.h ****      
 140:/usr/lib/gcc/avr/4.3.2/../../../../avr/include/math.h ****      \note
 141:/usr/lib/gcc/avr/4.3.2/../../../../avr/include/math.h ****      This implementation skips writing by zero pointer.
 142:/usr/lib/gcc/avr/4.3.2/../../../../avr/include/math.h ****   */
 143:/usr/lib/gcc/avr/4.3.2/../../../../avr/include/math.h **** extern double modf(double __x, double *__iptr);
 144:/usr/lib/gcc/avr/4.3.2/../../../../avr/include/math.h **** 
 145:/usr/lib/gcc/avr/4.3.2/../../../../avr/include/math.h ****   /**
 146:/usr/lib/gcc/avr/4.3.2/../../../../avr/include/math.h ****      \ingroup avr_math
 147:/usr/lib/gcc/avr/4.3.2/../../../../avr/include/math.h **** 
 148:/usr/lib/gcc/avr/4.3.2/../../../../avr/include/math.h ****      The sin() function returns the sine of \a __x, measured in radians.
 149:/usr/lib/gcc/avr/4.3.2/../../../../avr/include/math.h ****   */
 150:/usr/lib/gcc/avr/4.3.2/../../../../avr/include/math.h **** extern double sin(double __x) __ATTR_CONST__;
 151:/usr/lib/gcc/avr/4.3.2/../../../../avr/include/math.h **** 
 152:/usr/lib/gcc/avr/4.3.2/../../../../avr/include/math.h ****   /**
 153:/usr/lib/gcc/avr/4.3.2/../../../../avr/include/math.h ****      \ingroup avr_math
 154:/usr/lib/gcc/avr/4.3.2/../../../../avr/include/math.h **** 
 155:/usr/lib/gcc/avr/4.3.2/../../../../avr/include/math.h ****      The sqrt() function returns the non-negative square root of \a __x.
 156:/usr/lib/gcc/avr/4.3.2/../../../../avr/include/math.h ****   */
 157:/usr/lib/gcc/avr/4.3.2/../../../../avr/include/math.h **** extern double sqrt(double __x) __ATTR_CONST__;
 158:/usr/lib/gcc/avr/4.3.2/../../../../avr/include/math.h **** 
 159:/usr/lib/gcc/avr/4.3.2/../../../../avr/include/math.h ****   /**
 160:/usr/lib/gcc/avr/4.3.2/../../../../avr/include/math.h ****      \ingroup avr_math
 161:/usr/lib/gcc/avr/4.3.2/../../../../avr/include/math.h **** 
 162:/usr/lib/gcc/avr/4.3.2/../../../../avr/include/math.h ****      The tan() function returns the tangent of \a __x, measured in
 163:/usr/lib/gcc/avr/4.3.2/../../../../avr/include/math.h ****      radians.
 164:/usr/lib/gcc/avr/4.3.2/../../../../avr/include/math.h ****   */
 165:/usr/lib/gcc/avr/4.3.2/../../../../avr/include/math.h **** extern double tan(double __x) __ATTR_CONST__;
 166:/usr/lib/gcc/avr/4.3.2/../../../../avr/include/math.h **** 
 167:/usr/lib/gcc/avr/4.3.2/../../../../avr/include/math.h ****   /**
 168:/usr/lib/gcc/avr/4.3.2/../../../../avr/include/math.h ****      \ingroup avr_math
 169:/usr/lib/gcc/avr/4.3.2/../../../../avr/include/math.h **** 
 170:/usr/lib/gcc/avr/4.3.2/../../../../avr/include/math.h ****      The floor() function returns the largest integral value less than or
 171:/usr/lib/gcc/avr/4.3.2/../../../../avr/include/math.h ****      equal to \a __x, expressed as a floating-point number.
 172:/usr/lib/gcc/avr/4.3.2/../../../../avr/include/math.h ****   */
 173:/usr/lib/gcc/avr/4.3.2/../../../../avr/include/math.h **** extern double floor(double __x) __ATTR_CONST__;
 174:/usr/lib/gcc/avr/4.3.2/../../../../avr/include/math.h **** 
 175:/usr/lib/gcc/avr/4.3.2/../../../../avr/include/math.h ****   /**
 176:/usr/lib/gcc/avr/4.3.2/../../../../avr/include/math.h ****      \ingroup avr_math
 177:/usr/lib/gcc/avr/4.3.2/../../../../avr/include/math.h **** 
 178:/usr/lib/gcc/avr/4.3.2/../../../../avr/include/math.h ****      The ceil() function returns the smallest integral value greater than
 179:/usr/lib/gcc/avr/4.3.2/../../../../avr/include/math.h ****      or equal to \a __x, expressed as a floating-point number.
 180:/usr/lib/gcc/avr/4.3.2/../../../../avr/include/math.h ****   */
 181:/usr/lib/gcc/avr/4.3.2/../../../../avr/include/math.h **** extern double ceil(double __x) __ATTR_CONST__;
 182:/usr/lib/gcc/avr/4.3.2/../../../../avr/include/math.h **** 
 183:/usr/lib/gcc/avr/4.3.2/../../../../avr/include/math.h ****   /**
 184:/usr/lib/gcc/avr/4.3.2/../../../../avr/include/math.h ****      \ingroup avr_math
 185:/usr/lib/gcc/avr/4.3.2/../../../../avr/include/math.h **** 
 186:/usr/lib/gcc/avr/4.3.2/../../../../avr/include/math.h ****      The frexp() function breaks a floating-point number into a normalized
 187:/usr/lib/gcc/avr/4.3.2/../../../../avr/include/math.h ****      fraction and an integral power of 2.  It stores the integer in the \c
 188:/usr/lib/gcc/avr/4.3.2/../../../../avr/include/math.h ****      int object pointed to by \a __pexp.
 189:/usr/lib/gcc/avr/4.3.2/../../../../avr/include/math.h **** 
 190:/usr/lib/gcc/avr/4.3.2/../../../../avr/include/math.h ****      If \a __x is a normal float point number, the frexp() function
 191:/usr/lib/gcc/avr/4.3.2/../../../../avr/include/math.h ****      returns the value \c v, such that \c v has a magnitude in the
 192:/usr/lib/gcc/avr/4.3.2/../../../../avr/include/math.h ****      interval [1/2, 1) or zero, and \a __x equals \c v times 2 raised to
 193:/usr/lib/gcc/avr/4.3.2/../../../../avr/include/math.h ****      the power \a __pexp. If \a __x is zero, both parts of the result are
 194:/usr/lib/gcc/avr/4.3.2/../../../../avr/include/math.h ****      zero. If \a __x is not a finite number, the frexp() returns \a __x as
 195:/usr/lib/gcc/avr/4.3.2/../../../../avr/include/math.h ****      is and stores 0 by \a __pexp.
 196:/usr/lib/gcc/avr/4.3.2/../../../../avr/include/math.h **** 
 197:/usr/lib/gcc/avr/4.3.2/../../../../avr/include/math.h ****      \note  This implementation permits a zero pointer as a directive to
 198:/usr/lib/gcc/avr/4.3.2/../../../../avr/include/math.h ****      skip a storing the exponent.
 199:/usr/lib/gcc/avr/4.3.2/../../../../avr/include/math.h ****   */
 200:/usr/lib/gcc/avr/4.3.2/../../../../avr/include/math.h **** extern double frexp(double __x, int *__pexp);
 201:/usr/lib/gcc/avr/4.3.2/../../../../avr/include/math.h **** 
 202:/usr/lib/gcc/avr/4.3.2/../../../../avr/include/math.h ****   /**
 203:/usr/lib/gcc/avr/4.3.2/../../../../avr/include/math.h ****      \ingroup avr_math
 204:/usr/lib/gcc/avr/4.3.2/../../../../avr/include/math.h **** 
 205:/usr/lib/gcc/avr/4.3.2/../../../../avr/include/math.h ****      The ldexp() function multiplies a floating-point number by an integral
 206:/usr/lib/gcc/avr/4.3.2/../../../../avr/include/math.h ****      power of 2.
 207:/usr/lib/gcc/avr/4.3.2/../../../../avr/include/math.h **** 
 208:/usr/lib/gcc/avr/4.3.2/../../../../avr/include/math.h ****      The ldexp() function returns the value of \a __x times 2 raised to
 209:/usr/lib/gcc/avr/4.3.2/../../../../avr/include/math.h ****      the power \a __exp.
 210:/usr/lib/gcc/avr/4.3.2/../../../../avr/include/math.h ****   */
 211:/usr/lib/gcc/avr/4.3.2/../../../../avr/include/math.h **** extern double ldexp(double __x, int __exp) __ATTR_CONST__;
 212:/usr/lib/gcc/avr/4.3.2/../../../../avr/include/math.h **** 
 213:/usr/lib/gcc/avr/4.3.2/../../../../avr/include/math.h ****   /**
 214:/usr/lib/gcc/avr/4.3.2/../../../../avr/include/math.h ****      \ingroup avr_math
 215:/usr/lib/gcc/avr/4.3.2/../../../../avr/include/math.h **** 
 216:/usr/lib/gcc/avr/4.3.2/../../../../avr/include/math.h ****      The exp() function returns the exponential value of \a __x.
 217:/usr/lib/gcc/avr/4.3.2/../../../../avr/include/math.h ****   */
 218:/usr/lib/gcc/avr/4.3.2/../../../../avr/include/math.h **** extern double exp(double __x) __ATTR_CONST__;
 219:/usr/lib/gcc/avr/4.3.2/../../../../avr/include/math.h **** 
 220:/usr/lib/gcc/avr/4.3.2/../../../../avr/include/math.h ****   /**
 221:/usr/lib/gcc/avr/4.3.2/../../../../avr/include/math.h ****      \ingroup avr_math
 222:/usr/lib/gcc/avr/4.3.2/../../../../avr/include/math.h **** 
 223:/usr/lib/gcc/avr/4.3.2/../../../../avr/include/math.h ****      The cosh() function returns the hyperbolic cosine of \a __x.
 224:/usr/lib/gcc/avr/4.3.2/../../../../avr/include/math.h ****   */
 225:/usr/lib/gcc/avr/4.3.2/../../../../avr/include/math.h **** extern double cosh(double __x) __ATTR_CONST__;
 226:/usr/lib/gcc/avr/4.3.2/../../../../avr/include/math.h **** 
 227:/usr/lib/gcc/avr/4.3.2/../../../../avr/include/math.h ****   /**
 228:/usr/lib/gcc/avr/4.3.2/../../../../avr/include/math.h ****      \ingroup avr_math
 229:/usr/lib/gcc/avr/4.3.2/../../../../avr/include/math.h **** 
 230:/usr/lib/gcc/avr/4.3.2/../../../../avr/include/math.h ****      The sinh() function returns the hyperbolic sine of \a __x.
 231:/usr/lib/gcc/avr/4.3.2/../../../../avr/include/math.h ****   */
 232:/usr/lib/gcc/avr/4.3.2/../../../../avr/include/math.h **** extern double sinh(double __x) __ATTR_CONST__;
 233:/usr/lib/gcc/avr/4.3.2/../../../../avr/include/math.h **** 
 234:/usr/lib/gcc/avr/4.3.2/../../../../avr/include/math.h ****   /**
 235:/usr/lib/gcc/avr/4.3.2/../../../../avr/include/math.h ****      \ingroup avr_math
 236:/usr/lib/gcc/avr/4.3.2/../../../../avr/include/math.h **** 
 237:/usr/lib/gcc/avr/4.3.2/../../../../avr/include/math.h ****      The tanh() function returns the hyperbolic tangent of \a __x.
 238:/usr/lib/gcc/avr/4.3.2/../../../../avr/include/math.h ****   */
 239:/usr/lib/gcc/avr/4.3.2/../../../../avr/include/math.h **** extern double tanh(double __x) __ATTR_CONST__;
 240:/usr/lib/gcc/avr/4.3.2/../../../../avr/include/math.h **** 
 241:/usr/lib/gcc/avr/4.3.2/../../../../avr/include/math.h ****   /**
 242:/usr/lib/gcc/avr/4.3.2/../../../../avr/include/math.h ****      \ingroup avr_math
 243:/usr/lib/gcc/avr/4.3.2/../../../../avr/include/math.h **** 
 244:/usr/lib/gcc/avr/4.3.2/../../../../avr/include/math.h ****      The acos() function computes the principal value of the arc cosine of
 245:/usr/lib/gcc/avr/4.3.2/../../../../avr/include/math.h ****      \a __x.  The returned value is in the range [0, pi] radians. A domain
 246:/usr/lib/gcc/avr/4.3.2/../../../../avr/include/math.h ****      error occurs for arguments not in the range [-1, +1].
 247:/usr/lib/gcc/avr/4.3.2/../../../../avr/include/math.h ****   */
 248:/usr/lib/gcc/avr/4.3.2/../../../../avr/include/math.h **** extern double acos(double __x) __ATTR_CONST__;
 249:/usr/lib/gcc/avr/4.3.2/../../../../avr/include/math.h **** 
 250:/usr/lib/gcc/avr/4.3.2/../../../../avr/include/math.h ****   /**
 251:/usr/lib/gcc/avr/4.3.2/../../../../avr/include/math.h ****      \ingroup avr_math
 252:/usr/lib/gcc/avr/4.3.2/../../../../avr/include/math.h **** 
 253:/usr/lib/gcc/avr/4.3.2/../../../../avr/include/math.h ****      The asin() function computes the principal value of the arc sine of
 254:/usr/lib/gcc/avr/4.3.2/../../../../avr/include/math.h ****      \a __x.  The returned value is in the range [-pi/2, pi/2] radians. A
 255:/usr/lib/gcc/avr/4.3.2/../../../../avr/include/math.h ****      domain error occurs for arguments not in the range [-1, +1].
 256:/usr/lib/gcc/avr/4.3.2/../../../../avr/include/math.h ****   */
 257:/usr/lib/gcc/avr/4.3.2/../../../../avr/include/math.h **** extern double asin(double __x) __ATTR_CONST__;
 258:/usr/lib/gcc/avr/4.3.2/../../../../avr/include/math.h **** 
 259:/usr/lib/gcc/avr/4.3.2/../../../../avr/include/math.h ****   /**
 260:/usr/lib/gcc/avr/4.3.2/../../../../avr/include/math.h ****      \ingroup avr_math
 261:/usr/lib/gcc/avr/4.3.2/../../../../avr/include/math.h **** 
 262:/usr/lib/gcc/avr/4.3.2/../../../../avr/include/math.h ****      The atan() function computes the principal value of the arc tangent
 263:/usr/lib/gcc/avr/4.3.2/../../../../avr/include/math.h ****      of \a __x.  The returned value is in the range [-pi/2, pi/2] radians.
 264:/usr/lib/gcc/avr/4.3.2/../../../../avr/include/math.h ****   */
 265:/usr/lib/gcc/avr/4.3.2/../../../../avr/include/math.h **** extern double atan(double __x) __ATTR_CONST__;
 266:/usr/lib/gcc/avr/4.3.2/../../../../avr/include/math.h **** 
 267:/usr/lib/gcc/avr/4.3.2/../../../../avr/include/math.h ****   /**
 268:/usr/lib/gcc/avr/4.3.2/../../../../avr/include/math.h ****      \ingroup avr_math
 269:/usr/lib/gcc/avr/4.3.2/../../../../avr/include/math.h ****      
 270:/usr/lib/gcc/avr/4.3.2/../../../../avr/include/math.h ****      The atan2() function computes the principal value of the arc tangent
 271:/usr/lib/gcc/avr/4.3.2/../../../../avr/include/math.h ****      of <em>__y / __x</em>, using the signs of both arguments to determine
 272:/usr/lib/gcc/avr/4.3.2/../../../../avr/include/math.h ****      the quadrant of the return value.  The returned value is in the range
 273:/usr/lib/gcc/avr/4.3.2/../../../../avr/include/math.h ****      [-pi, +pi] radians.
 274:/usr/lib/gcc/avr/4.3.2/../../../../avr/include/math.h ****   */
 275:/usr/lib/gcc/avr/4.3.2/../../../../avr/include/math.h **** extern double atan2(double __y, double __x) __ATTR_CONST__;
 276:/usr/lib/gcc/avr/4.3.2/../../../../avr/include/math.h **** 
 277:/usr/lib/gcc/avr/4.3.2/../../../../avr/include/math.h ****   /**
 278:/usr/lib/gcc/avr/4.3.2/../../../../avr/include/math.h ****      \ingroup avr_math
 279:/usr/lib/gcc/avr/4.3.2/../../../../avr/include/math.h **** 
 280:/usr/lib/gcc/avr/4.3.2/../../../../avr/include/math.h ****      The log() function returns the natural logarithm of argument \a __x.
 281:/usr/lib/gcc/avr/4.3.2/../../../../avr/include/math.h ****    */
 282:/usr/lib/gcc/avr/4.3.2/../../../../avr/include/math.h **** extern double log(double __x) __ATTR_CONST__;
 283:/usr/lib/gcc/avr/4.3.2/../../../../avr/include/math.h **** 
 284:/usr/lib/gcc/avr/4.3.2/../../../../avr/include/math.h ****   /**
 285:/usr/lib/gcc/avr/4.3.2/../../../../avr/include/math.h ****      \ingroup avr_math
 286:/usr/lib/gcc/avr/4.3.2/../../../../avr/include/math.h **** 
 287:/usr/lib/gcc/avr/4.3.2/../../../../avr/include/math.h ****      The log10() function returns the logarithm of argument \a __x to base
 288:/usr/lib/gcc/avr/4.3.2/../../../../avr/include/math.h ****      10.
 289:/usr/lib/gcc/avr/4.3.2/../../../../avr/include/math.h ****    */
 290:/usr/lib/gcc/avr/4.3.2/../../../../avr/include/math.h **** extern double log10(double __x) __ATTR_CONST__;
 291:/usr/lib/gcc/avr/4.3.2/../../../../avr/include/math.h **** 
 292:/usr/lib/gcc/avr/4.3.2/../../../../avr/include/math.h ****   /**
 293:/usr/lib/gcc/avr/4.3.2/../../../../avr/include/math.h ****      \ingroup avr_math
 294:/usr/lib/gcc/avr/4.3.2/../../../../avr/include/math.h **** 
 295:/usr/lib/gcc/avr/4.3.2/../../../../avr/include/math.h ****      The function pow() returns the value of \a __x to the exponent \a __y.
 296:/usr/lib/gcc/avr/4.3.2/../../../../avr/include/math.h ****   */
 297:/usr/lib/gcc/avr/4.3.2/../../../../avr/include/math.h **** extern double pow(double __x, double __y) __ATTR_CONST__;
 298:/usr/lib/gcc/avr/4.3.2/../../../../avr/include/math.h **** 
 299:/usr/lib/gcc/avr/4.3.2/../../../../avr/include/math.h ****   /**
 300:/usr/lib/gcc/avr/4.3.2/../../../../avr/include/math.h ****      \ingroup avr_math
 301:/usr/lib/gcc/avr/4.3.2/../../../../avr/include/math.h **** 
 302:/usr/lib/gcc/avr/4.3.2/../../../../avr/include/math.h ****      The function isnan() returns 1 if the argument \a __x represents a
 303:/usr/lib/gcc/avr/4.3.2/../../../../avr/include/math.h ****      "not-a-number" (NaN) object, otherwise 0.
 304:/usr/lib/gcc/avr/4.3.2/../../../../avr/include/math.h ****   */
 305:/usr/lib/gcc/avr/4.3.2/../../../../avr/include/math.h **** extern int isnan(double __x) __ATTR_CONST__;
 306:/usr/lib/gcc/avr/4.3.2/../../../../avr/include/math.h **** 
 307:/usr/lib/gcc/avr/4.3.2/../../../../avr/include/math.h ****   /**
 308:/usr/lib/gcc/avr/4.3.2/../../../../avr/include/math.h ****      \ingroup avr_math
 309:/usr/lib/gcc/avr/4.3.2/../../../../avr/include/math.h **** 
 310:/usr/lib/gcc/avr/4.3.2/../../../../avr/include/math.h ****      The function isinf() returns 1 if the argument \a __x is positive
 311:/usr/lib/gcc/avr/4.3.2/../../../../avr/include/math.h ****      infinity, -1 if \a __x is negative infinity, and 0 otherwise.
 312:/usr/lib/gcc/avr/4.3.2/../../../../avr/include/math.h ****   */
 313:/usr/lib/gcc/avr/4.3.2/../../../../avr/include/math.h **** extern int isinf(double __x) __ATTR_CONST__;
 314:/usr/lib/gcc/avr/4.3.2/../../../../avr/include/math.h **** 
 315:/usr/lib/gcc/avr/4.3.2/../../../../avr/include/math.h ****   /**
 316:/usr/lib/gcc/avr/4.3.2/../../../../avr/include/math.h ****      \ingroup avr_math
 317:/usr/lib/gcc/avr/4.3.2/../../../../avr/include/math.h **** 
 318:/usr/lib/gcc/avr/4.3.2/../../../../avr/include/math.h ****      The function square() returns <em>__x * __x</em>.
 319:/usr/lib/gcc/avr/4.3.2/../../../../avr/include/math.h **** 
 320:/usr/lib/gcc/avr/4.3.2/../../../../avr/include/math.h ****      \note
 321:/usr/lib/gcc/avr/4.3.2/../../../../avr/include/math.h ****      This function does not belong to the C standard definition.
 322:/usr/lib/gcc/avr/4.3.2/../../../../avr/include/math.h ****   */
 323:/usr/lib/gcc/avr/4.3.2/../../../../avr/include/math.h **** extern double square(double __x) __ATTR_CONST__;
 324:/usr/lib/gcc/avr/4.3.2/../../../../avr/include/math.h **** 
 325:/usr/lib/gcc/avr/4.3.2/../../../../avr/include/math.h ****   /**
 326:/usr/lib/gcc/avr/4.3.2/../../../../avr/include/math.h ****      \ingroup avr_math
 327:/usr/lib/gcc/avr/4.3.2/../../../../avr/include/math.h **** 
 328:/usr/lib/gcc/avr/4.3.2/../../../../avr/include/math.h ****      The copysign() function returns \a __x but with the sign of \a __y.
 329:/usr/lib/gcc/avr/4.3.2/../../../../avr/include/math.h ****      They work even if \a __x or \a __y are NaN or zero.
 330:/usr/lib/gcc/avr/4.3.2/../../../../avr/include/math.h ****  */
 331:/usr/lib/gcc/avr/4.3.2/../../../../avr/include/math.h **** __ATTR_CONST__ extern inline double copysign (double __x, double __y)
 332:/usr/lib/gcc/avr/4.3.2/../../../../avr/include/math.h **** {
 333:/usr/lib/gcc/avr/4.3.2/../../../../avr/include/math.h ****     __asm__ (
 109               	.LM0:
 110               	.LFBB1:
 111               	/* prologue: function */
 112               	/* frame size = 0 */
 114               	.LM1:
 115               	/* #APP */
 116               	 ;  333 "/usr/lib/gcc/avr/4.3.2/../../../../avr/include/math.h" 1
 117 0000 57FB      		bst	r21, 7	
 118 0002 97F9      		bld	r25, 7	
 119               	 ;  0 "" 2
 120               	/* epilogue start */
 334:/usr/lib/gcc/avr/4.3.2/../../../../avr/include/math.h **** 	"bst	%D2, 7	\n\t"
 335:/usr/lib/gcc/avr/4.3.2/../../../../avr/include/math.h **** 	"bld	%D0, 7	"
 336:/usr/lib/gcc/avr/4.3.2/../../../../avr/include/math.h **** 	: "=r" (__x)
 337:/usr/lib/gcc/avr/4.3.2/../../../../avr/include/math.h **** 	: "0" (__x), "r" (__y) );
 338:/usr/lib/gcc/avr/4.3.2/../../../../avr/include/math.h ****     return __x;
 339:/usr/lib/gcc/avr/4.3.2/../../../../avr/include/math.h **** }
 122               	.LM2:
 123               	/* #NOAPP */
 124 0004 0895      		ret
 126               	.Lscope1:
 129               	.global	isfinite
 131               	isfinite:
 340:/usr/lib/gcc/avr/4.3.2/../../../../avr/include/math.h **** 
 341:/usr/lib/gcc/avr/4.3.2/../../../../avr/include/math.h ****   /**
 342:/usr/lib/gcc/avr/4.3.2/../../../../avr/include/math.h ****      \ingroup avr_math
 343:/usr/lib/gcc/avr/4.3.2/../../../../avr/include/math.h **** 
 344:/usr/lib/gcc/avr/4.3.2/../../../../avr/include/math.h ****      The fdim() function returns <em>max(__x - __y, 0)</em>. If \a __x or
 345:/usr/lib/gcc/avr/4.3.2/../../../../avr/include/math.h ****      \a __y or both are NaN, NaN is returned.
 346:/usr/lib/gcc/avr/4.3.2/../../../../avr/include/math.h ****   */
 347:/usr/lib/gcc/avr/4.3.2/../../../../avr/include/math.h **** extern double fdim (double __x, double __y) __ATTR_CONST__;
 348:/usr/lib/gcc/avr/4.3.2/../../../../avr/include/math.h **** 
 349:/usr/lib/gcc/avr/4.3.2/../../../../avr/include/math.h ****   /**
 350:/usr/lib/gcc/avr/4.3.2/../../../../avr/include/math.h ****      \ingroup avr_math
 351:/usr/lib/gcc/avr/4.3.2/../../../../avr/include/math.h **** 
 352:/usr/lib/gcc/avr/4.3.2/../../../../avr/include/math.h ****      The fma() function performs floating-point multiply-add. This is the
 353:/usr/lib/gcc/avr/4.3.2/../../../../avr/include/math.h ****      operation <em>(__x * __y) + __z</em>, but the intermediate result is
 354:/usr/lib/gcc/avr/4.3.2/../../../../avr/include/math.h ****      not rounded to the destination type.  This can sometimes improve the
 355:/usr/lib/gcc/avr/4.3.2/../../../../avr/include/math.h ****      precision of a calculation.
 356:/usr/lib/gcc/avr/4.3.2/../../../../avr/include/math.h ****   */
 357:/usr/lib/gcc/avr/4.3.2/../../../../avr/include/math.h **** extern double fma (double __x, double __y, double __z) __ATTR_CONST__;
 358:/usr/lib/gcc/avr/4.3.2/../../../../avr/include/math.h **** 
 359:/usr/lib/gcc/avr/4.3.2/../../../../avr/include/math.h ****   /**
 360:/usr/lib/gcc/avr/4.3.2/../../../../avr/include/math.h ****      \ingroup avr_math
 361:/usr/lib/gcc/avr/4.3.2/../../../../avr/include/math.h **** 
 362:/usr/lib/gcc/avr/4.3.2/../../../../avr/include/math.h ****      The fmax() function returns the greater of the two values \a __x and
 363:/usr/lib/gcc/avr/4.3.2/../../../../avr/include/math.h ****      \a __y. If an argument is NaN, the other argument is returned. If
 364:/usr/lib/gcc/avr/4.3.2/../../../../avr/include/math.h ****      both arguments are NaN, NaN is returned.
 365:/usr/lib/gcc/avr/4.3.2/../../../../avr/include/math.h ****   */
 366:/usr/lib/gcc/avr/4.3.2/../../../../avr/include/math.h **** extern double fmax (double __x, double __y) __ATTR_CONST__;
 367:/usr/lib/gcc/avr/4.3.2/../../../../avr/include/math.h **** 
 368:/usr/lib/gcc/avr/4.3.2/../../../../avr/include/math.h ****   /**
 369:/usr/lib/gcc/avr/4.3.2/../../../../avr/include/math.h ****      \ingroup avr_math
 370:/usr/lib/gcc/avr/4.3.2/../../../../avr/include/math.h **** 
 371:/usr/lib/gcc/avr/4.3.2/../../../../avr/include/math.h ****      The fmin() function returns the lesser of the two values \a __x and
 372:/usr/lib/gcc/avr/4.3.2/../../../../avr/include/math.h ****      \a __y. If an argument is NaN, the other argument is returned. If
 373:/usr/lib/gcc/avr/4.3.2/../../../../avr/include/math.h ****      both arguments are NaN, NaN is returned.
 374:/usr/lib/gcc/avr/4.3.2/../../../../avr/include/math.h ****   */
 375:/usr/lib/gcc/avr/4.3.2/../../../../avr/include/math.h **** extern double fmin (double __x, double __y) __ATTR_CONST__;
 376:/usr/lib/gcc/avr/4.3.2/../../../../avr/include/math.h **** 
 377:/usr/lib/gcc/avr/4.3.2/../../../../avr/include/math.h ****   /**
 378:/usr/lib/gcc/avr/4.3.2/../../../../avr/include/math.h ****      \ingroup avr_math
 379:/usr/lib/gcc/avr/4.3.2/../../../../avr/include/math.h **** 
 380:/usr/lib/gcc/avr/4.3.2/../../../../avr/include/math.h ****      The signbit() function returns a nonzero value if the value of \a __x
 381:/usr/lib/gcc/avr/4.3.2/../../../../avr/include/math.h ****      has its sign bit set.  This is not the same as `\a __x < 0.0',
 382:/usr/lib/gcc/avr/4.3.2/../../../../avr/include/math.h ****      because IEEE 754 floating point allows zero to be signed. The
 383:/usr/lib/gcc/avr/4.3.2/../../../../avr/include/math.h ****      comparison `-0.0 < 0.0' is false, but `signbit (-0.0)' will return a
 384:/usr/lib/gcc/avr/4.3.2/../../../../avr/include/math.h ****      nonzero value.
 385:/usr/lib/gcc/avr/4.3.2/../../../../avr/include/math.h ****      
 386:/usr/lib/gcc/avr/4.3.2/../../../../avr/include/math.h ****      \note
 387:/usr/lib/gcc/avr/4.3.2/../../../../avr/include/math.h ****      This implementation returns 1 if sign bit is set.
 388:/usr/lib/gcc/avr/4.3.2/../../../../avr/include/math.h ****   */
 389:/usr/lib/gcc/avr/4.3.2/../../../../avr/include/math.h **** extern int signbit (double __x) __ATTR_CONST__;
 390:/usr/lib/gcc/avr/4.3.2/../../../../avr/include/math.h **** 
 391:/usr/lib/gcc/avr/4.3.2/../../../../avr/include/math.h ****   /**
 392:/usr/lib/gcc/avr/4.3.2/../../../../avr/include/math.h ****      \ingroup avr_math
 393:/usr/lib/gcc/avr/4.3.2/../../../../avr/include/math.h **** 
 394:/usr/lib/gcc/avr/4.3.2/../../../../avr/include/math.h ****      The trunc() function rounds \a __x to the nearest integer not larger
 395:/usr/lib/gcc/avr/4.3.2/../../../../avr/include/math.h ****      in absolute value.
 396:/usr/lib/gcc/avr/4.3.2/../../../../avr/include/math.h ****   */
 397:/usr/lib/gcc/avr/4.3.2/../../../../avr/include/math.h **** extern double trunc (double __x) __ATTR_CONST__;
 398:/usr/lib/gcc/avr/4.3.2/../../../../avr/include/math.h **** 
 399:/usr/lib/gcc/avr/4.3.2/../../../../avr/include/math.h ****   /**
 400:/usr/lib/gcc/avr/4.3.2/../../../../avr/include/math.h ****      \ingroup avr_math
 401:/usr/lib/gcc/avr/4.3.2/../../../../avr/include/math.h **** 
 402:/usr/lib/gcc/avr/4.3.2/../../../../avr/include/math.h ****      The isfinite() function returns a nonzero value if \a __x is finite:
 403:/usr/lib/gcc/avr/4.3.2/../../../../avr/include/math.h ****      not plus or minus infinity, and not NaN.
 404:/usr/lib/gcc/avr/4.3.2/../../../../avr/include/math.h ****   */
 405:/usr/lib/gcc/avr/4.3.2/../../../../avr/include/math.h **** __ATTR_CONST__ extern inline int isfinite (double __x)
 406:/usr/lib/gcc/avr/4.3.2/../../../../avr/include/math.h **** {
 133               	.LM3:
 134               	.LFBB2:
 135               	/* prologue: function */
 136               	/* frame size = 0 */
 407:/usr/lib/gcc/avr/4.3.2/../../../../avr/include/math.h ****     unsigned char __exp;
 408:/usr/lib/gcc/avr/4.3.2/../../../../avr/include/math.h ****     __asm__ (
 138               	.LM4:
 139               	/* #APP */
 140               	 ;  408 "/usr/lib/gcc/avr/4.3.2/../../../../avr/include/math.h" 1
 141 0006 682F      		mov	r22, r24		
 142 0008 660F      		lsl	r22		
 143 000a 692F      		mov	r22, r25		
 144 000c 661F      		rol	r22		
 145               	 ;  0 "" 2
 146               	/* #NOAPP */
 147 000e 20E0      		ldi r18,lo8(0)
 148 0010 30E0      		ldi r19,hi8(0)
 149 0012 6F3F      		cpi r22,lo8(-1)
 150 0014 01F0      		breq .L4
 151 0016 21E0      		ldi r18,lo8(1)
 152 0018 30E0      		ldi r19,hi8(1)
 153               	.L4:
 409:/usr/lib/gcc/avr/4.3.2/../../../../avr/include/math.h **** 	"mov	%0, %C1		\n\t"
 410:/usr/lib/gcc/avr/4.3.2/../../../../avr/include/math.h **** 	"lsl	%0		\n\t"
 411:/usr/lib/gcc/avr/4.3.2/../../../../avr/include/math.h **** 	"mov	%0, %D1		\n\t"
 412:/usr/lib/gcc/avr/4.3.2/../../../../avr/include/math.h **** 	"rol	%0		"
 413:/usr/lib/gcc/avr/4.3.2/../../../../avr/include/math.h **** 	: "=r" (__exp)
 414:/usr/lib/gcc/avr/4.3.2/../../../../avr/include/math.h **** 	: "r" (__x)	);
 415:/usr/lib/gcc/avr/4.3.2/../../../../avr/include/math.h ****     return __exp != 0xff;
 416:/usr/lib/gcc/avr/4.3.2/../../../../avr/include/math.h **** }
 155               	.LM5:
 156 001a C901      		movw r24,r18
 157               	/* epilogue start */
 158 001c 0895      		ret
 163               	.Lscope2:
 167               	.global	max
 169               	max:
 171               	.Ltext2:
   1:adc.c         **** /*
   2:adc.c         **** Controls and Provides access to the Analog to Digital Converter (ADC) subsystem of the avr
   3:adc.c         **** */
   4:adc.c         **** 
   5:adc.c         **** #include "defines.h"
   6:adc.c         **** #include "adc.h"
   7:adc.c         **** #include <avr/interrupt.h>
   8:adc.c         **** #include <avr/io.h>
   9:adc.c         **** #include <avr/sleep.h>
  10:adc.c         **** #include <avr/power.h>
  11:adc.c         **** #include <stdio.h>
  12:adc.c         **** #include <math.h>
  13:adc.c         **** #include <util/delay_basic.h>
  14:adc.c         **** #include <avr/pgmspace.h>
  15:adc.c         **** #include <string.h>
  16:adc.c         **** 
  17:adc.c         **** uint8_t max(uint16_t val[],uint8_t sz) {
 173               	.LM6:
 174               	.LFBB3:
 175               	/* prologue: function */
 176               	/* frame size = 0 */
 177 001e 862F      		mov r24,r22
 178               	/* epilogue start */
  18:adc.c         **** 	uint8_t tmpi=sz,tmpv=0;
  19:adc.c         **** 	for(uint8_t c=0;c<sz;++c)
  20:adc.c         **** 		if (val[c]<tmpv) {
  21:adc.c         **** 			tmpi=c;
  22:adc.c         **** 			tmpv=val[c];
  23:adc.c         **** 		}
  24:adc.c         **** 	return tmpi;
  25:adc.c         **** }
 180               	.LM7:
 181 0020 0895      		ret
 183               	.Lscope3:
 186               	.global	adc_get_val
 188               	adc_get_val:
  26:adc.c         **** 
  27:adc.c         **** void print_adc_values() {
  28:adc.c         **** 	fprintf_P(stderr,PSTR("\n[debug]   RAW ADC: "));
  29:adc.c         **** 	for (uint8_t chan=0;chan<channel_amt;chan++) 
  30:adc.c         **** 		fprintf(stderr," [ %d : %d ] ", chan, adc_val[chan]);
  31:adc.c         **** 	
  32:adc.c         **** 	fprintf_P(stderr,PSTR("\n[debug] FIXED ADC: "));
  33:adc.c         **** 	for (uint8_t chan=0;chan<channel_amt;chan++) 
  34:adc.c         **** 		fprintf(stderr," [ %d : %d ] ", chan, adc_get_val(chan));
  35:adc.c         **** }
  36:adc.c         **** 
  37:adc.c         **** void print_adc_calibration() {
  38:adc.c         **** 	fprintf_P(stderr,PSTR("\n[debug] ADC OFFSETS: "));
  39:adc.c         **** 	for (uint8_t chan=0;chan<channel_amt;chan++) 
  40:adc.c         **** 		fprintf(stderr," [ %d : %d ] ", chan, adc_offset[chan]);
  41:adc.c         **** }
  42:adc.c         **** 
  43:adc.c         **** 
  44:adc.c         **** uint16_t adc_get_val(uint8_t ch) {
 190               	.LM8:
 191               	.LFBB4:
 192               	/* prologue: function */
 193               	/* frame size = 0 */
  45:adc.c         **** 	return adc_val[ch]+adc_offset[ch];
 195               	.LM9:
 196 0022 E82F      		mov r30,r24
 197 0024 F0E0      		ldi r31,lo8(0)
 198 0026 EE0F      		lsl r30
 199 0028 FF1F      		rol r31
 200 002a DF01      		movw r26,r30
 201 002c A050      		subi r26,lo8(-(adc_val))
 202 002e B040      		sbci r27,hi8(-(adc_val))
 203 0030 8D91      		ld r24,X+
 204 0032 9C91      		ld r25,X
 205 0034 E050      		subi r30,lo8(-(adc_offset))
 206 0036 F040      		sbci r31,hi8(-(adc_offset))
 207 0038 2081      		ld r18,Z
 208 003a 3181      		ldd r19,Z+1
 209 003c 280F      		add r18,r24
 210 003e 391F      		adc r19,r25
  46:adc.c         **** }
 212               	.LM10:
 213 0040 C901      		movw r24,r18
 214               	/* epilogue start */
 215 0042 0895      		ret
 217               	.Lscope4:
 220               	.global	adc_set_channel
 222               	adc_set_channel:
  47:adc.c         **** 
  48:adc.c         **** static uint8_t num_calibrations;
  49:adc.c         **** void adc_calibrate_update() {
  50:adc.c         **** 	int16_t offsets[channel_amt];
  51:adc.c         **** 	uint16_t adc_val_cpy[channel_amt];
  52:adc.c         **** 	memcpy(adc_val_cpy,adc_val,sizeof(adc_val));
  53:adc.c         **** 	
  54:adc.c         **** 	
  55:adc.c         **** 	uint8_t i=0,val=0;
  56:adc.c         **** 	for(uint8_t c=0;c<channel_amt;++c) {
  57:adc.c         **** 		if(val>adc_val_cpy[c]) {
  58:adc.c         **** 			i=c;
  59:adc.c         **** 			val=adc_val_cpy[c];
  60:adc.c         **** 		}
  61:adc.c         **** 	}
  62:adc.c         **** 	
  63:adc.c         **** 	for(uint8_t c=0;c<channel_amt;++c) {
  64:adc.c         **** 		offsets[c]=adc_val_cpy[i]-adc_val_cpy[c];
  65:adc.c         **** 	}
  66:adc.c         **** 		
  67:adc.c         **** 	if (num_calibrations==0)
  68:adc.c         **** 		memcpy(adc_offset,offsets,sizeof(adc_offset));
  69:adc.c         **** 	else
  70:adc.c         **** 		for(uint8_t c=0;c<channel_amt;++c) {
  71:adc.c         **** 			adc_offset[c]=(adc_offset[c] * num_calibrations + offsets[c])/(num_calibrations+1);
  72:adc.c         **** 		}
  73:adc.c         **** 			
  74:adc.c         **** 	++num_calibrations;
  75:adc.c         **** }
  76:adc.c         **** 
  77:adc.c         **** void adc_calibrate_store() {
  78:adc.c         **** 	fprintf_P(stderr,PSTR("\n[debug] Warning: unimplimented function adc_calibrate_store called"));
  79:adc.c         **** }
  80:adc.c         **** 
  81:adc.c         **** void adc_calibrate_clear() {
  82:adc.c         **** 	//for(uint8_t j= 0;j<channel_amt;++j)
  83:adc.c         **** 	//	adc_offset[j]=0;
  84:adc.c         **** 	memset(adc_offset,0,sizeof(adc_offset));
  85:adc.c         **** 	num_calibrations = 0;
  86:adc.c         **** }
  87:adc.c         **** 
  88:adc.c         **** void adc_init() {
  89:adc.c         **** 	#if DEBUG_L(1)
  90:adc.c         **** 	fprintf_P(stderr,PSTR("\nadc: init"));
  91:adc.c         **** 	#endif
  92:adc.c         **** 	power_adc_enable();
  93:adc.c         **** 
  94:adc.c         **** 	//Set Voltage to AVCC with external capacitor at AREF pin
  95:adc.c         **** 	ADMUX|= (uint8_t)(1<<REFS0);
  96:adc.c         **** 	ADMUX&=(uint8_t)~(1<<REFS1);
  97:adc.c         **** 	//ADMUX&=~(1<<ADLAR); // Default disabled
  98:adc.c         **** 	
  99:adc.c         **** 	// Enable ADC, Inturupt, Trigger mode and set prescaler
 100:adc.c         **** 	//ADCSRA=(((1<<ADEN)|(1<<ADIE)|(1<<ADATE))&0b11111000)|(ADC_PRESCALE);
 101:adc.c         **** 	ADCSRA|= (uint8_t)(1<<ADEN)|(1<<ADIE)|(1<<ADATE);
 102:adc.c         **** 	ADCSRA = (uint8_t)(ADCSRA & 0b11111000)|((uint8_t)ADC_PRESCALE);
 103:adc.c         **** 	
 104:adc.c         **** 	// Enable Free Running Mode 
 105:adc.c         **** 	ADCSRB|= (1<<7); //reserved bit.
 106:adc.c         **** 	ADCSRB&= (uint8_t)~(0b111); //(ADTS2:0)=0
 107:adc.c         **** 	
 108:adc.c         **** 	// Disable Digital reads from analog pins
 109:adc.c         **** 	DIDR0 |= (uint8_t)((1<<ADC4D)|(1<<ADC5D)|(1<<ADC6D)|(1<<ADC7D));
 110:adc.c         **** 	
 111:adc.c         **** 	set_sleep_mode(SLEEP_MODE_ADC);
 112:adc.c         **** 	#if DEBUG_L(3)
 113:adc.c         **** 	fprintf_P(stderr,PSTR("\nadc: init: setup convertions"));
 114:adc.c         **** 	#endif
 115:adc.c         **** 	adc_set_channel(curr_ch);
 116:adc.c         **** 	//Start the convertions
 117:adc.c         **** 	ADCSRA|= (1<<ADSC);
 118:adc.c         **** 
 119:adc.c         **** 	// Wait one adc clock cycle and change the channel, done by interupt later.
 120:adc.c         **** 	_delay_loop_2(ADC_CYCLE_DELAY);
 121:adc.c         **** 	adc_set_channel(++curr_ch);
 122:adc.c         **** 	
 123:adc.c         **** 	// Wait for one set of convertions to complete.
 124:adc.c         **** 	//_delay_loop_2(ADC_CYCLE_DELAY*26);
 125:adc.c         **** 	#if DEBUG_L(1)
 126:adc.c         **** 	fprintf_P(stderr,PSTR("\t[done]"));
 127:adc.c         **** 	#endif
 128:adc.c         **** }
 129:adc.c         **** 
 130:adc.c         **** void adc_set_channel(uint8_t channel) {
 224               	.LM11:
 225               	.LFBB5:
 226               	/* prologue: function */
 227               	/* frame size = 0 */
 131:adc.c         **** 	//Prescale reset on each "trigger event"s
 132:adc.c         **** 	//From Data Sheet: (Switching to Free Running mode (ADTS[2:0]=0) will)
 133:adc.c         **** 	//(not cause a trigger event, even if the ADC Interrupt Flag is set.)
 134:adc.c         **** 	ADMUX  = (uint8_t)((uint8_t)(ADMUX &0b11100000)|channels[channel]);
 229               	.LM12:
 230 0044 ACE7      		ldi r26,lo8(124)
 231 0046 B0E0      		ldi r27,hi8(124)
 232 0048 9C91      		ld r25,X
 233 004a E0E0      		ldi r30,lo8(channels)
 234 004c F0E0      		ldi r31,hi8(channels)
 235 004e E80F      		add r30,r24
 236 0050 F11D      		adc r31,__zero_reg__
 237 0052 907E      		andi r25,lo8(-32)
 238 0054 8081      		ld r24,Z
 239 0056 982B      		or r25,r24
 240 0058 9C93      		st X,r25
 241               	/* epilogue start */
 135:adc.c         **** 	//print_adc_values();
 136:adc.c         **** 	//printf("V - chan %X\n",channel);
 137:adc.c         **** }
 243               	.LM13:
 244 005a 0895      		ret
 246               	.Lscope5:
 248               	.global	__vector_19
 250               	__vector_19:
 138:adc.c         **** 
 139:adc.c         **** //ADC Interupt handler
 140:adc.c         **** ISR(ADC_vect) {
 252               	.LM14:
 253               	.LFBB6:
 254 005c 1F92      		push __zero_reg__
 255 005e 0F92      		push r0
 256 0060 0FB6      		in r0,__SREG__
 257 0062 0F92      		push r0
 258 0064 1124      		clr __zero_reg__
 259 0066 2F93      		push r18
 260 0068 3F93      		push r19
 261 006a 4F93      		push r20
 262 006c 8F93      		push r24
 263 006e 9F93      		push r25
 264 0070 AF93      		push r26
 265 0072 BF93      		push r27
 266 0074 EF93      		push r30
 267 0076 FF93      		push r31
 268               	/* prologue: Signal */
 269               	/* frame size = 0 */
 141:adc.c         **** 	// New conversion has already started.
 142:adc.c         **** 	uint16_t adc_value;
 143:adc.c         **** 	adc_value  =  ADCL;  
 271               	.LM15:
 272 0078 4091 7800 		lds r20,120
 144:adc.c         **** 	adc_value += (ADCH<<8);
 274               	.LM16:
 275 007c 3091 7900 		lds r19,121
 145:adc.c         **** 	uint8_t real_channel;
 146:adc.c         **** 	static uint8_t ct;
 147:adc.c         **** 	++ct;
 277               	.LM17:
 278 0080 2091 0000 		lds r18,ct.1897
 279 0084 2F5F      		subi r18,lo8(-(1))
 280 0086 2093 0000 		sts ct.1897,r18
 148:adc.c         **** 
 149:adc.c         **** 	// the curr_ch now has the chan of the on going conversion, we need the last one
 150:adc.c         **** 	if (curr_ch==0)	real_channel = channel_amt-1; //curr_ch==0 
 282               	.LM18:
 283 008a 8091 0000 		lds r24,curr_ch
 284 008e 8823      		tst r24
 285 0090 01F4      		brne .L13
 286 0092 E3E0      		ldi r30,lo8(3)
 287 0094 00C0      		rjmp .L14
 288               	.L13:
 151:adc.c         **** 	else		real_channel = curr_ch-1;
 290               	.LM19:
 291 0096 E091 0000 		lds r30,curr_ch
 292 009a E150      		subi r30,lo8(-(-1))
 293               	.L14:
 152:adc.c         **** 
 153:adc.c         **** 	adc_val[real_channel] = adc_value;
 295               	.LM20:
 296 009c F0E0      		ldi r31,lo8(0)
 298               	.LM21:
 299 009e 932F      		mov r25,r19
 300 00a0 80E0      		ldi r24,lo8(0)
 301 00a2 840F      		add r24,r20
 302 00a4 911D      		adc r25,__zero_reg__
 304               	.LM22:
 305 00a6 EE0F      		lsl r30
 306 00a8 FF1F      		rol r31
 307 00aa DF01      		movw r26,r30
 308 00ac A050      		subi r26,lo8(-(adc_val))
 309 00ae B040      		sbci r27,hi8(-(adc_val))
 310 00b0 1196      		adiw r26,1
 311 00b2 9C93      		st X,r25
 312 00b4 8E93      		st -X,r24
 154:adc.c         **** 	++adc_amt[real_channel];
 314               	.LM23:
 315 00b6 E050      		subi r30,lo8(-(adc_amt))
 316 00b8 F040      		sbci r31,hi8(-(adc_amt))
 317 00ba 8081      		ld r24,Z
 318 00bc 9181      		ldd r25,Z+1
 319 00be 0196      		adiw r24,1
 320 00c0 9183      		std Z+1,r25
 321 00c2 8083      		st Z,r24
 155:adc.c         **** 
 156:adc.c         **** 	// Change the channel for the conversion after the one currently processing.
 157:adc.c         **** 	if (++curr_ch >= channel_amt)	curr_ch = 0;
 323               	.LM24:
 324 00c4 8091 0000 		lds r24,curr_ch
 325 00c8 8F5F      		subi r24,lo8(-(1))
 326 00ca 8093 0000 		sts curr_ch,r24
 327 00ce 8091 0000 		lds r24,curr_ch
 328 00d2 8430      		cpi r24,lo8(4)
 329 00d4 00F0      		brlo .L15
 330 00d6 1092 0000 		sts curr_ch,__zero_reg__
 331               	.L15:
 158:adc.c         **** 	
 159:adc.c         **** 	adc_set_channel(curr_ch);
 333               	.LM25:
 334 00da E091 0000 		lds r30,curr_ch
 335               	.LBB18:
 336               	.LBB19:
 338               	.LM26:
 339 00de 8091 7C00 		lds r24,124
 340 00e2 F0E0      		ldi r31,lo8(0)
 341 00e4 E050      		subi r30,lo8(-(channels))
 342 00e6 F040      		sbci r31,hi8(-(channels))
 343 00e8 807E      		andi r24,lo8(-32)
 344 00ea 9081      		ld r25,Z
 345 00ec 892B      		or r24,r25
 346 00ee 8093 7C00 		sts 124,r24
 347               	.LBE19:
 348               	.LBE18:
 160:adc.c         **** 	
 161:adc.c         **** 	//printf("adc_value: %d",adc_value);
 162:adc.c         **** 	
 163:adc.c         **** 	//TODO: modify for running average (Ave= (Ave*(ct-1)+New)/ct)
 164:adc.c         **** 	//INFO: Vin[V]=(ADCH·256+ADCL)·Vref[V]/1024
 165:adc.c         **** 	
 166:adc.c         **** 	if (!(ct%channel_amt)) {
 350               	.LM27:
 351 00f2 822F      		mov r24,r18
 352 00f4 90E0      		ldi r25,lo8(0)
 353 00f6 8370      		andi r24,lo8(3)
 354 00f8 9070      		andi r25,hi8(3)
 355 00fa 892B      		or r24,r25
 356 00fc 01F4      		brne .L17
 167:adc.c         **** 		adc_data_new=true;//all values have been recalculated, update motors.
 358               	.LM28:
 359 00fe 81E0      		ldi r24,lo8(1)
 360 0100 8093 0000 		sts adc_data_new,r24
 361               	.L17:
 362               	/* epilogue start */
 168:adc.c         **** 	}
 169:adc.c         **** }
 364               	.LM29:
 365 0104 FF91      		pop r31
 366 0106 EF91      		pop r30
 367 0108 BF91      		pop r27
 368 010a AF91      		pop r26
 369 010c 9F91      		pop r25
 370 010e 8F91      		pop r24
 371 0110 4F91      		pop r20
 372 0112 3F91      		pop r19
 373 0114 2F91      		pop r18
 374 0116 0F90      		pop r0
 375 0118 0FBE      		out __SREG__,r0
 376 011a 0F90      		pop r0
 377 011c 1F90      		pop __zero_reg__
 378 011e 1895      		reti
 384               	.Lscope6:
 386               	.global	adc_init
 388               	adc_init:
 390               	.LM30:
 391               	.LFBB7:
 392               	/* prologue: function */
 393               	/* frame size = 0 */
 395               	.LM31:
 396 0120 00D0      		rcall .
 397 0122 00D0      		rcall .
 398 0124 8091 0000 		lds r24,__iob+4
 399 0128 9091 0000 		lds r25,(__iob+4)+1
 400 012c EDB7      		in r30,__SP_L__
 401 012e FEB7      		in r31,__SP_H__
 402 0130 9283      		std Z+2,r25
 403 0132 8183      		std Z+1,r24
 404 0134 80E0      		ldi r24,lo8(__c.1837)
 405 0136 90E0      		ldi r25,hi8(__c.1837)
 406 0138 9483      		std Z+4,r25
 407 013a 8383      		std Z+3,r24
 408 013c 0E94 0000 		call fprintf_P
 410               	.LM32:
 411 0140 E4E6      		ldi r30,lo8(100)
 412 0142 F0E0      		ldi r31,hi8(100)
 413 0144 8081      		ld r24,Z
 414 0146 8E7F      		andi r24,lo8(-2)
 415 0148 8083      		st Z,r24
 417               	.LM33:
 418 014a 2CE7      		ldi r18,lo8(124)
 419 014c 30E0      		ldi r19,hi8(124)
 420 014e F901      		movw r30,r18
 421 0150 8081      		ld r24,Z
 422 0152 8064      		ori r24,lo8(64)
 423 0154 8083      		st Z,r24
 425               	.LM34:
 426 0156 8081      		ld r24,Z
 427 0158 8F77      		andi r24,lo8(127)
 428 015a 8083      		st Z,r24
 430               	.LM35:
 431 015c 4AE7      		ldi r20,lo8(122)
 432 015e 50E0      		ldi r21,hi8(122)
 433 0160 FA01      		movw r30,r20
 434 0162 8081      		ld r24,Z
 435 0164 886A      		ori r24,lo8(-88)
 436 0166 8083      		st Z,r24
 438               	.LM36:
 439 0168 8081      		ld r24,Z
 440 016a 887F      		andi r24,lo8(-8)
 441 016c 8660      		ori r24,lo8(6)
 442 016e 8083      		st Z,r24
 444               	.LM37:
 445 0170 EBE7      		ldi r30,lo8(123)
 446 0172 F0E0      		ldi r31,hi8(123)
 447 0174 8081      		ld r24,Z
 448 0176 8068      		ori r24,lo8(-128)
 449 0178 8083      		st Z,r24
 451               	.LM38:
 452 017a 8081      		ld r24,Z
 453 017c 887F      		andi r24,lo8(-8)
 454 017e 8083      		st Z,r24
 456               	.LM39:
 457 0180 EEE7      		ldi r30,lo8(126)
 458 0182 F0E0      		ldi r31,hi8(126)
 459 0184 8081      		ld r24,Z
 460 0186 806F      		ori r24,lo8(-16)
 461 0188 8083      		st Z,r24
 463               	.LM40:
 464 018a 83B7      		in r24,83-0x20
 465 018c 817F      		andi r24,lo8(-15)
 466 018e 8260      		ori r24,lo8(2)
 467 0190 83BF      		out 83-0x20,r24
 469               	.LM41:
 470 0192 9091 0000 		lds r25,curr_ch
 471               	.LBB20:
 472               	.LBB21:
 474               	.LM42:
 475 0196 F901      		movw r30,r18
 476 0198 8081      		ld r24,Z
 477 019a A0E0      		ldi r26,lo8(channels)
 478 019c B0E0      		ldi r27,hi8(channels)
 479 019e FD01      		movw r30,r26
 480 01a0 E90F      		add r30,r25
 481 01a2 F11D      		adc r31,__zero_reg__
 482 01a4 807E      		andi r24,lo8(-32)
 483 01a6 9081      		ld r25,Z
 484 01a8 892B      		or r24,r25
 485 01aa F901      		movw r30,r18
 486 01ac 8083      		st Z,r24
 487               	.LBE21:
 488               	.LBE20:
 490               	.LM43:
 491 01ae FA01      		movw r30,r20
 492 01b0 8081      		ld r24,Z
 493 01b2 8064      		ori r24,lo8(64)
 494 01b4 8083      		st Z,r24
 495               	.LBB22:
 496               	.LBB23:
 498               	.Ltext3:
   1:/usr/lib/gcc/avr/4.3.2/../../../../avr/include/util/delay_basic.h **** /* Copyright (c) 2002, Marek Michalkiewicz
   2:/usr/lib/gcc/avr/4.3.2/../../../../avr/include/util/delay_basic.h ****    Copyright (c) 2007 Joerg Wunsch
   3:/usr/lib/gcc/avr/4.3.2/../../../../avr/include/util/delay_basic.h ****    All rights reserved.
   4:/usr/lib/gcc/avr/4.3.2/../../../../avr/include/util/delay_basic.h **** 
   5:/usr/lib/gcc/avr/4.3.2/../../../../avr/include/util/delay_basic.h ****    Redistribution and use in source and binary forms, with or without
   6:/usr/lib/gcc/avr/4.3.2/../../../../avr/include/util/delay_basic.h ****    modification, are permitted provided that the following conditions are met:
   7:/usr/lib/gcc/avr/4.3.2/../../../../avr/include/util/delay_basic.h **** 
   8:/usr/lib/gcc/avr/4.3.2/../../../../avr/include/util/delay_basic.h ****    * Redistributions of source code must retain the above copyright
   9:/usr/lib/gcc/avr/4.3.2/../../../../avr/include/util/delay_basic.h ****      notice, this list of conditions and the following disclaimer.
  10:/usr/lib/gcc/avr/4.3.2/../../../../avr/include/util/delay_basic.h **** 
  11:/usr/lib/gcc/avr/4.3.2/../../../../avr/include/util/delay_basic.h ****    * Redistributions in binary form must reproduce the above copyright
  12:/usr/lib/gcc/avr/4.3.2/../../../../avr/include/util/delay_basic.h ****      notice, this list of conditions and the following disclaimer in
  13:/usr/lib/gcc/avr/4.3.2/../../../../avr/include/util/delay_basic.h ****      the documentation and/or other materials provided with the
  14:/usr/lib/gcc/avr/4.3.2/../../../../avr/include/util/delay_basic.h ****      distribution.
  15:/usr/lib/gcc/avr/4.3.2/../../../../avr/include/util/delay_basic.h **** 
  16:/usr/lib/gcc/avr/4.3.2/../../../../avr/include/util/delay_basic.h ****    * Neither the name of the copyright holders nor the names of
  17:/usr/lib/gcc/avr/4.3.2/../../../../avr/include/util/delay_basic.h ****      contributors may be used to endorse or promote products derived
  18:/usr/lib/gcc/avr/4.3.2/../../../../avr/include/util/delay_basic.h ****      from this software without specific prior written permission.
  19:/usr/lib/gcc/avr/4.3.2/../../../../avr/include/util/delay_basic.h **** 
  20:/usr/lib/gcc/avr/4.3.2/../../../../avr/include/util/delay_basic.h ****   THIS SOFTWARE IS PROVIDED BY THE COPYRIGHT HOLDERS AND CONTRIBUTORS "AS IS"
  21:/usr/lib/gcc/avr/4.3.2/../../../../avr/include/util/delay_basic.h ****   AND ANY EXPRESS OR IMPLIED WARRANTIES, INCLUDING, BUT NOT LIMITED TO, THE
  22:/usr/lib/gcc/avr/4.3.2/../../../../avr/include/util/delay_basic.h ****   IMPLIED WARRANTIES OF MERCHANTABILITY AND FITNESS FOR A PARTICULAR PURPOSE
  23:/usr/lib/gcc/avr/4.3.2/../../../../avr/include/util/delay_basic.h ****   ARE DISCLAIMED. IN NO EVENT SHALL THE COPYRIGHT OWNER OR CONTRIBUTORS BE
  24:/usr/lib/gcc/avr/4.3.2/../../../../avr/include/util/delay_basic.h ****   LIABLE FOR ANY DIRECT, INDIRECT, INCIDENTAL, SPECIAL, EXEMPLARY, OR
  25:/usr/lib/gcc/avr/4.3.2/../../../../avr/include/util/delay_basic.h ****   CONSEQUENTIAL DAMAGES (INCLUDING, BUT NOT LIMITED TO, PROCUREMENT OF
  26:/usr/lib/gcc/avr/4.3.2/../../../../avr/include/util/delay_basic.h ****   SUBSTITUTE GOODS OR SERVICES; LOSS OF USE, DATA, OR PROFITS; OR BUSINESS
  27:/usr/lib/gcc/avr/4.3.2/../../../../avr/include/util/delay_basic.h ****   INTERRUPTION) HOWEVER CAUSED AND ON ANY THEORY OF LIABILITY, WHETHER IN
  28:/usr/lib/gcc/avr/4.3.2/../../../../avr/include/util/delay_basic.h ****   CONTRACT, STRICT LIABILITY, OR TORT (INCLUDING NEGLIGENCE OR OTHERWISE)
  29:/usr/lib/gcc/avr/4.3.2/../../../../avr/include/util/delay_basic.h ****   ARISING IN ANY WAY OUT OF THE USE OF THIS SOFTWARE, EVEN IF ADVISED OF THE
  30:/usr/lib/gcc/avr/4.3.2/../../../../avr/include/util/delay_basic.h ****   POSSIBILITY OF SUCH DAMAGE. */
  31:/usr/lib/gcc/avr/4.3.2/../../../../avr/include/util/delay_basic.h **** 
  32:/usr/lib/gcc/avr/4.3.2/../../../../avr/include/util/delay_basic.h **** /* $Id: delay_basic.h,v 1.1 2007/05/13 21:23:20 joerg_wunsch Exp $ */
  33:/usr/lib/gcc/avr/4.3.2/../../../../avr/include/util/delay_basic.h **** 
  34:/usr/lib/gcc/avr/4.3.2/../../../../avr/include/util/delay_basic.h **** #ifndef _UTIL_DELAY_BASIC_H_
  35:/usr/lib/gcc/avr/4.3.2/../../../../avr/include/util/delay_basic.h **** #define _UTIL_DELAY_BASIC_H_ 1
  36:/usr/lib/gcc/avr/4.3.2/../../../../avr/include/util/delay_basic.h **** 
  37:/usr/lib/gcc/avr/4.3.2/../../../../avr/include/util/delay_basic.h **** #include <inttypes.h>
  38:/usr/lib/gcc/avr/4.3.2/../../../../avr/include/util/delay_basic.h **** 
  39:/usr/lib/gcc/avr/4.3.2/../../../../avr/include/util/delay_basic.h **** /** \file */
  40:/usr/lib/gcc/avr/4.3.2/../../../../avr/include/util/delay_basic.h **** /** \defgroup util_delay_basic <util/delay_basic.h>: Basic busy-wait delay loops
  41:/usr/lib/gcc/avr/4.3.2/../../../../avr/include/util/delay_basic.h ****     \code
  42:/usr/lib/gcc/avr/4.3.2/../../../../avr/include/util/delay_basic.h ****     #include <util/delay_basic.h>
  43:/usr/lib/gcc/avr/4.3.2/../../../../avr/include/util/delay_basic.h ****     \endcode
  44:/usr/lib/gcc/avr/4.3.2/../../../../avr/include/util/delay_basic.h **** 
  45:/usr/lib/gcc/avr/4.3.2/../../../../avr/include/util/delay_basic.h ****     The functions in this header file implement simple delay loops
  46:/usr/lib/gcc/avr/4.3.2/../../../../avr/include/util/delay_basic.h ****     that perform a busy-waiting.  They are typically used to
  47:/usr/lib/gcc/avr/4.3.2/../../../../avr/include/util/delay_basic.h ****     facilitate short delays in the program execution.  They are
  48:/usr/lib/gcc/avr/4.3.2/../../../../avr/include/util/delay_basic.h ****     implemented as count-down loops with a well-known CPU cycle
  49:/usr/lib/gcc/avr/4.3.2/../../../../avr/include/util/delay_basic.h ****     count per loop iteration.  As such, no other processing can
  50:/usr/lib/gcc/avr/4.3.2/../../../../avr/include/util/delay_basic.h ****     occur simultaneously.  It should be kept in mind that the
  51:/usr/lib/gcc/avr/4.3.2/../../../../avr/include/util/delay_basic.h ****     functions described here do not disable interrupts.
  52:/usr/lib/gcc/avr/4.3.2/../../../../avr/include/util/delay_basic.h **** 
  53:/usr/lib/gcc/avr/4.3.2/../../../../avr/include/util/delay_basic.h ****     In general, for long delays, the use of hardware timers is
  54:/usr/lib/gcc/avr/4.3.2/../../../../avr/include/util/delay_basic.h ****     much preferrable, as they free the CPU, and allow for
  55:/usr/lib/gcc/avr/4.3.2/../../../../avr/include/util/delay_basic.h ****     concurrent processing of other events while the timer is
  56:/usr/lib/gcc/avr/4.3.2/../../../../avr/include/util/delay_basic.h ****     running.  However, in particular for very short delays, the
  57:/usr/lib/gcc/avr/4.3.2/../../../../avr/include/util/delay_basic.h ****     overhead of setting up a hardware timer is too much compared
  58:/usr/lib/gcc/avr/4.3.2/../../../../avr/include/util/delay_basic.h ****     to the overall delay time.
  59:/usr/lib/gcc/avr/4.3.2/../../../../avr/include/util/delay_basic.h **** 
  60:/usr/lib/gcc/avr/4.3.2/../../../../avr/include/util/delay_basic.h ****     Two inline functions are provided for the actual delay algorithms.
  61:/usr/lib/gcc/avr/4.3.2/../../../../avr/include/util/delay_basic.h **** 
  62:/usr/lib/gcc/avr/4.3.2/../../../../avr/include/util/delay_basic.h **** */
  63:/usr/lib/gcc/avr/4.3.2/../../../../avr/include/util/delay_basic.h **** 
  64:/usr/lib/gcc/avr/4.3.2/../../../../avr/include/util/delay_basic.h **** #if !defined(__DOXYGEN__)
  65:/usr/lib/gcc/avr/4.3.2/../../../../avr/include/util/delay_basic.h **** static inline void _delay_loop_1(uint8_t __count) __attribute__((always_inline));
  66:/usr/lib/gcc/avr/4.3.2/../../../../avr/include/util/delay_basic.h **** static inline void _delay_loop_2(uint16_t __count) __attribute__((always_inline));
  67:/usr/lib/gcc/avr/4.3.2/../../../../avr/include/util/delay_basic.h **** #endif
  68:/usr/lib/gcc/avr/4.3.2/../../../../avr/include/util/delay_basic.h **** 
  69:/usr/lib/gcc/avr/4.3.2/../../../../avr/include/util/delay_basic.h **** /** \ingroup util_delay_basic
  70:/usr/lib/gcc/avr/4.3.2/../../../../avr/include/util/delay_basic.h **** 
  71:/usr/lib/gcc/avr/4.3.2/../../../../avr/include/util/delay_basic.h ****     Delay loop using an 8-bit counter \c __count, so up to 256
  72:/usr/lib/gcc/avr/4.3.2/../../../../avr/include/util/delay_basic.h ****     iterations are possible.  (The value 256 would have to be passed
  73:/usr/lib/gcc/avr/4.3.2/../../../../avr/include/util/delay_basic.h ****     as 0.)  The loop executes three CPU cycles per iteration, not
  74:/usr/lib/gcc/avr/4.3.2/../../../../avr/include/util/delay_basic.h ****     including the overhead the compiler needs to setup the counter
  75:/usr/lib/gcc/avr/4.3.2/../../../../avr/include/util/delay_basic.h ****     register.
  76:/usr/lib/gcc/avr/4.3.2/../../../../avr/include/util/delay_basic.h **** 
  77:/usr/lib/gcc/avr/4.3.2/../../../../avr/include/util/delay_basic.h ****     Thus, at a CPU speed of 1 MHz, delays of up to 768 microseconds
  78:/usr/lib/gcc/avr/4.3.2/../../../../avr/include/util/delay_basic.h ****     can be achieved.
  79:/usr/lib/gcc/avr/4.3.2/../../../../avr/include/util/delay_basic.h **** */
  80:/usr/lib/gcc/avr/4.3.2/../../../../avr/include/util/delay_basic.h **** void
  81:/usr/lib/gcc/avr/4.3.2/../../../../avr/include/util/delay_basic.h **** _delay_loop_1(uint8_t __count)
  82:/usr/lib/gcc/avr/4.3.2/../../../../avr/include/util/delay_basic.h **** {
  83:/usr/lib/gcc/avr/4.3.2/../../../../avr/include/util/delay_basic.h **** 	__asm__ volatile (
  84:/usr/lib/gcc/avr/4.3.2/../../../../avr/include/util/delay_basic.h **** 		"1: dec %0" "\n\t"
  85:/usr/lib/gcc/avr/4.3.2/../../../../avr/include/util/delay_basic.h **** 		"brne 1b"
  86:/usr/lib/gcc/avr/4.3.2/../../../../avr/include/util/delay_basic.h **** 		: "=r" (__count)
  87:/usr/lib/gcc/avr/4.3.2/../../../../avr/include/util/delay_basic.h **** 		: "0" (__count)
  88:/usr/lib/gcc/avr/4.3.2/../../../../avr/include/util/delay_basic.h **** 	);
  89:/usr/lib/gcc/avr/4.3.2/../../../../avr/include/util/delay_basic.h **** }
  90:/usr/lib/gcc/avr/4.3.2/../../../../avr/include/util/delay_basic.h **** 
  91:/usr/lib/gcc/avr/4.3.2/../../../../avr/include/util/delay_basic.h **** /** \ingroup util_delay_basic
  92:/usr/lib/gcc/avr/4.3.2/../../../../avr/include/util/delay_basic.h **** 
  93:/usr/lib/gcc/avr/4.3.2/../../../../avr/include/util/delay_basic.h ****     Delay loop using a 16-bit counter \c __count, so up to 65536
  94:/usr/lib/gcc/avr/4.3.2/../../../../avr/include/util/delay_basic.h ****     iterations are possible.  (The value 65536 would have to be
  95:/usr/lib/gcc/avr/4.3.2/../../../../avr/include/util/delay_basic.h ****     passed as 0.)  The loop executes four CPU cycles per iteration,
  96:/usr/lib/gcc/avr/4.3.2/../../../../avr/include/util/delay_basic.h ****     not including the overhead the compiler requires to setup the
  97:/usr/lib/gcc/avr/4.3.2/../../../../avr/include/util/delay_basic.h ****     counter register pair.
  98:/usr/lib/gcc/avr/4.3.2/../../../../avr/include/util/delay_basic.h **** 
  99:/usr/lib/gcc/avr/4.3.2/../../../../avr/include/util/delay_basic.h ****     Thus, at a CPU speed of 1 MHz, delays of up to about 262.1
 100:/usr/lib/gcc/avr/4.3.2/../../../../avr/include/util/delay_basic.h ****     milliseconds can be achieved.
 101:/usr/lib/gcc/avr/4.3.2/../../../../avr/include/util/delay_basic.h ****  */
 102:/usr/lib/gcc/avr/4.3.2/../../../../avr/include/util/delay_basic.h **** void
 103:/usr/lib/gcc/avr/4.3.2/../../../../avr/include/util/delay_basic.h **** _delay_loop_2(uint16_t __count)
 104:/usr/lib/gcc/avr/4.3.2/../../../../avr/include/util/delay_basic.h **** {
 105:/usr/lib/gcc/avr/4.3.2/../../../../avr/include/util/delay_basic.h **** 	__asm__ volatile (
 500               	.LM44:
 501 01b6 80E0      		ldi r24,lo8(0)
 502 01b8 90E0      		ldi r25,hi8(0)
 503               	/* #APP */
 504               	 ;  105 "/usr/lib/gcc/avr/4.3.2/../../../../avr/include/util/delay_basic.h" 1
 505 01ba 0197      		1: sbiw r24,1
 506 01bc 01F4      		brne 1b
 507               	 ;  0 "" 2
 508               	/* #NOAPP */
 509               	.LBE23:
 510               	.LBE22:
 512               	.Ltext4:
 514               	.LM45:
 515 01be 8091 0000 		lds r24,curr_ch
 516 01c2 8F5F      		subi r24,lo8(-(1))
 517 01c4 8093 0000 		sts curr_ch,r24
 518 01c8 9091 0000 		lds r25,curr_ch
 519               	.LBB24:
 520               	.LBB25:
 522               	.LM46:
 523 01cc F901      		movw r30,r18
 524 01ce 8081      		ld r24,Z
 525 01d0 A90F      		add r26,r25
 526 01d2 B11D      		adc r27,__zero_reg__
 527 01d4 807E      		andi r24,lo8(-32)
 528 01d6 9C91      		ld r25,X
 529 01d8 892B      		or r24,r25
 530 01da 8083      		st Z,r24
 531               	.LBE25:
 532               	.LBE24:
 534               	.LM47:
 535 01dc 8091 0000 		lds r24,__iob+4
 536 01e0 9091 0000 		lds r25,(__iob+4)+1
 537 01e4 EDB7      		in r30,__SP_L__
 538 01e6 FEB7      		in r31,__SP_H__
 539 01e8 9283      		std Z+2,r25
 540 01ea 8183      		std Z+1,r24
 541 01ec 80E0      		ldi r24,lo8(__c.1839)
 542 01ee 90E0      		ldi r25,hi8(__c.1839)
 543 01f0 9483      		std Z+4,r25
 544 01f2 8383      		std Z+3,r24
 545 01f4 0E94 0000 		call fprintf_P
 546 01f8 0F90      		pop __tmp_reg__
 547 01fa 0F90      		pop __tmp_reg__
 548 01fc 0F90      		pop __tmp_reg__
 549 01fe 0F90      		pop __tmp_reg__
 550               	/* epilogue start */
 552               	.LM48:
 553 0200 0895      		ret
 558               	.Lscope7:
 560               	.global	adc_calibrate_store
 562               	adc_calibrate_store:
 564               	.LM49:
 565               	.LFBB8:
 566               	/* prologue: function */
 567               	/* frame size = 0 */
 569               	.LM50:
 570 0202 00D0      		rcall .
 571 0204 00D0      		rcall .
 572 0206 8091 0000 		lds r24,__iob+4
 573 020a 9091 0000 		lds r25,(__iob+4)+1
 574 020e EDB7      		in r30,__SP_L__
 575 0210 FEB7      		in r31,__SP_H__
 576 0212 9283      		std Z+2,r25
 577 0214 8183      		std Z+1,r24
 578 0216 80E0      		ldi r24,lo8(__c.1830)
 579 0218 90E0      		ldi r25,hi8(__c.1830)
 580 021a 9483      		std Z+4,r25
 581 021c 8383      		std Z+3,r24
 582 021e 0E94 0000 		call fprintf_P
 583 0222 0F90      		pop __tmp_reg__
 584 0224 0F90      		pop __tmp_reg__
 585 0226 0F90      		pop __tmp_reg__
 586 0228 0F90      		pop __tmp_reg__
 587               	/* epilogue start */
 589               	.LM51:
 590 022a 0895      		ret
 592               	.Lscope8:
 594               	.global	adc_calibrate_clear
 596               	adc_calibrate_clear:
 598               	.LM52:
 599               	.LFBB9:
 600               	/* prologue: function */
 601               	/* frame size = 0 */
 603               	.LM53:
 604 022c 20E0      		ldi r18,lo8(adc_offset)
 605 022e 30E0      		ldi r19,hi8(adc_offset)
 606 0230 C901      		movw r24,r18
 607 0232 60E0      		ldi r22,lo8(0)
 608 0234 70E0      		ldi r23,hi8(0)
 609 0236 48E0      		ldi r20,lo8(8)
 610 0238 50E0      		ldi r21,hi8(8)
 611 023a 0E94 0000 		call memset
 613               	.LM54:
 614 023e 1092 0000 		sts num_calibrations,__zero_reg__
 615               	/* epilogue start */
 617               	.LM55:
 618 0242 0895      		ret
 620               	.Lscope9:
 622               	.global	adc_calibrate_update
 624               	adc_calibrate_update:
 626               	.LM56:
 627               	.LFBB10:
 628 0244 AF92      		push r10
 629 0246 BF92      		push r11
 630 0248 CF92      		push r12
 631 024a DF92      		push r13
 632 024c EF92      		push r14
 633 024e FF92      		push r15
 634 0250 0F93      		push r16
 635 0252 1F93      		push r17
 636 0254 DF93      		push r29
 637 0256 CF93      		push r28
 638 0258 CDB7      		in r28,__SP_L__
 639 025a DEB7      		in r29,__SP_H__
 640 025c 6097      		sbiw r28,16
 641 025e 0FB6      		in __tmp_reg__,__SREG__
 642 0260 F894      		cli
 643 0262 DEBF      		out __SP_H__,r29
 644 0264 0FBE      		out __SREG__,__tmp_reg__
 645 0266 CDBF      		out __SP_L__,r28
 646               	/* prologue: function */
 647               	/* frame size = 16 */
 649               	.LM57:
 650 0268 DE01      		movw r26,r28
 651 026a 1996      		adiw r26,9
 652 026c E0E0      		ldi r30,lo8(adc_val)
 653 026e F0E0      		ldi r31,hi8(adc_val)
 654 0270 88E0      		ldi r24,lo8(8)
 655               	.L25:
 656 0272 0190      		ld r0,Z+
 657 0274 0D92      		st X+,r0
 658 0276 8150      		subi r24,lo8(-(-1))
 659 0278 01F4      		brne .L25
 660               	.LBB26:
 662               	.LM58:
 663 027a 4985      		ldd r20,Y+9
 664 027c 5A85      		ldd r21,Y+10
 665 027e 20E0      		ldi r18,lo8(0)
 666 0280 30E0      		ldi r19,hi8(0)
 667 0282 8E01      		movw r16,r28
 668 0284 0F5F      		subi r16,lo8(-(1))
 669 0286 1F4F      		sbci r17,hi8(-(1))
 670 0288 BE01      		movw r22,r28
 671 028a 675F      		subi r22,lo8(-(9))
 672 028c 7F4F      		sbci r23,hi8(-(9))
 673               	.L26:
 674 028e D801      		movw r26,r16
 675 0290 A20F      		add r26,r18
 676 0292 B31F      		adc r27,r19
 677 0294 FB01      		movw r30,r22
 678 0296 E20F      		add r30,r18
 679 0298 F31F      		adc r31,r19
 680 029a 8081      		ld r24,Z
 681 029c 9181      		ldd r25,Z+1
 682 029e FA01      		movw r30,r20
 683 02a0 E81B      		sub r30,r24
 684 02a2 F90B      		sbc r31,r25
 685 02a4 ED93      		st X+,r30
 686 02a6 FC93      		st X,r31
 687 02a8 2E5F      		subi r18,lo8(-(2))
 688 02aa 3F4F      		sbci r19,hi8(-(2))
 690               	.LM59:
 691 02ac 2830      		cpi r18,8
 692 02ae 3105      		cpc r19,__zero_reg__
 693 02b0 01F4      		brne .L26
 694               	.LBE26:
 696               	.LM60:
 697 02b2 2091 0000 		lds r18,num_calibrations
 698 02b6 CE01      		movw r24,r28
 699 02b8 0196      		adiw r24,1
 700 02ba 2223      		tst r18
 701 02bc 01F4      		brne .L27
 703               	.LM61:
 704 02be A0E0      		ldi r26,lo8(adc_offset)
 705 02c0 B0E0      		ldi r27,hi8(adc_offset)
 706 02c2 FC01      		movw r30,r24
 707 02c4 88E0      		ldi r24,lo8(8)
 708               	.L28:
 709 02c6 0190      		ld r0,Z+
 710 02c8 0D92      		st X+,r0
 711 02ca 8150      		subi r24,lo8(-(-1))
 712 02cc 01F4      		brne .L28
 713 02ce 00C0      		rjmp .L29
 714               	.L27:
 715 02d0 6C01      		movw r12,r24
 716 02d2 00E0      		ldi r16,lo8(0)
 717 02d4 10E0      		ldi r17,hi8(0)
 718               	.LBB27:
 720               	.LM62:
 721 02d6 E22E      		mov r14,r18
 722 02d8 FF24      		clr r15
 723 02da 5701      		movw r10,r14
 724 02dc 0894      		sec
 725 02de A11C      		adc r10,__zero_reg__
 726 02e0 B11C      		adc r11,__zero_reg__
 727               	.L30:
 728 02e2 F801      		movw r30,r16
 729 02e4 EE0F      		lsl r30
 730 02e6 FF1F      		rol r31
 731 02e8 E050      		subi r30,lo8(-(adc_offset))
 732 02ea F040      		sbci r31,hi8(-(adc_offset))
 733 02ec 8081      		ld r24,Z
 734 02ee 9181      		ldd r25,Z+1
 735 02f0 9C01      		movw r18,r24
 736 02f2 2E9D      		mul r18,r14
 737 02f4 C001      		movw r24,r0
 738 02f6 2F9D      		mul r18,r15
 739 02f8 900D      		add r25,r0
 740 02fa 3E9D      		mul r19,r14
 741 02fc 900D      		add r25,r0
 742 02fe 1124      		clr r1
 743 0300 D601      		movw r26,r12
 744 0302 2D91      		ld r18,X+
 745 0304 3D91      		ld r19,X+
 746 0306 6D01      		movw r12,r26
 747 0308 820F      		add r24,r18
 748 030a 931F      		adc r25,r19
 749 030c B501      		movw r22,r10
 750 030e 0E94 0000 		call __divmodhi4
 751 0312 7183      		std Z+1,r23
 752 0314 6083      		st Z,r22
 753 0316 0F5F      		subi r16,lo8(-(1))
 754 0318 1F4F      		sbci r17,hi8(-(1))
 756               	.LM63:
 757 031a 0430      		cpi r16,4
 758 031c 1105      		cpc r17,__zero_reg__
 759 031e 01F4      		brne .L30
 760               	.L29:
 761               	.LBE27:
 763               	.LM64:
 764 0320 8091 0000 		lds r24,num_calibrations
 765 0324 8F5F      		subi r24,lo8(-(1))
 766 0326 8093 0000 		sts num_calibrations,r24
 767               	/* epilogue start */
 769               	.LM65:
 770 032a 6096      		adiw r28,16
 771 032c 0FB6      		in __tmp_reg__,__SREG__
 772 032e F894      		cli
 773 0330 DEBF      		out __SP_H__,r29
 774 0332 0FBE      		out __SREG__,__tmp_reg__
 775 0334 CDBF      		out __SP_L__,r28
 776 0336 CF91      		pop r28
 777 0338 DF91      		pop r29
 778 033a 1F91      		pop r17
 779 033c 0F91      		pop r16
 780 033e FF90      		pop r15
 781 0340 EF90      		pop r14
 782 0342 DF90      		pop r13
 783 0344 CF90      		pop r12
 784 0346 BF90      		pop r11
 785 0348 AF90      		pop r10
 786 034a 0895      		ret
 792               	.Lscope10:
 793               		.data
 794               	.LC0:
 795 0000 205B 2025 		.string	" [ %d : %d ] "
 795      6420 3A20 
 795      2564 205D 
 795      2000 
 796               		.text
 798               	.global	print_adc_calibration
 800               	print_adc_calibration:
 802               	.LM66:
 803               	.LFBB11:
 804 034c 0F93      		push r16
 805 034e 1F93      		push r17
 806 0350 CF93      		push r28
 807 0352 DF93      		push r29
 808               	/* prologue: function */
 809               	/* frame size = 0 */
 811               	.LM67:
 812 0354 00D0      		rcall .
 813 0356 00D0      		rcall .
 814 0358 8091 0000 		lds r24,__iob+4
 815 035c 9091 0000 		lds r25,(__iob+4)+1
 816 0360 CDB7      		in r28,__SP_L__
 817 0362 DEB7      		in r29,__SP_H__
 818 0364 9A83      		std Y+2,r25
 819 0366 8983      		std Y+1,r24
 820 0368 80E0      		ldi r24,lo8(__c.1773)
 821 036a 90E0      		ldi r25,hi8(__c.1773)
 822 036c 9C83      		std Y+4,r25
 823 036e 8B83      		std Y+3,r24
 824 0370 0E94 0000 		call fprintf_P
 825               	.LBB28:
 827               	.LM68:
 828 0374 2091 0000 		lds r18,adc_offset
 829 0378 3091 0000 		lds r19,(adc_offset)+1
 830 037c 00D0      		rcall .
 831 037e 00D0      		rcall .
 832 0380 EDB7      		in r30,__SP_L__
 833 0382 FEB7      		in r31,__SP_H__
 834 0384 3196      		adiw r30,1
 835 0386 8091 0000 		lds r24,__iob+4
 836 038a 9091 0000 		lds r25,(__iob+4)+1
 837 038e CDB7      		in r28,__SP_L__
 838 0390 DEB7      		in r29,__SP_H__
 839 0392 9A83      		std Y+2,r25
 840 0394 8983      		std Y+1,r24
 841 0396 00E0      		ldi r16,lo8(.LC0)
 842 0398 10E0      		ldi r17,hi8(.LC0)
 843 039a 1383      		std Z+3,r17
 844 039c 0283      		std Z+2,r16
 845 039e 1582      		std Z+5,__zero_reg__
 846 03a0 1482      		std Z+4,__zero_reg__
 847 03a2 3783      		std Z+7,r19
 848 03a4 2683      		std Z+6,r18
 849 03a6 0E94 0000 		call fprintf
 850 03aa 2091 0000 		lds r18,adc_offset+2
 851 03ae 3091 0000 		lds r19,(adc_offset+2)+1
 852 03b2 EDB7      		in r30,__SP_L__
 853 03b4 FEB7      		in r31,__SP_H__
 854 03b6 3196      		adiw r30,1
 855 03b8 8091 0000 		lds r24,__iob+4
 856 03bc 9091 0000 		lds r25,(__iob+4)+1
 857 03c0 CDB7      		in r28,__SP_L__
 858 03c2 DEB7      		in r29,__SP_H__
 859 03c4 9A83      		std Y+2,r25
 860 03c6 8983      		std Y+1,r24
 861 03c8 1383      		std Z+3,r17
 862 03ca 0283      		std Z+2,r16
 863 03cc 81E0      		ldi r24,lo8(1)
 864 03ce 90E0      		ldi r25,hi8(1)
 865 03d0 9583      		std Z+5,r25
 866 03d2 8483      		std Z+4,r24
 867 03d4 3783      		std Z+7,r19
 868 03d6 2683      		std Z+6,r18
 869 03d8 0E94 0000 		call fprintf
 870 03dc 2091 0000 		lds r18,adc_offset+4
 871 03e0 3091 0000 		lds r19,(adc_offset+4)+1
 872 03e4 EDB7      		in r30,__SP_L__
 873 03e6 FEB7      		in r31,__SP_H__
 874 03e8 3196      		adiw r30,1
 875 03ea 8091 0000 		lds r24,__iob+4
 876 03ee 9091 0000 		lds r25,(__iob+4)+1
 877 03f2 CDB7      		in r28,__SP_L__
 878 03f4 DEB7      		in r29,__SP_H__
 879 03f6 9A83      		std Y+2,r25
 880 03f8 8983      		std Y+1,r24
 881 03fa 1383      		std Z+3,r17
 882 03fc 0283      		std Z+2,r16
 883 03fe 82E0      		ldi r24,lo8(2)
 884 0400 90E0      		ldi r25,hi8(2)
 885 0402 9583      		std Z+5,r25
 886 0404 8483      		std Z+4,r24
 887 0406 3783      		std Z+7,r19
 888 0408 2683      		std Z+6,r18
 889 040a 0E94 0000 		call fprintf
 890 040e 2091 0000 		lds r18,adc_offset+6
 891 0412 3091 0000 		lds r19,(adc_offset+6)+1
 892 0416 EDB7      		in r30,__SP_L__
 893 0418 FEB7      		in r31,__SP_H__
 894 041a 3196      		adiw r30,1
 895 041c 8091 0000 		lds r24,__iob+4
 896 0420 9091 0000 		lds r25,(__iob+4)+1
 897 0424 CDB7      		in r28,__SP_L__
 898 0426 DEB7      		in r29,__SP_H__
 899 0428 9A83      		std Y+2,r25
 900 042a 8983      		std Y+1,r24
 901 042c 1383      		std Z+3,r17
 902 042e 0283      		std Z+2,r16
 903 0430 83E0      		ldi r24,lo8(3)
 904 0432 90E0      		ldi r25,hi8(3)
 905 0434 9583      		std Z+5,r25
 906 0436 8483      		std Z+4,r24
 907 0438 3783      		std Z+7,r19
 908 043a 2683      		std Z+6,r18
 909 043c 0E94 0000 		call fprintf
 910 0440 EDB7      		in r30,__SP_L__
 911 0442 FEB7      		in r31,__SP_H__
 912 0444 3896      		adiw r30,8
 913 0446 0FB6      		in __tmp_reg__,__SREG__
 914 0448 F894      		cli
 915 044a FEBF      		out __SP_H__,r31
 916 044c 0FBE      		out __SREG__,__tmp_reg__
 917 044e EDBF      		out __SP_L__,r30
 918               	/* epilogue start */
 919               	.LBE28:
 921               	.LM69:
 922 0450 DF91      		pop r29
 923 0452 CF91      		pop r28
 924 0454 1F91      		pop r17
 925 0456 0F91      		pop r16
 926 0458 0895      		ret
 928               	.Lscope11:
 930               	.global	print_adc_values
 932               	print_adc_values:
 934               	.LM70:
 935               	.LFBB12:
 936 045a FF92      		push r15
 937 045c 0F93      		push r16
 938 045e 1F93      		push r17
 939 0460 CF93      		push r28
 940 0462 DF93      		push r29
 941               	/* prologue: function */
 942               	/* frame size = 0 */
 944               	.LM71:
 945 0464 00D0      		rcall .
 946 0466 00D0      		rcall .
 947 0468 8091 0000 		lds r24,__iob+4
 948 046c 9091 0000 		lds r25,(__iob+4)+1
 949 0470 CDB7      		in r28,__SP_L__
 950 0472 DEB7      		in r29,__SP_H__
 951 0474 9A83      		std Y+2,r25
 952 0476 8983      		std Y+1,r24
 953 0478 80E0      		ldi r24,lo8(__c.1754)
 954 047a 90E0      		ldi r25,hi8(__c.1754)
 955 047c 9C83      		std Y+4,r25
 956 047e 8B83      		std Y+3,r24
 957 0480 0E94 0000 		call fprintf_P
 958               	.LBB29:
 960               	.LM72:
 961 0484 2091 0000 		lds r18,adc_val
 962 0488 3091 0000 		lds r19,(adc_val)+1
 963 048c 00D0      		rcall .
 964 048e 00D0      		rcall .
 965 0490 EDB7      		in r30,__SP_L__
 966 0492 FEB7      		in r31,__SP_H__
 967 0494 3196      		adiw r30,1
 968 0496 8091 0000 		lds r24,__iob+4
 969 049a 9091 0000 		lds r25,(__iob+4)+1
 970 049e CDB7      		in r28,__SP_L__
 971 04a0 DEB7      		in r29,__SP_H__
 972 04a2 9A83      		std Y+2,r25
 973 04a4 8983      		std Y+1,r24
 974 04a6 00E0      		ldi r16,lo8(.LC0)
 975 04a8 10E0      		ldi r17,hi8(.LC0)
 976 04aa 1383      		std Z+3,r17
 977 04ac 0283      		std Z+2,r16
 978 04ae 1582      		std Z+5,__zero_reg__
 979 04b0 1482      		std Z+4,__zero_reg__
 980 04b2 3783      		std Z+7,r19
 981 04b4 2683      		std Z+6,r18
 982 04b6 0E94 0000 		call fprintf
 983 04ba 2091 0000 		lds r18,adc_val+2
 984 04be 3091 0000 		lds r19,(adc_val+2)+1
 985 04c2 EDB7      		in r30,__SP_L__
 986 04c4 FEB7      		in r31,__SP_H__
 987 04c6 3196      		adiw r30,1
 988 04c8 8091 0000 		lds r24,__iob+4
 989 04cc 9091 0000 		lds r25,(__iob+4)+1
 990 04d0 CDB7      		in r28,__SP_L__
 991 04d2 DEB7      		in r29,__SP_H__
 992 04d4 9A83      		std Y+2,r25
 993 04d6 8983      		std Y+1,r24
 994 04d8 1383      		std Z+3,r17
 995 04da 0283      		std Z+2,r16
 996 04dc 81E0      		ldi r24,lo8(1)
 997 04de 90E0      		ldi r25,hi8(1)
 998 04e0 9583      		std Z+5,r25
 999 04e2 8483      		std Z+4,r24
 1000 04e4 3783      		std Z+7,r19
 1001 04e6 2683      		std Z+6,r18
 1002 04e8 0E94 0000 		call fprintf
 1003 04ec 2091 0000 		lds r18,adc_val+4
 1004 04f0 3091 0000 		lds r19,(adc_val+4)+1
 1005 04f4 EDB7      		in r30,__SP_L__
 1006 04f6 FEB7      		in r31,__SP_H__
 1007 04f8 3196      		adiw r30,1
 1008 04fa 8091 0000 		lds r24,__iob+4
 1009 04fe 9091 0000 		lds r25,(__iob+4)+1
 1010 0502 CDB7      		in r28,__SP_L__
 1011 0504 DEB7      		in r29,__SP_H__
 1012 0506 9A83      		std Y+2,r25
 1013 0508 8983      		std Y+1,r24
 1014 050a 1383      		std Z+3,r17
 1015 050c 0283      		std Z+2,r16
 1016 050e 82E0      		ldi r24,lo8(2)
 1017 0510 90E0      		ldi r25,hi8(2)
 1018 0512 9583      		std Z+5,r25
 1019 0514 8483      		std Z+4,r24
 1020 0516 3783      		std Z+7,r19
 1021 0518 2683      		std Z+6,r18
 1022 051a 0E94 0000 		call fprintf
 1023 051e 2091 0000 		lds r18,adc_val+6
 1024 0522 3091 0000 		lds r19,(adc_val+6)+1
 1025 0526 EDB7      		in r30,__SP_L__
 1026 0528 FEB7      		in r31,__SP_H__
 1027 052a 3196      		adiw r30,1
 1028 052c 8091 0000 		lds r24,__iob+4
 1029 0530 9091 0000 		lds r25,(__iob+4)+1
 1030 0534 CDB7      		in r28,__SP_L__
 1031 0536 DEB7      		in r29,__SP_H__
 1032 0538 9A83      		std Y+2,r25
 1033 053a 8983      		std Y+1,r24
 1034 053c 1383      		std Z+3,r17
 1035 053e 0283      		std Z+2,r16
 1036 0540 83E0      		ldi r24,lo8(3)
 1037 0542 90E0      		ldi r25,hi8(3)
 1038 0544 9583      		std Z+5,r25
 1039 0546 8483      		std Z+4,r24
 1040 0548 3783      		std Z+7,r19
 1041 054a 2683      		std Z+6,r18
 1042 054c 0E94 0000 		call fprintf
 1043               	.LBE29:
 1045               	.LM73:
 1046 0550 0F90      		pop __tmp_reg__
 1047 0552 0F90      		pop __tmp_reg__
 1048 0554 0F90      		pop __tmp_reg__
 1049 0556 0F90      		pop __tmp_reg__
 1050 0558 8091 0000 		lds r24,__iob+4
 1051 055c 9091 0000 		lds r25,(__iob+4)+1
 1052 0560 EDB7      		in r30,__SP_L__
 1053 0562 FEB7      		in r31,__SP_H__
 1054 0564 9283      		std Z+2,r25
 1055 0566 8183      		std Z+1,r24
 1056 0568 80E0      		ldi r24,lo8(__c.1760)
 1057 056a 90E0      		ldi r25,hi8(__c.1760)
 1058 056c 9483      		std Z+4,r25
 1059 056e 8383      		std Z+3,r24
 1060 0570 0E94 0000 		call fprintf_P
 1061 0574 C0E0      		ldi r28,lo8(0)
 1062 0576 D0E0      		ldi r29,hi8(0)
 1063 0578 0F90      		pop __tmp_reg__
 1064 057a 0F90      		pop __tmp_reg__
 1065 057c 0F90      		pop __tmp_reg__
 1066 057e 0F90      		pop __tmp_reg__
 1067               	.LBB30:
 1069               	.LM74:
 1070 0580 F02E      		mov r15,r16
 1071 0582 012F      		mov r16,r17
 1072               	.L39:
 1073               	.LBB31:
 1074               	.LBB32:
 1076               	.LM75:
 1077 0584 FE01      		movw r30,r28
 1078 0586 EE0F      		lsl r30
 1079 0588 FF1F      		rol r31
 1080 058a DF01      		movw r26,r30
 1081 058c A050      		subi r26,lo8(-(adc_val))
 1082 058e B040      		sbci r27,hi8(-(adc_val))
 1083 0590 4D91      		ld r20,X+
 1084 0592 5C91      		ld r21,X
 1085 0594 E050      		subi r30,lo8(-(adc_offset))
 1086 0596 F040      		sbci r31,hi8(-(adc_offset))
 1087 0598 2081      		ld r18,Z
 1088 059a 3181      		ldd r19,Z+1
 1089               	.LBE32:
 1090               	.LBE31:
 1092               	.LM76:
 1093 059c 8DB7      		in r24,__SP_L__
 1094 059e 9EB7      		in r25,__SP_H__
 1095 05a0 0897      		sbiw r24,8
 1096 05a2 0FB6      		in __tmp_reg__,__SREG__
 1097 05a4 F894      		cli
 1098 05a6 9EBF      		out __SP_H__,r25
 1099 05a8 0FBE      		out __SREG__,__tmp_reg__
 1100 05aa 8DBF      		out __SP_L__,r24
 1101 05ac ADB7      		in r26,__SP_L__
 1102 05ae BEB7      		in r27,__SP_H__
 1103 05b0 1196      		adiw r26,1
 1104 05b2 8091 0000 		lds r24,__iob+4
 1105 05b6 9091 0000 		lds r25,(__iob+4)+1
 1106 05ba EDB7      		in r30,__SP_L__
 1107 05bc FEB7      		in r31,__SP_H__
 1108 05be 9283      		std Z+2,r25
 1109 05c0 8183      		std Z+1,r24
 1110 05c2 FD01      		movw r30,r26
 1111 05c4 F282      		std Z+2,r15
 1112 05c6 0383      		std Z+3,r16
 1113 05c8 D583      		std Z+5,r29
 1114 05ca C483      		std Z+4,r28
 1115 05cc 240F      		add r18,r20
 1116 05ce 351F      		adc r19,r21
 1117 05d0 3783      		std Z+7,r19
 1118 05d2 2683      		std Z+6,r18
 1119 05d4 0E94 0000 		call fprintf
 1120 05d8 2196      		adiw r28,1
 1122               	.LM77:
 1123 05da 8DB7      		in r24,__SP_L__
 1124 05dc 9EB7      		in r25,__SP_H__
 1125 05de 0896      		adiw r24,8
 1126 05e0 0FB6      		in __tmp_reg__,__SREG__
 1127 05e2 F894      		cli
 1128 05e4 9EBF      		out __SP_H__,r25
 1129 05e6 0FBE      		out __SREG__,__tmp_reg__
 1130 05e8 8DBF      		out __SP_L__,r24
 1131 05ea C430      		cpi r28,4
 1132 05ec D105      		cpc r29,__zero_reg__
 1133 05ee 01F4      		brne .L39
 1134               	/* epilogue start */
 1135               	.LBE30:
 1137               	.LM78:
 1138 05f0 DF91      		pop r29
 1139 05f2 CF91      		pop r28
 1140 05f4 1F91      		pop r17
 1141 05f6 0F91      		pop r16
 1142 05f8 FF90      		pop r15
 1143 05fa 0895      		ret
 1145               	.Lscope12:
 1146               		.lcomm ct.1897,1
 1147               		.data
 1150               	channels:
 1151 000e 04        		.byte	4
 1152 000f 06        		.byte	6
 1153 0010 05        		.byte	5
 1154 0011 07        		.byte	7
 1155               		.section	.progmem.data,"a",@progbits
 1158               	__c.1839:
 1159 0000 095B 646F 		.string	"\t[done]"
 1159      6E65 5D00 
 1162               	__c.1837:
 1163 0008 0A61 6463 		.string	"\nadc: init"
 1163      3A20 696E 
 1163      6974 00
 1166               	__c.1830:
 1167 0013 0A5B 64   		.ascii	"\n[d"
 1168 0016 6562 7567 		.string	"ebug] Warning: unimplimented function adc_calibrate_store called"
 1168      5D20 5761 
 1168      726E 696E 
 1168      673A 2075 
 1168      6E69 6D70 
 1171               	__c.1773:
 1172 0057 0A5B 6465 		.string	"\n[debug] ADC OFFSETS: "
 1172      6275 675D 
 1172      2041 4443 
 1172      204F 4646 
 1172      5345 5453 
 1175               	__c.1760:
 1176 006e 0A5B 6465 		.string	"\n[debug] FIXED ADC: "
 1176      6275 675D 
 1176      2046 4958 
 1176      4544 2041 
 1176      4443 3A20 
 1179               	__c.1754:
 1180 0083 0A5B 6465 		.string	"\n[debug]   RAW ADC: "
 1180      6275 675D 
 1180      2020 2052 
 1180      4157 2041 
 1180      4443 3A20 
 1181               		.lcomm num_calibrations,1
 1182               		.comm c_mode,2,1
 1183               		.comm initial,1,1
 1184               		.comm adc_val,8,1
 1185               		.comm adc_offset,8,1
 1186               		.comm adc_amt,8,1
 1187               		.comm curr_ch,1,1
 1188               		.comm adc_data_new,1,1
 1205               		.text
 1207               	.Letext0:
DEFINED SYMBOLS
                            *ABS*:0000000000000000 adc.c
     /tmp/ccVNUv35.s:2      *ABS*:000000000000003f __SREG__
     /tmp/ccVNUv35.s:3      *ABS*:000000000000003e __SP_H__
     /tmp/ccVNUv35.s:4      *ABS*:000000000000003d __SP_L__
     /tmp/ccVNUv35.s:5      *ABS*:0000000000000000 __tmp_reg__
     /tmp/ccVNUv35.s:6      *ABS*:0000000000000001 __zero_reg__
     /tmp/ccVNUv35.s:105    .text:0000000000000000 copysign
     /tmp/ccVNUv35.s:131    .text:0000000000000006 isfinite
     /tmp/ccVNUv35.s:169    .text:000000000000001e max
     /tmp/ccVNUv35.s:188    .text:0000000000000022 adc_get_val
                            *COM*:0000000000000008 adc_val
                            *COM*:0000000000000008 adc_offset
     /tmp/ccVNUv35.s:222    .text:0000000000000044 adc_set_channel
     /tmp/ccVNUv35.s:1150   .data:000000000000000e channels
     /tmp/ccVNUv35.s:250    .text:000000000000005c __vector_19
                             .bss:0000000000000000 ct.1897
                            *COM*:0000000000000001 curr_ch
                            *COM*:0000000000000008 adc_amt
                            *COM*:0000000000000001 adc_data_new
     /tmp/ccVNUv35.s:388    .text:0000000000000120 adc_init
     /tmp/ccVNUv35.s:1162   .progmem.data:0000000000000008 __c.1837
     /tmp/ccVNUv35.s:1158   .progmem.data:0000000000000000 __c.1839
     /tmp/ccVNUv35.s:562    .text:0000000000000202 adc_calibrate_store
     /tmp/ccVNUv35.s:1166   .progmem.data:0000000000000013 __c.1830
     /tmp/ccVNUv35.s:596    .text:000000000000022c adc_calibrate_clear
     /tmp/ccVNUv35.s:1146   .bss:0000000000000001 num_calibrations
     /tmp/ccVNUv35.s:624    .text:0000000000000244 adc_calibrate_update
     /tmp/ccVNUv35.s:800    .text:000000000000034c print_adc_calibration
     /tmp/ccVNUv35.s:1171   .progmem.data:0000000000000057 __c.1773
     /tmp/ccVNUv35.s:932    .text:000000000000045a print_adc_values
     /tmp/ccVNUv35.s:1179   .progmem.data:0000000000000083 __c.1754
     /tmp/ccVNUv35.s:1175   .progmem.data:000000000000006e __c.1760
                            *COM*:0000000000000002 c_mode
                            *COM*:0000000000000001 initial

UNDEFINED SYMBOLS
__do_copy_data
__do_clear_bss
__iob
fprintf_P
memset
__divmodhi4
fprintf
