Archive member included because of file (symbol)

c:/winavr-20080610/bin/../lib/gcc/avr/4.3.0/avr5\libgcc.a(_divmodhi4.o)
                              adc.o (__divmodhi4)
c:/winavr-20080610/bin/../lib/gcc/avr/4.3.0/avr5\libgcc.a(_exit.o)
                              c:/winavr-20080610/bin/../lib/gcc/avr/4.3.0/../../../../avr/lib/avr5/crtm169p.o (exit)
c:/winavr-20080610/bin/../lib/gcc/avr/4.3.0/avr5\libgcc.a(_copy_data.o)
                              main.o (__do_copy_data)
c:/winavr-20080610/bin/../lib/gcc/avr/4.3.0/avr5\libgcc.a(_clear_bss.o)
                              main.o (__do_clear_bss)
c:/winavr-20080610/bin/../lib/gcc/avr/4.3.0/avr5\libgcc.a(_udivmodhi4.o)
                              c:/winavr-20080610/bin/../lib/gcc/avr/4.3.0/avr5\libgcc.a(_divmodhi4.o) (__udivmodhi4)
c:/winavr-20080610/bin/../lib/gcc/avr/4.3.0/../../../../avr/lib/avr5\libc.a(iob.o)
                              usart.o (__iob)
c:/winavr-20080610/bin/../lib/gcc/avr/4.3.0/../../../../avr/lib/avr5\libc.a(printf.o)
                              main.o (printf)
c:/winavr-20080610/bin/../lib/gcc/avr/4.3.0/../../../../avr/lib/avr5\libc.a(printf_p.o)
                              main.o (printf_P)
c:/winavr-20080610/bin/../lib/gcc/avr/4.3.0/../../../../avr/lib/avr5\libc.a(putchar.o)
                              main.o (putchar)
c:/winavr-20080610/bin/../lib/gcc/avr/4.3.0/../../../../avr/lib/avr5\libc.a(vfprintf_std.o)
                              c:/winavr-20080610/bin/../lib/gcc/avr/4.3.0/../../../../avr/lib/avr5\libc.a(printf.o) (vfprintf)
c:/winavr-20080610/bin/../lib/gcc/avr/4.3.0/../../../../avr/lib/avr5\libc.a(strnlen_P.o)
                              c:/winavr-20080610/bin/../lib/gcc/avr/4.3.0/../../../../avr/lib/avr5\libc.a(vfprintf_std.o) (strnlen_P)
c:/winavr-20080610/bin/../lib/gcc/avr/4.3.0/../../../../avr/lib/avr5\libc.a(strnlen.o)
                              c:/winavr-20080610/bin/../lib/gcc/avr/4.3.0/../../../../avr/lib/avr5\libc.a(vfprintf_std.o) (strnlen)
c:/winavr-20080610/bin/../lib/gcc/avr/4.3.0/../../../../avr/lib/avr5\libc.a(fputc.o)
                              c:/winavr-20080610/bin/../lib/gcc/avr/4.3.0/../../../../avr/lib/avr5\libc.a(putchar.o) (fputc)
c:/winavr-20080610/bin/../lib/gcc/avr/4.3.0/../../../../avr/lib/avr5\libc.a(ultoa_invert.o)
                              c:/winavr-20080610/bin/../lib/gcc/avr/4.3.0/../../../../avr/lib/avr5\libc.a(vfprintf_std.o) (__ultoa_invert)
c:/winavr-20080610/bin/../lib/gcc/avr/4.3.0/avr5\libgcc.a(_prologue.o)
                              c:/winavr-20080610/bin/../lib/gcc/avr/4.3.0/../../../../avr/lib/avr5\libc.a(printf.o) (__prologue_saves__)
c:/winavr-20080610/bin/../lib/gcc/avr/4.3.0/avr5\libgcc.a(_epilogue.o)
                              c:/winavr-20080610/bin/../lib/gcc/avr/4.3.0/../../../../avr/lib/avr5\libc.a(printf.o) (__epilogue_restores__)

Allocating common symbols
Common symbol       size              file

adc_val             0x8               main.o
c_mode              0x1               main.o
adc_offset          0x8               main.o
curr_ch             0x1               main.o
adc_amt             0x8               main.o
initial             0x1               main.o
__iob               0x6               c:/winavr-20080610/bin/../lib/gcc/avr/4.3.0/../../../../avr/lib/avr5\libc.a(iob.o)

Memory Configuration

Name             Origin             Length             Attributes
text             0x00000000         0x00020000         xr
data             0x00800060         0x0000ffa0         rw !x
eeprom           0x00810000         0x00010000         rw !x
fuse             0x00820000         0x00000400         rw !x
lock             0x00830000         0x00000400         rw !x
signature        0x00840000         0x00000400         rw !x
*default*        0x00000000         0xffffffff

Linker script and memory map

Address of section .data set to 0x800100
LOAD c:/winavr-20080610/bin/../lib/gcc/avr/4.3.0/../../../../avr/lib/avr5/crtm169p.o
LOAD main.o
LOAD adc.o
LOAD usart.o
LOAD timers.o
LOAD motor.o
LOAD c:/winavr-20080610/bin/../lib/gcc/avr/4.3.0/../../../../avr/lib/avr5\libm.a
LOAD c:/winavr-20080610/bin/../lib/gcc/avr/4.3.0/avr5\libgcc.a
LOAD c:/winavr-20080610/bin/../lib/gcc/avr/4.3.0/../../../../avr/lib/avr5\libc.a
LOAD c:/winavr-20080610/bin/../lib/gcc/avr/4.3.0/avr5\libgcc.a

.hash
 *(.hash)

.dynsym
 *(.dynsym)

.dynstr
 *(.dynstr)

.gnu.version
 *(.gnu.version)

.gnu.version_d
 *(.gnu.version_d)

.gnu.version_r
 *(.gnu.version_r)

.rel.init
 *(.rel.init)

.rela.init
 *(.rela.init)

.rel.text
 *(.rel.text)
 *(.rel.text.*)
 *(.rel.gnu.linkonce.t*)

.rela.text
 *(.rela.text)
 *(.rela.text.*)
 *(.rela.gnu.linkonce.t*)

.rel.fini
 *(.rel.fini)

.rela.fini
 *(.rela.fini)

.rel.rodata
 *(.rel.rodata)
 *(.rel.rodata.*)
 *(.rel.gnu.linkonce.r*)

.rela.rodata
 *(.rela.rodata)
 *(.rela.rodata.*)
 *(.rela.gnu.linkonce.r*)

.rel.data
 *(.rel.data)
 *(.rel.data.*)
 *(.rel.gnu.linkonce.d*)

.rela.data
 *(.rela.data)
 *(.rela.data.*)
 *(.rela.gnu.linkonce.d*)

.rel.ctors
 *(.rel.ctors)

.rela.ctors
 *(.rela.ctors)

.rel.dtors
 *(.rel.dtors)

.rela.dtors
 *(.rela.dtors)

.rel.got
 *(.rel.got)

.rela.got
 *(.rela.got)

.rel.bss
 *(.rel.bss)

.rela.bss
 *(.rela.bss)

.rel.plt
 *(.rel.plt)

.rela.plt
 *(.rela.plt)

.text           0x00000000     0x1a46
 *(.vectors)
 .vectors       0x00000000       0x5c c:/winavr-20080610/bin/../lib/gcc/avr/4.3.0/../../../../avr/lib/avr5/crtm169p.o
                0x00000000                __vectors
 *(.vectors)
 *(.progmem.gcc*)
 *(.progmem*)
 .progmem.data  0x0000005c       0x87 main.o
 .progmem.data  0x000000e3       0xb6 adc.o
 .progmem.data  0x00000199       0x1b usart.o
 .progmem.data  0x000001b4       0x72 timers.o
 .progmem.data  0x00000226       0x8a motor.o
                0x000002b0                . = ALIGN (0x2)
                0x000002b0                __trampolines_start = .
 *(.trampolines)
 .trampolines   0x000002b0        0x0 linker stubs
 *(.trampolines*)
                0x000002b0                __trampolines_end = .
 *(.jumptables)
 *(.jumptables*)
 *(.lowtext)
 *(.lowtext*)
                0x000002b0                __ctors_start = .
 *(.ctors)
                0x000002b0                __ctors_end = .
                0x000002b0                __dtors_start = .
 *(.dtors)
                0x000002b0                __dtors_end = .
 SORT(*)(.ctors)
 SORT(*)(.dtors)
 *(.init0)
 .init0         0x000002b0        0x0 c:/winavr-20080610/bin/../lib/gcc/avr/4.3.0/../../../../avr/lib/avr5/crtm169p.o
                0x000002b0                __init
 *(.init0)
 *(.init1)
 *(.init1)
 *(.init2)
 .init2         0x000002b0        0xc c:/winavr-20080610/bin/../lib/gcc/avr/4.3.0/../../../../avr/lib/avr5/crtm169p.o
 *(.init2)
 *(.init3)
 *(.init3)
 *(.init4)
 .init4         0x000002bc       0x16 c:/winavr-20080610/bin/../lib/gcc/avr/4.3.0/avr5\libgcc.a(_copy_data.o)
                0x000002bc                __do_copy_data
 .init4         0x000002d2       0x10 c:/winavr-20080610/bin/../lib/gcc/avr/4.3.0/avr5\libgcc.a(_clear_bss.o)
                0x000002d2                __do_clear_bss
 *(.init4)
 *(.init5)
 *(.init5)
 *(.init6)
 *(.init6)
 *(.init7)
 *(.init7)
 *(.init8)
 *(.init8)
 *(.init9)
 .init9         0x000002e2        0x8 c:/winavr-20080610/bin/../lib/gcc/avr/4.3.0/../../../../avr/lib/avr5/crtm169p.o
 *(.init9)
 *(.text)
 .text          0x000002ea        0x4 c:/winavr-20080610/bin/../lib/gcc/avr/4.3.0/../../../../avr/lib/avr5/crtm169p.o
                0x000002ea                __vector_22
                0x000002ea                __vector_1
                0x000002ea                __vector_12
                0x000002ea                __bad_interrupt
                0x000002ea                __vector_11
                0x000002ea                __vector_13
                0x000002ea                __vector_17
                0x000002ea                __vector_4
                0x000002ea                __vector_21
                0x000002ea                __vector_15
                0x000002ea                __vector_14
                0x000002ea                __vector_10
                0x000002ea                __vector_16
                0x000002ea                __vector_18
                0x000002ea                __vector_20
 .text          0x000002ee      0x538 main.o
                0x0000073e                __vector_3
                0x000002ee                clock_init
                0x0000032e                __vector_default
                0x00000468                init
                0x00000500                main
                0x00000382                __vector_2
                0x000007d0                print_bin
                0x00000304                joy_init
 .text          0x00000826      0x490 adc.o
                0x00000a0e                adc_calibrate_store
                0x00000872                adc_set_channel
                0x0000084c                adc_calibrate_clear
                0x00000bac                print_adc_values
                0x0000088a                __vector_19
                0x00000826                max
                0x0000082a                adc_get_val
                0x00000932                adc_init
                0x00000a20                adc_calibrate_update
                0x00000b16                print_adc_calibration
 .text          0x00000cb6      0x208 usart.o
                0x00000cd8                usart0_getchar
                0x00000e6c                usart_init
 .text          0x00000ebe      0x236 timers.o
                0x0000103c                timer2_init
                0x00000edc                __vector_6
                0x00000f40                timer1_init
                0x000010ca                timers_init
                0x00000ef4                __vector_7
                0x00000fc6                __vector_5
                0x00000ebe                __vector_9
                0x00000f1a                __vector_8
 .text          0x000010f4      0x310 motor.o
                0x000011c2                motor_get_speed
                0x00001126                dec_limit
                0x0000115c                motor_set_speed
                0x000010f4                inc_limit
                0x000011ac                lf_full_speed
                0x0000121a                lf_turn_inc
                0x000012d8                motor_mode
 .text          0x00001404        0x0 c:/winavr-20080610/bin/../lib/gcc/avr/4.3.0/avr5\libgcc.a(_divmodhi4.o)
 .text          0x00001404        0x0 c:/winavr-20080610/bin/../lib/gcc/avr/4.3.0/avr5\libgcc.a(_exit.o)
 .text          0x00001404        0x0 c:/winavr-20080610/bin/../lib/gcc/avr/4.3.0/avr5\libgcc.a(_copy_data.o)
 .text          0x00001404        0x0 c:/winavr-20080610/bin/../lib/gcc/avr/4.3.0/avr5\libgcc.a(_clear_bss.o)
 .text          0x00001404        0x0 c:/winavr-20080610/bin/../lib/gcc/avr/4.3.0/avr5\libgcc.a(_udivmodhi4.o)
 .text          0x00001404        0x0 c:/winavr-20080610/bin/../lib/gcc/avr/4.3.0/../../../../avr/lib/avr5\libc.a(iob.o)
 .text          0x00001404       0x2a c:/winavr-20080610/bin/../lib/gcc/avr/4.3.0/../../../../avr/lib/avr5\libc.a(printf.o)
                0x00001404                printf
 .text          0x0000142e       0x4c c:/winavr-20080610/bin/../lib/gcc/avr/4.3.0/../../../../avr/lib/avr5\libc.a(printf_p.o)
                0x0000142e                printf_P
 .text          0x0000147a        0xe c:/winavr-20080610/bin/../lib/gcc/avr/4.3.0/../../../../avr/lib/avr5\libc.a(putchar.o)
                0x0000147a                putchar
 .text          0x00001488      0x3be c:/winavr-20080610/bin/../lib/gcc/avr/4.3.0/../../../../avr/lib/avr5\libc.a(vfprintf_std.o)
                0x00001488                vfprintf
 .text          0x00001846       0x16 c:/winavr-20080610/bin/../lib/gcc/avr/4.3.0/../../../../avr/lib/avr5\libc.a(strnlen_P.o)
                0x00001846                strnlen_P
 .text          0x0000185c       0x16 c:/winavr-20080610/bin/../lib/gcc/avr/4.3.0/../../../../avr/lib/avr5\libc.a(strnlen.o)
                0x0000185c                strnlen
 .text          0x00001872       0x58 c:/winavr-20080610/bin/../lib/gcc/avr/4.3.0/../../../../avr/lib/avr5\libc.a(fputc.o)
                0x00001872                fputc
 .text          0x000018ca       0xbc c:/winavr-20080610/bin/../lib/gcc/avr/4.3.0/../../../../avr/lib/avr5\libc.a(ultoa_invert.o)
                0x000018ca                __ultoa_invert
 .text          0x00001986        0x0 c:/winavr-20080610/bin/../lib/gcc/avr/4.3.0/avr5\libgcc.a(_prologue.o)
 .text          0x00001986        0x0 c:/winavr-20080610/bin/../lib/gcc/avr/4.3.0/avr5\libgcc.a(_epilogue.o)
                0x00001986                . = ALIGN (0x2)
 *(.text.*)
 .text.libgcc   0x00001986       0x26 c:/winavr-20080610/bin/../lib/gcc/avr/4.3.0/avr5\libgcc.a(_divmodhi4.o)
                0x00001986                __divmodhi4
                0x00001986                _div
 .text.libgcc   0x000019ac        0x0 c:/winavr-20080610/bin/../lib/gcc/avr/4.3.0/avr5\libgcc.a(_exit.o)
 .text.libgcc   0x000019ac        0x0 c:/winavr-20080610/bin/../lib/gcc/avr/4.3.0/avr5\libgcc.a(_copy_data.o)
 .text.libgcc   0x000019ac        0x0 c:/winavr-20080610/bin/../lib/gcc/avr/4.3.0/avr5\libgcc.a(_clear_bss.o)
 .text.libgcc   0x000019ac       0x28 c:/winavr-20080610/bin/../lib/gcc/avr/4.3.0/avr5\libgcc.a(_udivmodhi4.o)
                0x000019ac                __udivmodhi4
 .text.libgcc   0x000019d4       0x38 c:/winavr-20080610/bin/../lib/gcc/avr/4.3.0/avr5\libgcc.a(_prologue.o)
                0x000019d4                __prologue_saves__
 .text.libgcc   0x00001a0c       0x36 c:/winavr-20080610/bin/../lib/gcc/avr/4.3.0/avr5\libgcc.a(_epilogue.o)
                0x00001a0c                __epilogue_restores__
                0x00001a42                . = ALIGN (0x2)
 *(.fini9)
 .fini9         0x00001a42        0x0 c:/winavr-20080610/bin/../lib/gcc/avr/4.3.0/avr5\libgcc.a(_exit.o)
                0x00001a42                exit
                0x00001a42                _exit
 *(.fini9)
 *(.fini8)
 *(.fini8)
 *(.fini7)
 *(.fini7)
 *(.fini6)
 *(.fini6)
 *(.fini5)
 *(.fini5)
 *(.fini4)
 *(.fini4)
 *(.fini3)
 *(.fini3)
 *(.fini2)
 *(.fini2)
 *(.fini1)
 *(.fini1)
 *(.fini0)
 .fini0         0x00001a42        0x4 c:/winavr-20080610/bin/../lib/gcc/avr/4.3.0/avr5\libgcc.a(_exit.o)
 *(.fini0)
                0x00001a46                _etext = .

.data           0x00800100       0x60 load address 0x00001a46
                0x00800100                PROVIDE (__data_start, .)
 *(.data)
 .data          0x00800100        0x0 c:/winavr-20080610/bin/../lib/gcc/avr/4.3.0/../../../../avr/lib/avr5/crtm169p.o
 .data          0x00800100       0x2c main.o
 .data          0x0080012c       0x12 adc.o
 .data          0x0080013e        0xe usart.o
 .data          0x0080014c        0x0 timers.o
 .data          0x0080014c       0x14 motor.o
 .data          0x00800160        0x0 c:/winavr-20080610/bin/../lib/gcc/avr/4.3.0/avr5\libgcc.a(_divmodhi4.o)
 .data          0x00800160        0x0 c:/winavr-20080610/bin/../lib/gcc/avr/4.3.0/avr5\libgcc.a(_exit.o)
 .data          0x00800160        0x0 c:/winavr-20080610/bin/../lib/gcc/avr/4.3.0/avr5\libgcc.a(_copy_data.o)
 .data          0x00800160        0x0 c:/winavr-20080610/bin/../lib/gcc/avr/4.3.0/avr5\libgcc.a(_clear_bss.o)
 .data          0x00800160        0x0 c:/winavr-20080610/bin/../lib/gcc/avr/4.3.0/avr5\libgcc.a(_udivmodhi4.o)
 .data          0x00800160        0x0 c:/winavr-20080610/bin/../lib/gcc/avr/4.3.0/../../../../avr/lib/avr5\libc.a(iob.o)
 .data          0x00800160        0x0 c:/winavr-20080610/bin/../lib/gcc/avr/4.3.0/../../../../avr/lib/avr5\libc.a(printf.o)
 .data          0x00800160        0x0 c:/winavr-20080610/bin/../lib/gcc/avr/4.3.0/../../../../avr/lib/avr5\libc.a(printf_p.o)
 .data          0x00800160        0x0 c:/winavr-20080610/bin/../lib/gcc/avr/4.3.0/../../../../avr/lib/avr5\libc.a(putchar.o)
 .data          0x00800160        0x0 c:/winavr-20080610/bin/../lib/gcc/avr/4.3.0/../../../../avr/lib/avr5\libc.a(vfprintf_std.o)
 .data          0x00800160        0x0 c:/winavr-20080610/bin/../lib/gcc/avr/4.3.0/../../../../avr/lib/avr5\libc.a(strnlen_P.o)
 .data          0x00800160        0x0 c:/winavr-20080610/bin/../lib/gcc/avr/4.3.0/../../../../avr/lib/avr5\libc.a(strnlen.o)
 .data          0x00800160        0x0 c:/winavr-20080610/bin/../lib/gcc/avr/4.3.0/../../../../avr/lib/avr5\libc.a(fputc.o)
 .data          0x00800160        0x0 c:/winavr-20080610/bin/../lib/gcc/avr/4.3.0/../../../../avr/lib/avr5\libc.a(ultoa_invert.o)
 .data          0x00800160        0x0 c:/winavr-20080610/bin/../lib/gcc/avr/4.3.0/avr5\libgcc.a(_prologue.o)
 .data          0x00800160        0x0 c:/winavr-20080610/bin/../lib/gcc/avr/4.3.0/avr5\libgcc.a(_epilogue.o)
 *(.data*)
 *(.rodata)
 *(.rodata*)
 *(.gnu.linkonce.d*)
                0x00800160                . = ALIGN (0x2)
                0x00800160                _edata = .
                0x00800160                PROVIDE (__data_end, .)

.bss            0x00800160       0xac load address 0x00001aa6
                0x00800160                PROVIDE (__bss_start, .)
 *(.bss)
 .bss           0x00800160        0x0 c:/winavr-20080610/bin/../lib/gcc/avr/4.3.0/../../../../avr/lib/avr5/crtm169p.o
 .bss           0x00800160        0x3 main.o
 .bss           0x00800163        0x2 adc.o
 .bss           0x00800165       0x81 usart.o
 .bss           0x008001e6        0x3 timers.o
 .bss           0x008001e9        0x2 motor.o
 .bss           0x008001eb        0x0 c:/winavr-20080610/bin/../lib/gcc/avr/4.3.0/avr5\libgcc.a(_divmodhi4.o)
 .bss           0x008001eb        0x0 c:/winavr-20080610/bin/../lib/gcc/avr/4.3.0/avr5\libgcc.a(_exit.o)
 .bss           0x008001eb        0x0 c:/winavr-20080610/bin/../lib/gcc/avr/4.3.0/avr5\libgcc.a(_copy_data.o)
 .bss           0x008001eb        0x0 c:/winavr-20080610/bin/../lib/gcc/avr/4.3.0/avr5\libgcc.a(_clear_bss.o)
 .bss           0x008001eb        0x0 c:/winavr-20080610/bin/../lib/gcc/avr/4.3.0/avr5\libgcc.a(_udivmodhi4.o)
 .bss           0x008001eb        0x0 c:/winavr-20080610/bin/../lib/gcc/avr/4.3.0/../../../../avr/lib/avr5\libc.a(iob.o)
 .bss           0x008001eb        0x0 c:/winavr-20080610/bin/../lib/gcc/avr/4.3.0/../../../../avr/lib/avr5\libc.a(printf.o)
 .bss           0x008001eb        0x0 c:/winavr-20080610/bin/../lib/gcc/avr/4.3.0/../../../../avr/lib/avr5\libc.a(printf_p.o)
 .bss           0x008001eb        0x0 c:/winavr-20080610/bin/../lib/gcc/avr/4.3.0/../../../../avr/lib/avr5\libc.a(putchar.o)
 .bss           0x008001eb        0x0 c:/winavr-20080610/bin/../lib/gcc/avr/4.3.0/../../../../avr/lib/avr5\libc.a(vfprintf_std.o)
 .bss           0x008001eb        0x0 c:/winavr-20080610/bin/../lib/gcc/avr/4.3.0/../../../../avr/lib/avr5\libc.a(strnlen_P.o)
 .bss           0x008001eb        0x0 c:/winavr-20080610/bin/../lib/gcc/avr/4.3.0/../../../../avr/lib/avr5\libc.a(strnlen.o)
 .bss           0x008001eb        0x0 c:/winavr-20080610/bin/../lib/gcc/avr/4.3.0/../../../../avr/lib/avr5\libc.a(fputc.o)
 .bss           0x008001eb        0x0 c:/winavr-20080610/bin/../lib/gcc/avr/4.3.0/../../../../avr/lib/avr5\libc.a(ultoa_invert.o)
 .bss           0x008001eb        0x0 c:/winavr-20080610/bin/../lib/gcc/avr/4.3.0/avr5\libgcc.a(_prologue.o)
 .bss           0x008001eb        0x0 c:/winavr-20080610/bin/../lib/gcc/avr/4.3.0/avr5\libgcc.a(_epilogue.o)
 *(.bss*)
 *(COMMON)
 COMMON         0x008001eb       0x1b main.o
                0x008001eb                adc_val
                0x008001f3                c_mode
                0x008001f4                adc_offset
                0x008001fc                curr_ch
                0x008001fd                adc_amt
                0x00800205                initial
 COMMON         0x00800206        0x6 c:/winavr-20080610/bin/../lib/gcc/avr/4.3.0/../../../../avr/lib/avr5\libc.a(iob.o)
                0x00800206                __iob
                0x0080020c                PROVIDE (__bss_end, .)
                0x00001a46                __data_load_start = LOADADDR (.data)
                0x00001aa6                __data_load_end = (__data_load_start + SIZEOF (.data))

.noinit         0x0080020c        0x0
                0x0080020c                PROVIDE (__noinit_start, .)
 *(.noinit*)
                0x0080020c                PROVIDE (__noinit_end, .)
                0x0080020c                _end = .
                0x0080020c                PROVIDE (__heap_start, .)

.eeprom         0x00810000        0x0
 *(.eeprom*)
                0x00810000                __eeprom_end = .

.fuse
 *(.fuse)
 *(.lfuse)
 *(.hfuse)
 *(.efuse)

.lock
 *(.lock*)

.signature
 *(.signature*)

.stab
 *(.stab)

.stabstr
 *(.stabstr)

.stab.excl
 *(.stab.excl)

.stab.exclstr
 *(.stab.exclstr)

.stab.index
 *(.stab.index)

.stab.indexstr
 *(.stab.indexstr)

.comment
 *(.comment)

.debug
 *(.debug)

.line
 *(.line)

.debug_srcinfo
 *(.debug_srcinfo)

.debug_sfnames
 *(.debug_sfnames)

.debug_aranges  0x00000000       0xa0
 *(.debug_aranges)
 .debug_aranges
                0x00000000       0x20 main.o
 .debug_aranges
                0x00000020       0x20 adc.o
 .debug_aranges
                0x00000040       0x20 usart.o
 .debug_aranges
                0x00000060       0x20 timers.o
 .debug_aranges
                0x00000080       0x20 motor.o

.debug_pubnames
                0x00000000      0x3a8
 *(.debug_pubnames)
 .debug_pubnames
                0x00000000       0xcb main.o
 .debug_pubnames
                0x000000cb      0x11d adc.o
 .debug_pubnames
                0x000001e8       0x4b usart.o
 .debug_pubnames
                0x00000233       0xd7 timers.o
 .debug_pubnames
                0x0000030a       0x9e motor.o

.debug_info     0x00000000     0x167b
 *(.debug_info)
 .debug_info    0x00000000      0x570 main.o
 .debug_info    0x00000570      0x529 adc.o
 .debug_info    0x00000a99      0x289 usart.o
 .debug_info    0x00000d22      0x38b timers.o
 .debug_info    0x000010ad      0x5ce motor.o
 *(.gnu.linkonce.wi.*)

.debug_abbrev   0x00000000      0x85b
 *(.debug_abbrev)
 .debug_abbrev  0x00000000      0x1da main.o
 .debug_abbrev  0x000001da      0x19f adc.o
 .debug_abbrev  0x00000379      0x17f usart.o
 .debug_abbrev  0x000004f8      0x157 timers.o
 .debug_abbrev  0x0000064f      0x20c motor.o

.debug_line     0x00000000     0x1138
 *(.debug_line)
 .debug_line    0x00000000      0x567 main.o
 .debug_line    0x00000567      0x30c adc.o
 .debug_line    0x00000873      0x250 usart.o
 .debug_line    0x00000ac3      0x2ec timers.o
 .debug_line    0x00000daf      0x389 motor.o

.debug_frame    0x00000000      0x290
 *(.debug_frame)
 .debug_frame   0x00000000       0x90 main.o
 .debug_frame   0x00000090       0xb0 adc.o
 .debug_frame   0x00000140       0x40 usart.o
 .debug_frame   0x00000180       0x90 timers.o
 .debug_frame   0x00000210       0x80 motor.o

.debug_str      0x00000000      0x500
 *(.debug_str)
 .debug_str     0x00000000      0x276 main.o
                                0x2c3 (size before relaxing)
 .debug_str     0x00000276       0xe6 adc.o
                                0x1ff (size before relaxing)
 .debug_str     0x0000035c       0x69 usart.o
                                0x127 (size before relaxing)
 .debug_str     0x000003c5       0x9e timers.o
                                0x1aa (size before relaxing)
 .debug_str     0x00000463       0x9d motor.o
                                0x218 (size before relaxing)

.debug_loc      0x00000000      0x4ec
 *(.debug_loc)
 .debug_loc     0x00000000       0x6d main.o
 .debug_loc     0x0000006d       0x74 adc.o
 .debug_loc     0x000000e1      0x189 usart.o
 .debug_loc     0x0000026a       0x13 timers.o
 .debug_loc     0x0000027d      0x26f motor.o

.debug_macinfo
 *(.debug_macinfo)
OUTPUT(main.elf elf32-avr)
LOAD linker stubs

.debug_ranges   0x00000000       0xc0
 .debug_ranges  0x00000000       0xc0 main.o

Cross Reference Table

Symbol                                            File
__bad_interrupt                                   c:/winavr-20080610/bin/../lib/gcc/avr/4.3.0/../../../../avr/lib/avr5/crtm169p.o
__bss_end                                         c:/winavr-20080610/bin/../lib/gcc/avr/4.3.0/avr5\libgcc.a(_clear_bss.o)
__bss_start                                       c:/winavr-20080610/bin/../lib/gcc/avr/4.3.0/avr5\libgcc.a(_clear_bss.o)
__data_end                                        c:/winavr-20080610/bin/../lib/gcc/avr/4.3.0/avr5\libgcc.a(_copy_data.o)
__data_load_start                                 c:/winavr-20080610/bin/../lib/gcc/avr/4.3.0/avr5\libgcc.a(_copy_data.o)
__data_start                                      c:/winavr-20080610/bin/../lib/gcc/avr/4.3.0/avr5\libgcc.a(_copy_data.o)
__divmodhi4                                       c:/winavr-20080610/bin/../lib/gcc/avr/4.3.0/avr5\libgcc.a(_divmodhi4.o)
                                                  adc.o
__do_clear_bss                                    c:/winavr-20080610/bin/../lib/gcc/avr/4.3.0/avr5\libgcc.a(_clear_bss.o)
                                                  c:/winavr-20080610/bin/../lib/gcc/avr/4.3.0/../../../../avr/lib/avr5\libc.a(fputc.o)
                                                  c:/winavr-20080610/bin/../lib/gcc/avr/4.3.0/../../../../avr/lib/avr5\libc.a(vfprintf_std.o)
                                                  c:/winavr-20080610/bin/../lib/gcc/avr/4.3.0/../../../../avr/lib/avr5\libc.a(putchar.o)
                                                  c:/winavr-20080610/bin/../lib/gcc/avr/4.3.0/../../../../avr/lib/avr5\libc.a(printf_p.o)
                                                  c:/winavr-20080610/bin/../lib/gcc/avr/4.3.0/../../../../avr/lib/avr5\libc.a(printf.o)
                                                  c:/winavr-20080610/bin/../lib/gcc/avr/4.3.0/../../../../avr/lib/avr5\libc.a(iob.o)
                                                  motor.o
                                                  timers.o
                                                  usart.o
                                                  adc.o
                                                  main.o
__do_copy_data                                    c:/winavr-20080610/bin/../lib/gcc/avr/4.3.0/avr5\libgcc.a(_copy_data.o)
                                                  c:/winavr-20080610/bin/../lib/gcc/avr/4.3.0/../../../../avr/lib/avr5\libc.a(fputc.o)
                                                  c:/winavr-20080610/bin/../lib/gcc/avr/4.3.0/../../../../avr/lib/avr5\libc.a(vfprintf_std.o)
                                                  c:/winavr-20080610/bin/../lib/gcc/avr/4.3.0/../../../../avr/lib/avr5\libc.a(putchar.o)
                                                  c:/winavr-20080610/bin/../lib/gcc/avr/4.3.0/../../../../avr/lib/avr5\libc.a(printf_p.o)
                                                  c:/winavr-20080610/bin/../lib/gcc/avr/4.3.0/../../../../avr/lib/avr5\libc.a(printf.o)
                                                  c:/winavr-20080610/bin/../lib/gcc/avr/4.3.0/../../../../avr/lib/avr5\libc.a(iob.o)
                                                  motor.o
                                                  timers.o
                                                  usart.o
                                                  adc.o
                                                  main.o
__epilogue_restores__                             c:/winavr-20080610/bin/../lib/gcc/avr/4.3.0/avr5\libgcc.a(_epilogue.o)
                                                  c:/winavr-20080610/bin/../lib/gcc/avr/4.3.0/../../../../avr/lib/avr5\libc.a(vfprintf_std.o)
                                                  c:/winavr-20080610/bin/../lib/gcc/avr/4.3.0/../../../../avr/lib/avr5\libc.a(printf_p.o)
                                                  c:/winavr-20080610/bin/../lib/gcc/avr/4.3.0/../../../../avr/lib/avr5\libc.a(printf.o)
__heap_end                                        c:/winavr-20080610/bin/../lib/gcc/avr/4.3.0/../../../../avr/lib/avr5/crtm169p.o
__init                                            c:/winavr-20080610/bin/../lib/gcc/avr/4.3.0/../../../../avr/lib/avr5/crtm169p.o
__iob                                             c:/winavr-20080610/bin/../lib/gcc/avr/4.3.0/../../../../avr/lib/avr5\libc.a(putchar.o)
                                                  c:/winavr-20080610/bin/../lib/gcc/avr/4.3.0/../../../../avr/lib/avr5\libc.a(printf_p.o)
                                                  c:/winavr-20080610/bin/../lib/gcc/avr/4.3.0/../../../../avr/lib/avr5\libc.a(printf.o)
                                                  c:/winavr-20080610/bin/../lib/gcc/avr/4.3.0/../../../../avr/lib/avr5\libc.a(iob.o)
                                                  usart.o
__prologue_saves__                                c:/winavr-20080610/bin/../lib/gcc/avr/4.3.0/avr5\libgcc.a(_prologue.o)
                                                  c:/winavr-20080610/bin/../lib/gcc/avr/4.3.0/../../../../avr/lib/avr5\libc.a(vfprintf_std.o)
                                                  c:/winavr-20080610/bin/../lib/gcc/avr/4.3.0/../../../../avr/lib/avr5\libc.a(printf_p.o)
                                                  c:/winavr-20080610/bin/../lib/gcc/avr/4.3.0/../../../../avr/lib/avr5\libc.a(printf.o)
__stack                                           c:/winavr-20080610/bin/../lib/gcc/avr/4.3.0/../../../../avr/lib/avr5/crtm169p.o
__udivmodhi4                                      c:/winavr-20080610/bin/../lib/gcc/avr/4.3.0/avr5\libgcc.a(_udivmodhi4.o)
                                                  c:/winavr-20080610/bin/../lib/gcc/avr/4.3.0/avr5\libgcc.a(_divmodhi4.o)
__ultoa_invert                                    c:/winavr-20080610/bin/../lib/gcc/avr/4.3.0/../../../../avr/lib/avr5\libc.a(ultoa_invert.o)
                                                  c:/winavr-20080610/bin/../lib/gcc/avr/4.3.0/../../../../avr/lib/avr5\libc.a(vfprintf_std.o)
__vector_1                                        c:/winavr-20080610/bin/../lib/gcc/avr/4.3.0/../../../../avr/lib/avr5/crtm169p.o
__vector_10                                       c:/winavr-20080610/bin/../lib/gcc/avr/4.3.0/../../../../avr/lib/avr5/crtm169p.o
__vector_11                                       c:/winavr-20080610/bin/../lib/gcc/avr/4.3.0/../../../../avr/lib/avr5/crtm169p.o
__vector_12                                       c:/winavr-20080610/bin/../lib/gcc/avr/4.3.0/../../../../avr/lib/avr5/crtm169p.o
__vector_13                                       c:/winavr-20080610/bin/../lib/gcc/avr/4.3.0/../../../../avr/lib/avr5/crtm169p.o
__vector_14                                       c:/winavr-20080610/bin/../lib/gcc/avr/4.3.0/../../../../avr/lib/avr5/crtm169p.o
__vector_15                                       c:/winavr-20080610/bin/../lib/gcc/avr/4.3.0/../../../../avr/lib/avr5/crtm169p.o
__vector_16                                       c:/winavr-20080610/bin/../lib/gcc/avr/4.3.0/../../../../avr/lib/avr5/crtm169p.o
__vector_17                                       c:/winavr-20080610/bin/../lib/gcc/avr/4.3.0/../../../../avr/lib/avr5/crtm169p.o
__vector_18                                       c:/winavr-20080610/bin/../lib/gcc/avr/4.3.0/../../../../avr/lib/avr5/crtm169p.o
__vector_19                                       adc.o
                                                  c:/winavr-20080610/bin/../lib/gcc/avr/4.3.0/../../../../avr/lib/avr5/crtm169p.o
__vector_2                                        main.o
                                                  c:/winavr-20080610/bin/../lib/gcc/avr/4.3.0/../../../../avr/lib/avr5/crtm169p.o
__vector_20                                       c:/winavr-20080610/bin/../lib/gcc/avr/4.3.0/../../../../avr/lib/avr5/crtm169p.o
__vector_21                                       c:/winavr-20080610/bin/../lib/gcc/avr/4.3.0/../../../../avr/lib/avr5/crtm169p.o
__vector_22                                       c:/winavr-20080610/bin/../lib/gcc/avr/4.3.0/../../../../avr/lib/avr5/crtm169p.o
__vector_3                                        main.o
                                                  c:/winavr-20080610/bin/../lib/gcc/avr/4.3.0/../../../../avr/lib/avr5/crtm169p.o
__vector_4                                        c:/winavr-20080610/bin/../lib/gcc/avr/4.3.0/../../../../avr/lib/avr5/crtm169p.o
__vector_5                                        timers.o
                                                  c:/winavr-20080610/bin/../lib/gcc/avr/4.3.0/../../../../avr/lib/avr5/crtm169p.o
__vector_6                                        timers.o
                                                  c:/winavr-20080610/bin/../lib/gcc/avr/4.3.0/../../../../avr/lib/avr5/crtm169p.o
__vector_7                                        timers.o
                                                  c:/winavr-20080610/bin/../lib/gcc/avr/4.3.0/../../../../avr/lib/avr5/crtm169p.o
__vector_8                                        timers.o
                                                  c:/winavr-20080610/bin/../lib/gcc/avr/4.3.0/../../../../avr/lib/avr5/crtm169p.o
__vector_9                                        timers.o
                                                  c:/winavr-20080610/bin/../lib/gcc/avr/4.3.0/../../../../avr/lib/avr5/crtm169p.o
__vector_default                                  main.o
                                                  c:/winavr-20080610/bin/../lib/gcc/avr/4.3.0/../../../../avr/lib/avr5/crtm169p.o
__vectors                                         c:/winavr-20080610/bin/../lib/gcc/avr/4.3.0/../../../../avr/lib/avr5/crtm169p.o
_div                                              c:/winavr-20080610/bin/../lib/gcc/avr/4.3.0/avr5\libgcc.a(_divmodhi4.o)
_exit                                             c:/winavr-20080610/bin/../lib/gcc/avr/4.3.0/avr5\libgcc.a(_exit.o)
adc_amt                                           timers.o
                                                  adc.o
                                                  main.o
adc_calibrate_clear                               adc.o
                                                  main.o
adc_calibrate_store                               adc.o
adc_calibrate_update                              adc.o
                                                  main.o
adc_get_val                                       adc.o
                                                  main.o
adc_init                                          adc.o
                                                  main.o
adc_offset                                        timers.o
                                                  adc.o
                                                  main.o
adc_set_channel                                   adc.o
adc_val                                           timers.o
                                                  adc.o
                                                  main.o
c_mode                                            motor.o
                                                  timers.o
                                                  usart.o
                                                  adc.o
                                                  main.o
clock_init                                        main.o
curr_ch                                           timers.o
                                                  adc.o
                                                  main.o
dec_limit                                         motor.o
exit                                              c:/winavr-20080610/bin/../lib/gcc/avr/4.3.0/avr5\libgcc.a(_exit.o)
                                                  c:/winavr-20080610/bin/../lib/gcc/avr/4.3.0/../../../../avr/lib/avr5/crtm169p.o
fputc                                             c:/winavr-20080610/bin/../lib/gcc/avr/4.3.0/../../../../avr/lib/avr5\libc.a(fputc.o)
                                                  c:/winavr-20080610/bin/../lib/gcc/avr/4.3.0/../../../../avr/lib/avr5\libc.a(vfprintf_std.o)
                                                  c:/winavr-20080610/bin/../lib/gcc/avr/4.3.0/../../../../avr/lib/avr5\libc.a(putchar.o)
inc_limit                                         motor.o
init                                              main.o
initial                                           motor.o
                                                  timers.o
                                                  usart.o
                                                  adc.o
                                                  main.o
joy_init                                          main.o
lf_full_speed                                     motor.o
                                                  main.o
lf_turn_inc                                       motor.o
                                                  main.o
main                                              main.o
                                                  c:/winavr-20080610/bin/../lib/gcc/avr/4.3.0/../../../../avr/lib/avr5/crtm169p.o
max                                               adc.o
motor_get_speed                                   motor.o
                                                  main.o
motor_mode                                        motor.o
                                                  main.o
motor_set_speed                                   motor.o
                                                  main.o
print_adc_calibration                             adc.o
                                                  main.o
print_adc_values                                  adc.o
                                                  main.o
print_bin                                         main.o
printf                                            c:/winavr-20080610/bin/../lib/gcc/avr/4.3.0/../../../../avr/lib/avr5\libc.a(printf.o)
                                                  motor.o
                                                  adc.o
                                                  main.o
printf_P                                          c:/winavr-20080610/bin/../lib/gcc/avr/4.3.0/../../../../avr/lib/avr5\libc.a(printf_p.o)
                                                  motor.o
                                                  timers.o
                                                  usart.o
                                                  adc.o
                                                  main.o
putchar                                           c:/winavr-20080610/bin/../lib/gcc/avr/4.3.0/../../../../avr/lib/avr5\libc.a(putchar.o)
                                                  main.o
strnlen                                           c:/winavr-20080610/bin/../lib/gcc/avr/4.3.0/../../../../avr/lib/avr5\libc.a(strnlen.o)
                                                  c:/winavr-20080610/bin/../lib/gcc/avr/4.3.0/../../../../avr/lib/avr5\libc.a(vfprintf_std.o)
strnlen_P                                         c:/winavr-20080610/bin/../lib/gcc/avr/4.3.0/../../../../avr/lib/avr5\libc.a(strnlen_P.o)
                                                  c:/winavr-20080610/bin/../lib/gcc/avr/4.3.0/../../../../avr/lib/avr5\libc.a(vfprintf_std.o)
timer1_init                                       timers.o
timer2_init                                       timers.o
timers_init                                       timers.o
                                                  main.o
usart0_getchar                                    usart.o
usart_init                                        usart.o
                                                  main.o
vfprintf                                          c:/winavr-20080610/bin/../lib/gcc/avr/4.3.0/../../../../avr/lib/avr5\libc.a(vfprintf_std.o)
                                                  c:/winavr-20080610/bin/../lib/gcc/avr/4.3.0/../../../../avr/lib/avr5\libc.a(printf_p.o)
                                                  c:/winavr-20080610/bin/../lib/gcc/avr/4.3.0/../../../../avr/lib/avr5\libc.a(printf.o)
