Archive member included because of file (symbol)

/usr/lib/gcc/avr/4.3.0/avr5/libgcc.a(_divmodhi4.o)
                              adc.o (__divmodhi4)
/usr/lib/gcc/avr/4.3.0/avr5/libgcc.a(_exit.o)
                              /usr/lib/gcc/avr/4.3.0/../../../../avr/lib/avr5/crtm169p.o (exit)
/usr/lib/gcc/avr/4.3.0/avr5/libgcc.a(_copy_data.o)
                              main.o (__do_copy_data)
/usr/lib/gcc/avr/4.3.0/avr5/libgcc.a(_clear_bss.o)
                              main.o (__do_clear_bss)
/usr/lib/gcc/avr/4.3.0/avr5/libgcc.a(_udivmodhi4.o)
                              /usr/lib/gcc/avr/4.3.0/avr5/libgcc.a(_divmodhi4.o) (__udivmodhi4)
/usr/lib/gcc/avr/4.3.0/../../../../avr/lib/avr5/libc.a(fprintf.o)
                              adc.o (fprintf)
/usr/lib/gcc/avr/4.3.0/../../../../avr/lib/avr5/libc.a(fprintf_p.o)
                              main.o (fprintf_P)
/usr/lib/gcc/avr/4.3.0/../../../../avr/lib/avr5/libc.a(iob.o)
                              main.o (__iob)
/usr/lib/gcc/avr/4.3.0/../../../../avr/lib/avr5/libc.a(printf.o)
                              motor.o (printf)
/usr/lib/gcc/avr/4.3.0/../../../../avr/lib/avr5/libc.a(printf_p.o)
                              main.o (printf_P)
/usr/lib/gcc/avr/4.3.0/../../../../avr/lib/avr5/libc.a(putchar.o)
                              main.o (putchar)
/usr/lib/gcc/avr/4.3.0/../../../../avr/lib/avr5/libc.a(vfprintf_std.o)
                              /usr/lib/gcc/avr/4.3.0/../../../../avr/lib/avr5/libc.a(fprintf.o) (vfprintf)
/usr/lib/gcc/avr/4.3.0/../../../../avr/lib/avr5/libc.a(strnlen_P.o)
                              /usr/lib/gcc/avr/4.3.0/../../../../avr/lib/avr5/libc.a(vfprintf_std.o) (strnlen_P)
/usr/lib/gcc/avr/4.3.0/../../../../avr/lib/avr5/libc.a(strnlen.o)
                              /usr/lib/gcc/avr/4.3.0/../../../../avr/lib/avr5/libc.a(vfprintf_std.o) (strnlen)
/usr/lib/gcc/avr/4.3.0/../../../../avr/lib/avr5/libc.a(fputc.o)
                              /usr/lib/gcc/avr/4.3.0/../../../../avr/lib/avr5/libc.a(putchar.o) (fputc)
/usr/lib/gcc/avr/4.3.0/../../../../avr/lib/avr5/libc.a(ultoa_invert.o)
                              /usr/lib/gcc/avr/4.3.0/../../../../avr/lib/avr5/libc.a(vfprintf_std.o) (__ultoa_invert)
/usr/lib/gcc/avr/4.3.0/avr5/libgcc.a(_prologue.o)
                              /usr/lib/gcc/avr/4.3.0/../../../../avr/lib/avr5/libc.a(fprintf.o) (__prologue_saves__)
/usr/lib/gcc/avr/4.3.0/avr5/libgcc.a(_epilogue.o)
                              /usr/lib/gcc/avr/4.3.0/../../../../avr/lib/avr5/libc.a(fprintf.o) (__epilogue_restores__)

Allocating common symbols
Common symbol       size              file

adc_val             0x8               main.o
c_mode              0x1               main.o
adc_offset          0x8               main.o
curr_ch             0x1               main.o
adc_amt             0x8               main.o
initial             0x1               main.o
__iob               0x6               /usr/lib/gcc/avr/4.3.0/../../../../avr/lib/avr5/libc.a(iob.o)

Memory Configuration

Name             Origin             Length             Attributes
text             0x00000000         0x00020000         xr
data             0x00800060         0x0000ffa0         rw !x
eeprom           0x00810000         0x00010000         rw !x
fuse             0x00820000         0x00000400         rw !x
lock             0x00830000         0x00000400         rw !x
signature        0x00840000         0x00000400         rw !x
*default*        0x00000000         0xffffffff

Linker script and memory map

Address of section .data set to 0x800100
LOAD /usr/lib/gcc/avr/4.3.0/../../../../avr/lib/avr5/crtm169p.o
LOAD main.o
LOAD adc.o
LOAD usart.o
LOAD timers.o
LOAD motor.o
LOAD joystick.o
LOAD /usr/lib/gcc/avr/4.3.0/../../../../avr/lib/avr5/libm.a
LOAD /usr/lib/gcc/avr/4.3.0/avr5/libgcc.a
LOAD /usr/lib/gcc/avr/4.3.0/../../../../avr/lib/avr5/libc.a
LOAD /usr/lib/gcc/avr/4.3.0/avr5/libgcc.a

.hash
 *(.hash)

.dynsym
 *(.dynsym)

.dynstr
 *(.dynstr)

.gnu.version
 *(.gnu.version)

.gnu.version_d
 *(.gnu.version_d)

.gnu.version_r
 *(.gnu.version_r)

.rel.init
 *(.rel.init)

.rela.init
 *(.rela.init)

.rel.text
 *(.rel.text)
 *(.rel.text.*)
 *(.rel.gnu.linkonce.t*)

.rela.text
 *(.rela.text)
 *(.rela.text.*)
 *(.rela.gnu.linkonce.t*)

.rel.fini
 *(.rel.fini)

.rela.fini
 *(.rela.fini)

.rel.rodata
 *(.rel.rodata)
 *(.rel.rodata.*)
 *(.rel.gnu.linkonce.r*)

.rela.rodata
 *(.rela.rodata)
 *(.rela.rodata.*)
 *(.rela.gnu.linkonce.r*)

.rel.data
 *(.rel.data)
 *(.rel.data.*)
 *(.rel.gnu.linkonce.d*)

.rela.data
 *(.rela.data)
 *(.rela.data.*)
 *(.rela.gnu.linkonce.d*)

.rel.ctors
 *(.rel.ctors)

.rela.ctors
 *(.rela.ctors)

.rel.dtors
 *(.rel.dtors)

.rela.dtors
 *(.rela.dtors)

.rel.got
 *(.rel.got)

.rela.got
 *(.rela.got)

.rel.bss
 *(.rel.bss)

.rela.bss
 *(.rela.bss)

.rel.plt
 *(.rel.plt)

.rela.plt
 *(.rela.plt)

.text           0x00000000     0x19c0
 *(.vectors)
 .vectors       0x00000000       0x5c /usr/lib/gcc/avr/4.3.0/../../../../avr/lib/avr5/crtm169p.o
                0x00000000                __vectors
 *(.vectors)
 *(.progmem.gcc*)
 *(.progmem*)
 .progmem.data  0x0000005c       0x2a main.o
 .progmem.data  0x00000086       0xb6 adc.o
 .progmem.data  0x0000013c       0x1b usart.o
 .progmem.data  0x00000157       0x72 timers.o
 .progmem.data  0x000001c9       0x8a motor.o
 .progmem.data  0x00000253       0x5d joystick.o
                0x000002b0                . = ALIGN (0x2)
                0x000002b0                __trampolines_start = .
 *(.trampolines)
 .trampolines   0x000002b0        0x0 linker stubs
 *(.trampolines*)
                0x000002b0                __trampolines_end = .
 *(.jumptables)
 *(.jumptables*)
 *(.lowtext)
 *(.lowtext*)
                0x000002b0                __ctors_start = .
 *(.ctors)
                0x000002b0                __ctors_end = .
                0x000002b0                __dtors_start = .
 *(.dtors)
                0x000002b0                __dtors_end = .
 SORT(*)(.ctors)
 SORT(*)(.dtors)
 *(.init0)
 .init0         0x000002b0        0x0 /usr/lib/gcc/avr/4.3.0/../../../../avr/lib/avr5/crtm169p.o
                0x000002b0                __init
 *(.init0)
 *(.init1)
 *(.init1)
 *(.init2)
 .init2         0x000002b0        0xc /usr/lib/gcc/avr/4.3.0/../../../../avr/lib/avr5/crtm169p.o
 *(.init2)
 *(.init3)
 *(.init3)
 *(.init4)
 .init4         0x000002bc       0x16 /usr/lib/gcc/avr/4.3.0/avr5/libgcc.a(_copy_data.o)
                0x000002bc                __do_copy_data
 .init4         0x000002d2       0x10 /usr/lib/gcc/avr/4.3.0/avr5/libgcc.a(_clear_bss.o)
                0x000002d2                __do_clear_bss
 *(.init4)
 *(.init5)
 *(.init5)
 *(.init6)
 *(.init6)
 *(.init7)
 *(.init7)
 *(.init8)
 *(.init8)
 *(.init9)
 .init9         0x000002e2        0x8 /usr/lib/gcc/avr/4.3.0/../../../../avr/lib/avr5/crtm169p.o
 *(.init9)
 *(.text)
 .text          0x000002ea        0x4 /usr/lib/gcc/avr/4.3.0/../../../../avr/lib/avr5/crtm169p.o
                0x000002ea                __vector_22
                0x000002ea                __vector_1
                0x000002ea                __vector_12
                0x000002ea                __bad_interrupt
                0x000002ea                __vector_11
                0x000002ea                __vector_13
                0x000002ea                __vector_17
                0x000002ea                __vector_4
                0x000002ea                __vector_21
                0x000002ea                __vector_15
                0x000002ea                __vector_14
                0x000002ea                __vector_10
                0x000002ea                __vector_16
                0x000002ea                __vector_18
                0x000002ea                __vector_20
 .text          0x000002ee      0x100 main.o
                0x000002ee                clock_init
                0x00000304                __vector_default
                0x00000340                init
                0x00000388                main
                0x00000398                print_bin
 .text          0x000003ee      0x568 adc.o
                0x000003f4                isfinite
                0x000005f2                adc_calibrate_store
                0x00000432                adc_set_channel
                0x00000614                adc_calibrate_clear
                0x000007f0                print_adc_values
                0x0000044a                __vector_19
                0x0000040c                max
                0x000003ee                copysign
                0x00000410                adc_get_val
                0x000004f2                adc_init
                0x00000628                adc_calibrate_update
                0x0000071e                print_adc_calibration
 .text          0x00000956      0x244 usart.o
                0x0000099a                usart0_getchar
                0x00000b94                usart_init
                0x00000b2e                usart0_init
 .text          0x00000b9a      0x28c timers.o
                0x00000d2e                timer2_init
                0x00000bb8                __vector_6
                0x00000c1c                timer1_init
                0x00000ddc                timers_init
                0x00000bd0                __vector_7
                0x00000ccc                __vector_5
                0x00000b9a                __vector_9
                0x00000bf6                __vector_8
 .text          0x00000e26      0x352 motor.o
                0x00000ede                motor_get_speed
                0x00000e58                dec_limit
                0x00000e8e                motor_set_speed
                0x00001146                motors_init
                0x00000e26                inc_limit
                0x00001152                lf_full_speed
                0x00001120                lf_stop_speed
                0x00000f36                lf_turn_inc
                0x00000ff4                motor_mode
 .text          0x00001178      0x1a4 joystick.o
                0x000011a2                __vector_3
                0x0000121c                __vector_2
                0x00001178                joy_init
 .text          0x0000131c        0x0 /usr/lib/gcc/avr/4.3.0/avr5/libgcc.a(_divmodhi4.o)
 .text          0x0000131c        0x0 /usr/lib/gcc/avr/4.3.0/avr5/libgcc.a(_exit.o)
 .text          0x0000131c        0x0 /usr/lib/gcc/avr/4.3.0/avr5/libgcc.a(_copy_data.o)
 .text          0x0000131c        0x0 /usr/lib/gcc/avr/4.3.0/avr5/libgcc.a(_clear_bss.o)
 .text          0x0000131c        0x0 /usr/lib/gcc/avr/4.3.0/avr5/libgcc.a(_udivmodhi4.o)
 .text          0x0000131c       0x26 /usr/lib/gcc/avr/4.3.0/../../../../avr/lib/avr5/libc.a(fprintf.o)
                0x0000131c                fprintf
 .text          0x00001342       0x3a /usr/lib/gcc/avr/4.3.0/../../../../avr/lib/avr5/libc.a(fprintf_p.o)
                0x00001342                fprintf_P
 .text          0x0000137c        0x0 /usr/lib/gcc/avr/4.3.0/../../../../avr/lib/avr5/libc.a(iob.o)
 .text          0x0000137c       0x2a /usr/lib/gcc/avr/4.3.0/../../../../avr/lib/avr5/libc.a(printf.o)
                0x0000137c                printf
 .text          0x000013a6       0x4e /usr/lib/gcc/avr/4.3.0/../../../../avr/lib/avr5/libc.a(printf_p.o)
                0x000013a6                printf_P
 .text          0x000013f4        0xe /usr/lib/gcc/avr/4.3.0/../../../../avr/lib/avr5/libc.a(putchar.o)
                0x000013f4                putchar
 .text          0x00001402      0x3be /usr/lib/gcc/avr/4.3.0/../../../../avr/lib/avr5/libc.a(vfprintf_std.o)
                0x00001402                vfprintf
 .text          0x000017c0       0x16 /usr/lib/gcc/avr/4.3.0/../../../../avr/lib/avr5/libc.a(strnlen_P.o)
                0x000017c0                strnlen_P
 .text          0x000017d6       0x16 /usr/lib/gcc/avr/4.3.0/../../../../avr/lib/avr5/libc.a(strnlen.o)
                0x000017d6                strnlen
 .text          0x000017ec       0x58 /usr/lib/gcc/avr/4.3.0/../../../../avr/lib/avr5/libc.a(fputc.o)
                0x000017ec                fputc
 .text          0x00001844       0xbc /usr/lib/gcc/avr/4.3.0/../../../../avr/lib/avr5/libc.a(ultoa_invert.o)
                0x00001844                __ultoa_invert
 .text          0x00001900        0x0 /usr/lib/gcc/avr/4.3.0/avr5/libgcc.a(_prologue.o)
 .text          0x00001900        0x0 /usr/lib/gcc/avr/4.3.0/avr5/libgcc.a(_epilogue.o)
                0x00001900                . = ALIGN (0x2)
 *(.text.*)
 .text.libgcc   0x00001900       0x26 /usr/lib/gcc/avr/4.3.0/avr5/libgcc.a(_divmodhi4.o)
                0x00001900                __divmodhi4
                0x00001900                _div
 .text.libgcc   0x00001926        0x0 /usr/lib/gcc/avr/4.3.0/avr5/libgcc.a(_exit.o)
 .text.libgcc   0x00001926        0x0 /usr/lib/gcc/avr/4.3.0/avr5/libgcc.a(_copy_data.o)
 .text.libgcc   0x00001926        0x0 /usr/lib/gcc/avr/4.3.0/avr5/libgcc.a(_clear_bss.o)
 .text.libgcc   0x00001926       0x28 /usr/lib/gcc/avr/4.3.0/avr5/libgcc.a(_udivmodhi4.o)
                0x00001926                __udivmodhi4
 .text.libgcc   0x0000194e       0x38 /usr/lib/gcc/avr/4.3.0/avr5/libgcc.a(_prologue.o)
                0x0000194e                __prologue_saves__
 .text.libgcc   0x00001986       0x36 /usr/lib/gcc/avr/4.3.0/avr5/libgcc.a(_epilogue.o)
                0x00001986                __epilogue_restores__
                0x000019bc                . = ALIGN (0x2)
 *(.fini9)
 .fini9         0x000019bc        0x0 /usr/lib/gcc/avr/4.3.0/avr5/libgcc.a(_exit.o)
                0x000019bc                exit
                0x000019bc                _exit
 *(.fini9)
 *(.fini8)
 *(.fini8)
 *(.fini7)
 *(.fini7)
 *(.fini6)
 *(.fini6)
 *(.fini5)
 *(.fini5)
 *(.fini4)
 *(.fini4)
 *(.fini3)
 *(.fini3)
 *(.fini2)
 *(.fini2)
 *(.fini1)
 *(.fini1)
 *(.fini0)
 .fini0         0x000019bc        0x4 /usr/lib/gcc/avr/4.3.0/avr5/libgcc.a(_exit.o)
 *(.fini0)
                0x000019c0                _etext = .

.data           0x00800100       0x42 load address 0x000019c0
                0x00800100                PROVIDE (__data_start, .)
 *(.data)
 .data          0x00800100        0x0 /usr/lib/gcc/avr/4.3.0/../../../../avr/lib/avr5/crtm169p.o
 .data          0x00800100        0x0 main.o
 .data          0x00800100       0x12 adc.o
 .data          0x00800112       0x1c usart.o
 .data          0x0080012e        0x0 timers.o
 .data          0x0080012e       0x14 motor.o
 .data          0x00800142        0x0 joystick.o
 .data          0x00800142        0x0 /usr/lib/gcc/avr/4.3.0/avr5/libgcc.a(_divmodhi4.o)
 .data          0x00800142        0x0 /usr/lib/gcc/avr/4.3.0/avr5/libgcc.a(_exit.o)
 .data          0x00800142        0x0 /usr/lib/gcc/avr/4.3.0/avr5/libgcc.a(_copy_data.o)
 .data          0x00800142        0x0 /usr/lib/gcc/avr/4.3.0/avr5/libgcc.a(_clear_bss.o)
 .data          0x00800142        0x0 /usr/lib/gcc/avr/4.3.0/avr5/libgcc.a(_udivmodhi4.o)
 .data          0x00800142        0x0 /usr/lib/gcc/avr/4.3.0/../../../../avr/lib/avr5/libc.a(fprintf.o)
 .data          0x00800142        0x0 /usr/lib/gcc/avr/4.3.0/../../../../avr/lib/avr5/libc.a(fprintf_p.o)
 .data          0x00800142        0x0 /usr/lib/gcc/avr/4.3.0/../../../../avr/lib/avr5/libc.a(iob.o)
 .data          0x00800142        0x0 /usr/lib/gcc/avr/4.3.0/../../../../avr/lib/avr5/libc.a(printf.o)
 .data          0x00800142        0x0 /usr/lib/gcc/avr/4.3.0/../../../../avr/lib/avr5/libc.a(printf_p.o)
 .data          0x00800142        0x0 /usr/lib/gcc/avr/4.3.0/../../../../avr/lib/avr5/libc.a(putchar.o)
 .data          0x00800142        0x0 /usr/lib/gcc/avr/4.3.0/../../../../avr/lib/avr5/libc.a(vfprintf_std.o)
 .data          0x00800142        0x0 /usr/lib/gcc/avr/4.3.0/../../../../avr/lib/avr5/libc.a(strnlen_P.o)
 .data          0x00800142        0x0 /usr/lib/gcc/avr/4.3.0/../../../../avr/lib/avr5/libc.a(strnlen.o)
 .data          0x00800142        0x0 /usr/lib/gcc/avr/4.3.0/../../../../avr/lib/avr5/libc.a(fputc.o)
 .data          0x00800142        0x0 /usr/lib/gcc/avr/4.3.0/../../../../avr/lib/avr5/libc.a(ultoa_invert.o)
 .data          0x00800142        0x0 /usr/lib/gcc/avr/4.3.0/avr5/libgcc.a(_prologue.o)
 .data          0x00800142        0x0 /usr/lib/gcc/avr/4.3.0/avr5/libgcc.a(_epilogue.o)
 *(.data*)
 *(.rodata)
 *(.rodata*)
 *(.gnu.linkonce.d*)
                0x00800142                . = ALIGN (0x2)
                0x00800142                _edata = .
                0x00800142                PROVIDE (__data_end, .)

.bss            0x00800142       0xa9 load address 0x00001a02
                0x00800142                PROVIDE (__bss_start, .)
 *(.bss)
 .bss           0x00800142        0x0 /usr/lib/gcc/avr/4.3.0/../../../../avr/lib/avr5/crtm169p.o
 .bss           0x00800142        0x0 main.o
 .bss           0x00800142        0x2 adc.o
 .bss           0x00800144       0x81 usart.o
 .bss           0x008001c5        0x3 timers.o
 .bss           0x008001c8        0x2 motor.o
 .bss           0x008001ca        0x0 joystick.o
 .bss           0x008001ca        0x0 /usr/lib/gcc/avr/4.3.0/avr5/libgcc.a(_divmodhi4.o)
 .bss           0x008001ca        0x0 /usr/lib/gcc/avr/4.3.0/avr5/libgcc.a(_exit.o)
 .bss           0x008001ca        0x0 /usr/lib/gcc/avr/4.3.0/avr5/libgcc.a(_copy_data.o)
 .bss           0x008001ca        0x0 /usr/lib/gcc/avr/4.3.0/avr5/libgcc.a(_clear_bss.o)
 .bss           0x008001ca        0x0 /usr/lib/gcc/avr/4.3.0/avr5/libgcc.a(_udivmodhi4.o)
 .bss           0x008001ca        0x0 /usr/lib/gcc/avr/4.3.0/../../../../avr/lib/avr5/libc.a(fprintf.o)
 .bss           0x008001ca        0x0 /usr/lib/gcc/avr/4.3.0/../../../../avr/lib/avr5/libc.a(fprintf_p.o)
 .bss           0x008001ca        0x0 /usr/lib/gcc/avr/4.3.0/../../../../avr/lib/avr5/libc.a(iob.o)
 .bss           0x008001ca        0x0 /usr/lib/gcc/avr/4.3.0/../../../../avr/lib/avr5/libc.a(printf.o)
 .bss           0x008001ca        0x0 /usr/lib/gcc/avr/4.3.0/../../../../avr/lib/avr5/libc.a(printf_p.o)
 .bss           0x008001ca        0x0 /usr/lib/gcc/avr/4.3.0/../../../../avr/lib/avr5/libc.a(putchar.o)
 .bss           0x008001ca        0x0 /usr/lib/gcc/avr/4.3.0/../../../../avr/lib/avr5/libc.a(vfprintf_std.o)
 .bss           0x008001ca        0x0 /usr/lib/gcc/avr/4.3.0/../../../../avr/lib/avr5/libc.a(strnlen_P.o)
 .bss           0x008001ca        0x0 /usr/lib/gcc/avr/4.3.0/../../../../avr/lib/avr5/libc.a(strnlen.o)
 .bss           0x008001ca        0x0 /usr/lib/gcc/avr/4.3.0/../../../../avr/lib/avr5/libc.a(fputc.o)
 .bss           0x008001ca        0x0 /usr/lib/gcc/avr/4.3.0/../../../../avr/lib/avr5/libc.a(ultoa_invert.o)
 .bss           0x008001ca        0x0 /usr/lib/gcc/avr/4.3.0/avr5/libgcc.a(_prologue.o)
 .bss           0x008001ca        0x0 /usr/lib/gcc/avr/4.3.0/avr5/libgcc.a(_epilogue.o)
 *(.bss*)
 *(COMMON)
 COMMON         0x008001ca       0x1b main.o
                0x008001ca                adc_val
                0x008001d2                c_mode
                0x008001d3                adc_offset
                0x008001db                curr_ch
                0x008001dc                adc_amt
                0x008001e4                initial
 COMMON         0x008001e5        0x6 /usr/lib/gcc/avr/4.3.0/../../../../avr/lib/avr5/libc.a(iob.o)
                0x008001e5                __iob
                0x008001eb                PROVIDE (__bss_end, .)
                0x000019c0                __data_load_start = LOADADDR (.data)
                0x00001a02                __data_load_end = (__data_load_start + SIZEOF (.data))

.noinit         0x008001eb        0x0
                0x008001eb                PROVIDE (__noinit_start, .)
 *(.noinit*)
                0x008001eb                PROVIDE (__noinit_end, .)
                0x008001eb                _end = .
                0x008001eb                PROVIDE (__heap_start, .)

.eeprom         0x00810000        0x0
 *(.eeprom*)
                0x00810000                __eeprom_end = .

.fuse
 *(.fuse)
 *(.lfuse)
 *(.hfuse)
 *(.efuse)

.lock
 *(.lock*)

.signature
 *(.signature*)

.stab           0x00000000     0x4f2c
 *(.stab)
 .stab          0x00000000      0x6b4 /usr/lib/gcc/avr/4.3.0/../../../../avr/lib/avr5/crtm169p.o
 .stab          0x000006b4      0x78c main.o
                                0x798 (size before relaxing)
 .stab          0x00000e40      0x900 adc.o
                                0xbdc (size before relaxing)
 .stab          0x00001740      0x63c usart.o
                                0x918 (size before relaxing)
 .stab          0x00001d7c      0x714 timers.o
                                0x9f0 (size before relaxing)
 .stab          0x00002490      0xa20 motor.o
                                0xd50 (size before relaxing)
 .stab          0x00002eb0      0x4a4 joystick.o
                                0x78c (size before relaxing)
 .stab          0x00003354      0x330 /usr/lib/gcc/avr/4.3.0/../../../../avr/lib/avr5/libc.a(fprintf.o)
                                0x378 (size before relaxing)
 .stab          0x00003684      0x1bc /usr/lib/gcc/avr/4.3.0/../../../../avr/lib/avr5/libc.a(fprintf_p.o)
                                0x39c (size before relaxing)
 .stab          0x00003840      0x12c /usr/lib/gcc/avr/4.3.0/../../../../avr/lib/avr5/libc.a(iob.o)
                                0x30c (size before relaxing)
 .stab          0x0000396c      0x18c /usr/lib/gcc/avr/4.3.0/../../../../avr/lib/avr5/libc.a(printf.o)
                                0x36c (size before relaxing)
 .stab          0x00003af8      0x1a4 /usr/lib/gcc/avr/4.3.0/../../../../avr/lib/avr5/libc.a(printf_p.o)
                                0x384 (size before relaxing)
 .stab          0x00003c9c      0x180 /usr/lib/gcc/avr/4.3.0/../../../../avr/lib/avr5/libc.a(putchar.o)
                                0x360 (size before relaxing)
 .stab          0x00003e1c      0x984 /usr/lib/gcc/avr/4.3.0/../../../../avr/lib/avr5/libc.a(vfprintf_std.o)
                                0xb7c (size before relaxing)
 .stab          0x000047a0       0x9c /usr/lib/gcc/avr/4.3.0/../../../../avr/lib/avr5/libc.a(strnlen_P.o)
                                 0xa8 (size before relaxing)
 .stab          0x0000483c       0x9c /usr/lib/gcc/avr/4.3.0/../../../../avr/lib/avr5/libc.a(strnlen.o)
                                 0xa8 (size before relaxing)
 .stab          0x000048d8      0x1d4 /usr/lib/gcc/avr/4.3.0/../../../../avr/lib/avr5/libc.a(fputc.o)
                                0x3b4 (size before relaxing)
 .stab          0x00004aac      0x480 /usr/lib/gcc/avr/4.3.0/../../../../avr/lib/avr5/libc.a(ultoa_invert.o)
                                0x48c (size before relaxing)

.stabstr        0x00000000     0x2412
 *(.stabstr)
 .stabstr       0x00000000     0x2412 /usr/lib/gcc/avr/4.3.0/../../../../avr/lib/avr5/crtm169p.o

.stab.excl
 *(.stab.excl)

.stab.exclstr
 *(.stab.exclstr)

.stab.index
 *(.stab.index)

.stab.indexstr
 *(.stab.indexstr)

.comment
 *(.comment)

.debug
 *(.debug)

.line
 *(.line)

.debug_srcinfo
 *(.debug_srcinfo)

.debug_sfnames
 *(.debug_sfnames)

.debug_aranges
 *(.debug_aranges)

.debug_pubnames
 *(.debug_pubnames)

.debug_info
 *(.debug_info)
 *(.gnu.linkonce.wi.*)

.debug_abbrev
 *(.debug_abbrev)

.debug_line
 *(.debug_line)

.debug_frame
 *(.debug_frame)

.debug_str
 *(.debug_str)

.debug_loc
 *(.debug_loc)

.debug_macinfo
 *(.debug_macinfo)
OUTPUT(main.elf elf32-avr)
LOAD linker stubs

Cross Reference Table

Symbol                                            File
__bad_interrupt                                   /usr/lib/gcc/avr/4.3.0/../../../../avr/lib/avr5/crtm169p.o
__bss_end                                         /usr/lib/gcc/avr/4.3.0/avr5/libgcc.a(_clear_bss.o)
__bss_start                                       /usr/lib/gcc/avr/4.3.0/avr5/libgcc.a(_clear_bss.o)
__data_end                                        /usr/lib/gcc/avr/4.3.0/avr5/libgcc.a(_copy_data.o)
__data_load_start                                 /usr/lib/gcc/avr/4.3.0/avr5/libgcc.a(_copy_data.o)
__data_start                                      /usr/lib/gcc/avr/4.3.0/avr5/libgcc.a(_copy_data.o)
__divmodhi4                                       /usr/lib/gcc/avr/4.3.0/avr5/libgcc.a(_divmodhi4.o)
                                                  adc.o
__do_clear_bss                                    /usr/lib/gcc/avr/4.3.0/avr5/libgcc.a(_clear_bss.o)
                                                  /usr/lib/gcc/avr/4.3.0/../../../../avr/lib/avr5/libc.a(fputc.o)
                                                  /usr/lib/gcc/avr/4.3.0/../../../../avr/lib/avr5/libc.a(vfprintf_std.o)
                                                  /usr/lib/gcc/avr/4.3.0/../../../../avr/lib/avr5/libc.a(putchar.o)
                                                  /usr/lib/gcc/avr/4.3.0/../../../../avr/lib/avr5/libc.a(printf_p.o)
                                                  /usr/lib/gcc/avr/4.3.0/../../../../avr/lib/avr5/libc.a(printf.o)
                                                  /usr/lib/gcc/avr/4.3.0/../../../../avr/lib/avr5/libc.a(iob.o)
                                                  /usr/lib/gcc/avr/4.3.0/../../../../avr/lib/avr5/libc.a(fprintf_p.o)
                                                  /usr/lib/gcc/avr/4.3.0/../../../../avr/lib/avr5/libc.a(fprintf.o)
                                                  joystick.o
                                                  motor.o
                                                  timers.o
                                                  usart.o
                                                  adc.o
                                                  main.o
__do_copy_data                                    /usr/lib/gcc/avr/4.3.0/avr5/libgcc.a(_copy_data.o)
                                                  /usr/lib/gcc/avr/4.3.0/../../../../avr/lib/avr5/libc.a(fputc.o)
                                                  /usr/lib/gcc/avr/4.3.0/../../../../avr/lib/avr5/libc.a(vfprintf_std.o)
                                                  /usr/lib/gcc/avr/4.3.0/../../../../avr/lib/avr5/libc.a(putchar.o)
                                                  /usr/lib/gcc/avr/4.3.0/../../../../avr/lib/avr5/libc.a(printf_p.o)
                                                  /usr/lib/gcc/avr/4.3.0/../../../../avr/lib/avr5/libc.a(printf.o)
                                                  /usr/lib/gcc/avr/4.3.0/../../../../avr/lib/avr5/libc.a(iob.o)
                                                  /usr/lib/gcc/avr/4.3.0/../../../../avr/lib/avr5/libc.a(fprintf_p.o)
                                                  /usr/lib/gcc/avr/4.3.0/../../../../avr/lib/avr5/libc.a(fprintf.o)
                                                  joystick.o
                                                  motor.o
                                                  timers.o
                                                  usart.o
                                                  adc.o
                                                  main.o
__epilogue_restores__                             /usr/lib/gcc/avr/4.3.0/avr5/libgcc.a(_epilogue.o)
                                                  /usr/lib/gcc/avr/4.3.0/../../../../avr/lib/avr5/libc.a(vfprintf_std.o)
                                                  /usr/lib/gcc/avr/4.3.0/../../../../avr/lib/avr5/libc.a(printf_p.o)
                                                  /usr/lib/gcc/avr/4.3.0/../../../../avr/lib/avr5/libc.a(printf.o)
                                                  /usr/lib/gcc/avr/4.3.0/../../../../avr/lib/avr5/libc.a(fprintf_p.o)
                                                  /usr/lib/gcc/avr/4.3.0/../../../../avr/lib/avr5/libc.a(fprintf.o)
__heap_end                                        /usr/lib/gcc/avr/4.3.0/../../../../avr/lib/avr5/crtm169p.o
__init                                            /usr/lib/gcc/avr/4.3.0/../../../../avr/lib/avr5/crtm169p.o
__iob                                             /usr/lib/gcc/avr/4.3.0/../../../../avr/lib/avr5/libc.a(putchar.o)
                                                  /usr/lib/gcc/avr/4.3.0/../../../../avr/lib/avr5/libc.a(printf_p.o)
                                                  /usr/lib/gcc/avr/4.3.0/../../../../avr/lib/avr5/libc.a(printf.o)
                                                  /usr/lib/gcc/avr/4.3.0/../../../../avr/lib/avr5/libc.a(iob.o)
                                                  joystick.o
                                                  timers.o
                                                  usart.o
                                                  adc.o
                                                  main.o
__prologue_saves__                                /usr/lib/gcc/avr/4.3.0/avr5/libgcc.a(_prologue.o)
                                                  /usr/lib/gcc/avr/4.3.0/../../../../avr/lib/avr5/libc.a(vfprintf_std.o)
                                                  /usr/lib/gcc/avr/4.3.0/../../../../avr/lib/avr5/libc.a(printf_p.o)
                                                  /usr/lib/gcc/avr/4.3.0/../../../../avr/lib/avr5/libc.a(printf.o)
                                                  /usr/lib/gcc/avr/4.3.0/../../../../avr/lib/avr5/libc.a(fprintf_p.o)
                                                  /usr/lib/gcc/avr/4.3.0/../../../../avr/lib/avr5/libc.a(fprintf.o)
__stack                                           /usr/lib/gcc/avr/4.3.0/../../../../avr/lib/avr5/crtm169p.o
__udivmodhi4                                      /usr/lib/gcc/avr/4.3.0/avr5/libgcc.a(_udivmodhi4.o)
                                                  /usr/lib/gcc/avr/4.3.0/avr5/libgcc.a(_divmodhi4.o)
__ultoa_invert                                    /usr/lib/gcc/avr/4.3.0/../../../../avr/lib/avr5/libc.a(ultoa_invert.o)
                                                  /usr/lib/gcc/avr/4.3.0/../../../../avr/lib/avr5/libc.a(vfprintf_std.o)
__vector_1                                        /usr/lib/gcc/avr/4.3.0/../../../../avr/lib/avr5/crtm169p.o
__vector_10                                       /usr/lib/gcc/avr/4.3.0/../../../../avr/lib/avr5/crtm169p.o
__vector_11                                       /usr/lib/gcc/avr/4.3.0/../../../../avr/lib/avr5/crtm169p.o
__vector_12                                       /usr/lib/gcc/avr/4.3.0/../../../../avr/lib/avr5/crtm169p.o
__vector_13                                       /usr/lib/gcc/avr/4.3.0/../../../../avr/lib/avr5/crtm169p.o
__vector_14                                       /usr/lib/gcc/avr/4.3.0/../../../../avr/lib/avr5/crtm169p.o
__vector_15                                       /usr/lib/gcc/avr/4.3.0/../../../../avr/lib/avr5/crtm169p.o
__vector_16                                       /usr/lib/gcc/avr/4.3.0/../../../../avr/lib/avr5/crtm169p.o
__vector_17                                       /usr/lib/gcc/avr/4.3.0/../../../../avr/lib/avr5/crtm169p.o
__vector_18                                       /usr/lib/gcc/avr/4.3.0/../../../../avr/lib/avr5/crtm169p.o
__vector_19                                       adc.o
                                                  /usr/lib/gcc/avr/4.3.0/../../../../avr/lib/avr5/crtm169p.o
__vector_2                                        joystick.o
                                                  /usr/lib/gcc/avr/4.3.0/../../../../avr/lib/avr5/crtm169p.o
__vector_20                                       /usr/lib/gcc/avr/4.3.0/../../../../avr/lib/avr5/crtm169p.o
__vector_21                                       /usr/lib/gcc/avr/4.3.0/../../../../avr/lib/avr5/crtm169p.o
__vector_22                                       /usr/lib/gcc/avr/4.3.0/../../../../avr/lib/avr5/crtm169p.o
__vector_3                                        joystick.o
                                                  /usr/lib/gcc/avr/4.3.0/../../../../avr/lib/avr5/crtm169p.o
__vector_4                                        /usr/lib/gcc/avr/4.3.0/../../../../avr/lib/avr5/crtm169p.o
__vector_5                                        timers.o
                                                  /usr/lib/gcc/avr/4.3.0/../../../../avr/lib/avr5/crtm169p.o
__vector_6                                        timers.o
                                                  /usr/lib/gcc/avr/4.3.0/../../../../avr/lib/avr5/crtm169p.o
__vector_7                                        timers.o
                                                  /usr/lib/gcc/avr/4.3.0/../../../../avr/lib/avr5/crtm169p.o
__vector_8                                        timers.o
                                                  /usr/lib/gcc/avr/4.3.0/../../../../avr/lib/avr5/crtm169p.o
__vector_9                                        timers.o
                                                  /usr/lib/gcc/avr/4.3.0/../../../../avr/lib/avr5/crtm169p.o
__vector_default                                  main.o
                                                  /usr/lib/gcc/avr/4.3.0/../../../../avr/lib/avr5/crtm169p.o
__vectors                                         /usr/lib/gcc/avr/4.3.0/../../../../avr/lib/avr5/crtm169p.o
_div                                              /usr/lib/gcc/avr/4.3.0/avr5/libgcc.a(_divmodhi4.o)
_exit                                             /usr/lib/gcc/avr/4.3.0/avr5/libgcc.a(_exit.o)
adc_amt                                           joystick.o
                                                  timers.o
                                                  adc.o
                                                  main.o
adc_calibrate_clear                               adc.o
                                                  joystick.o
adc_calibrate_store                               adc.o
adc_calibrate_update                              adc.o
                                                  joystick.o
adc_get_val                                       adc.o
adc_init                                          adc.o
                                                  main.o
adc_offset                                        joystick.o
                                                  timers.o
                                                  adc.o
                                                  main.o
adc_set_channel                                   adc.o
adc_val                                           joystick.o
                                                  timers.o
                                                  adc.o
                                                  main.o
c_mode                                            joystick.o
                                                  motor.o
                                                  timers.o
                                                  usart.o
                                                  adc.o
                                                  main.o
clock_init                                        main.o
copysign                                          adc.o
curr_ch                                           joystick.o
                                                  timers.o
                                                  adc.o
                                                  main.o
dec_limit                                         motor.o
exit                                              /usr/lib/gcc/avr/4.3.0/avr5/libgcc.a(_exit.o)
                                                  /usr/lib/gcc/avr/4.3.0/../../../../avr/lib/avr5/crtm169p.o
fprintf                                           /usr/lib/gcc/avr/4.3.0/../../../../avr/lib/avr5/libc.a(fprintf.o)
                                                  adc.o
fprintf_P                                         /usr/lib/gcc/avr/4.3.0/../../../../avr/lib/avr5/libc.a(fprintf_p.o)
                                                  joystick.o
                                                  timers.o
                                                  usart.o
                                                  adc.o
                                                  main.o
fputc                                             /usr/lib/gcc/avr/4.3.0/../../../../avr/lib/avr5/libc.a(fputc.o)
                                                  /usr/lib/gcc/avr/4.3.0/../../../../avr/lib/avr5/libc.a(vfprintf_std.o)
                                                  /usr/lib/gcc/avr/4.3.0/../../../../avr/lib/avr5/libc.a(putchar.o)
inc_limit                                         motor.o
init                                              main.o
initial                                           joystick.o
                                                  motor.o
                                                  timers.o
                                                  usart.o
                                                  adc.o
                                                  main.o
isfinite                                          adc.o
joy_init                                          joystick.o
                                                  main.o
lf_full_speed                                     motor.o
lf_stop_speed                                     motor.o
                                                  joystick.o
lf_turn_inc                                       motor.o
main                                              main.o
                                                  /usr/lib/gcc/avr/4.3.0/../../../../avr/lib/avr5/crtm169p.o
max                                               adc.o
motor_get_speed                                   motor.o
motor_mode                                        motor.o
motor_set_speed                                   motor.o
motors_init                                       motor.o
                                                  main.o
print_adc_calibration                             adc.o
                                                  joystick.o
print_adc_values                                  adc.o
                                                  joystick.o
print_bin                                         main.o
printf                                            /usr/lib/gcc/avr/4.3.0/../../../../avr/lib/avr5/libc.a(printf.o)
                                                  motor.o
printf_P                                          /usr/lib/gcc/avr/4.3.0/../../../../avr/lib/avr5/libc.a(printf_p.o)
                                                  motor.o
                                                  main.o
putchar                                           /usr/lib/gcc/avr/4.3.0/../../../../avr/lib/avr5/libc.a(putchar.o)
                                                  main.o
strnlen                                           /usr/lib/gcc/avr/4.3.0/../../../../avr/lib/avr5/libc.a(strnlen.o)
                                                  /usr/lib/gcc/avr/4.3.0/../../../../avr/lib/avr5/libc.a(vfprintf_std.o)
strnlen_P                                         /usr/lib/gcc/avr/4.3.0/../../../../avr/lib/avr5/libc.a(strnlen_P.o)
                                                  /usr/lib/gcc/avr/4.3.0/../../../../avr/lib/avr5/libc.a(vfprintf_std.o)
timer1_init                                       timers.o
timer2_init                                       timers.o
timers_init                                       timers.o
                                                  main.o
usart0_getchar                                    usart.o
usart0_init                                       usart.o
usart_init                                        usart.o
                                                  main.o
vfprintf                                          /usr/lib/gcc/avr/4.3.0/../../../../avr/lib/avr5/libc.a(vfprintf_std.o)
                                                  /usr/lib/gcc/avr/4.3.0/../../../../avr/lib/avr5/libc.a(printf_p.o)
                                                  /usr/lib/gcc/avr/4.3.0/../../../../avr/lib/avr5/libc.a(printf.o)
                                                  /usr/lib/gcc/avr/4.3.0/../../../../avr/lib/avr5/libc.a(fprintf_p.o)
                                                  /usr/lib/gcc/avr/4.3.0/../../../../avr/lib/avr5/libc.a(fprintf.o)
