Archive member included because of file (symbol)

c:/winavr-20080610/bin/../lib/gcc/avr/4.3.0/avr5\libgcc.a(_divmodhi4.o)
                              adc.o (__divmodhi4)
c:/winavr-20080610/bin/../lib/gcc/avr/4.3.0/avr5\libgcc.a(_exit.o)
                              c:/winavr-20080610/bin/../lib/gcc/avr/4.3.0/../../../../avr/lib/avr5/crtm169p.o (exit)
c:/winavr-20080610/bin/../lib/gcc/avr/4.3.0/avr5\libgcc.a(_copy_data.o)
                              main.o (__do_copy_data)
c:/winavr-20080610/bin/../lib/gcc/avr/4.3.0/avr5\libgcc.a(_clear_bss.o)
                              main.o (__do_clear_bss)
c:/winavr-20080610/bin/../lib/gcc/avr/4.3.0/avr5\libgcc.a(_udivmodhi4.o)
                              c:/winavr-20080610/bin/../lib/gcc/avr/4.3.0/avr5\libgcc.a(_divmodhi4.o) (__udivmodhi4)
c:/winavr-20080610/bin/../lib/gcc/avr/4.3.0/../../../../avr/lib/avr5\libc.a(fprintf.o)
                              adc.o (fprintf)
c:/winavr-20080610/bin/../lib/gcc/avr/4.3.0/../../../../avr/lib/avr5\libc.a(fprintf_p.o)
                              main.o (fprintf_P)
c:/winavr-20080610/bin/../lib/gcc/avr/4.3.0/../../../../avr/lib/avr5\libc.a(fputc.o)
                              main.o (fputc)
c:/winavr-20080610/bin/../lib/gcc/avr/4.3.0/../../../../avr/lib/avr5\libc.a(iob.o)
                              main.o (__iob)
c:/winavr-20080610/bin/../lib/gcc/avr/4.3.0/../../../../avr/lib/avr5\libc.a(printf.o)
                              motor.o (printf)
c:/winavr-20080610/bin/../lib/gcc/avr/4.3.0/../../../../avr/lib/avr5\libc.a(printf_p.o)
                              main.o (printf_P)
c:/winavr-20080610/bin/../lib/gcc/avr/4.3.0/../../../../avr/lib/avr5\libc.a(vfprintf_std.o)
                              c:/winavr-20080610/bin/../lib/gcc/avr/4.3.0/../../../../avr/lib/avr5\libc.a(fprintf.o) (vfprintf)
c:/winavr-20080610/bin/../lib/gcc/avr/4.3.0/../../../../avr/lib/avr5\libc.a(strnlen_P.o)
                              c:/winavr-20080610/bin/../lib/gcc/avr/4.3.0/../../../../avr/lib/avr5\libc.a(vfprintf_std.o) (strnlen_P)
c:/winavr-20080610/bin/../lib/gcc/avr/4.3.0/../../../../avr/lib/avr5\libc.a(strnlen.o)
                              c:/winavr-20080610/bin/../lib/gcc/avr/4.3.0/../../../../avr/lib/avr5\libc.a(vfprintf_std.o) (strnlen)
c:/winavr-20080610/bin/../lib/gcc/avr/4.3.0/../../../../avr/lib/avr5\libc.a(ultoa_invert.o)
                              c:/winavr-20080610/bin/../lib/gcc/avr/4.3.0/../../../../avr/lib/avr5\libc.a(vfprintf_std.o) (__ultoa_invert)
c:/winavr-20080610/bin/../lib/gcc/avr/4.3.0/avr5\libgcc.a(_prologue.o)
                              c:/winavr-20080610/bin/../lib/gcc/avr/4.3.0/../../../../avr/lib/avr5\libc.a(fprintf.o) (__prologue_saves__)
c:/winavr-20080610/bin/../lib/gcc/avr/4.3.0/avr5\libgcc.a(_epilogue.o)
                              c:/winavr-20080610/bin/../lib/gcc/avr/4.3.0/../../../../avr/lib/avr5\libc.a(fprintf.o) (__epilogue_restores__)

Allocating common symbols
Common symbol       size              file

adc_val             0x8               main.o
c_mode              0x1               main.o
adc_offset          0x8               main.o
curr_ch             0x1               main.o
adc_amt             0x8               main.o
initial             0x1               main.o
__iob               0x6               c:/winavr-20080610/bin/../lib/gcc/avr/4.3.0/../../../../avr/lib/avr5\libc.a(iob.o)
new_adc_data        0x1               main.o

Memory Configuration

Name             Origin             Length             Attributes
text             0x00000000         0x00020000         xr
data             0x00800060         0x0000ffa0         rw !x
eeprom           0x00810000         0x00010000         rw !x
fuse             0x00820000         0x00000400         rw !x
lock             0x00830000         0x00000400         rw !x
signature        0x00840000         0x00000400         rw !x
*default*        0x00000000         0xffffffff

Linker script and memory map

Address of section .data set to 0x800100
LOAD c:/winavr-20080610/bin/../lib/gcc/avr/4.3.0/../../../../avr/lib/avr5/crtm169p.o
LOAD main.o
LOAD adc.o
LOAD usart.o
LOAD timers.o
LOAD motor.o
LOAD joystick.o
LOAD c:/winavr-20080610/bin/../lib/gcc/avr/4.3.0/../../../../avr/lib/avr5\libm.a
LOAD c:/winavr-20080610/bin/../lib/gcc/avr/4.3.0/avr5\libgcc.a
LOAD c:/winavr-20080610/bin/../lib/gcc/avr/4.3.0/../../../../avr/lib/avr5\libc.a
LOAD c:/winavr-20080610/bin/../lib/gcc/avr/4.3.0/avr5\libgcc.a

.hash
 *(.hash)

.dynsym
 *(.dynsym)

.dynstr
 *(.dynstr)

.gnu.version
 *(.gnu.version)

.gnu.version_d
 *(.gnu.version_d)

.gnu.version_r
 *(.gnu.version_r)

.rel.init
 *(.rel.init)

.rela.init
 *(.rela.init)

.rel.text
 *(.rel.text)
 *(.rel.text.*)
 *(.rel.gnu.linkonce.t*)

.rela.text
 *(.rela.text)
 *(.rela.text.*)
 *(.rela.gnu.linkonce.t*)

.rel.fini
 *(.rel.fini)

.rela.fini
 *(.rela.fini)

.rel.rodata
 *(.rel.rodata)
 *(.rel.rodata.*)
 *(.rel.gnu.linkonce.r*)

.rela.rodata
 *(.rela.rodata)
 *(.rela.rodata.*)
 *(.rela.gnu.linkonce.r*)

.rel.data
 *(.rel.data)
 *(.rel.data.*)
 *(.rel.gnu.linkonce.d*)

.rela.data
 *(.rela.data)
 *(.rela.data.*)
 *(.rela.gnu.linkonce.d*)

.rel.ctors
 *(.rel.ctors)

.rela.ctors
 *(.rela.ctors)

.rel.dtors
 *(.rel.dtors)

.rela.dtors
 *(.rela.dtors)

.rel.got
 *(.rel.got)

.rela.got
 *(.rela.got)

.rel.bss
 *(.rel.bss)

.rela.bss
 *(.rela.bss)

.rel.plt
 *(.rel.plt)

.rela.plt
 *(.rela.plt)

.text           0x00000000     0x1b9a
 *(.vectors)
 .vectors       0x00000000       0x5c c:/winavr-20080610/bin/../lib/gcc/avr/4.3.0/../../../../avr/lib/avr5/crtm169p.o
                0x00000000                __vectors
 *(.vectors)
 *(.progmem.gcc*)
 *(.progmem*)
 .progmem.data  0x0000005c       0x7d main.o
 .progmem.data  0x000000d9       0xb6 adc.o
 .progmem.data  0x0000018f       0x1b usart.o
 .progmem.data  0x000001aa       0x72 timers.o
 .progmem.data  0x0000021c       0x8a motor.o
                0x000002a6                . = ALIGN (0x2)
                0x000002a6                __trampolines_start = .
 *(.trampolines)
 .trampolines   0x000002a6        0x0 linker stubs
 *(.trampolines*)
                0x000002a6                __trampolines_end = .
 *(.jumptables)
 *(.jumptables*)
 *(.lowtext)
 *(.lowtext*)
                0x000002a6                __ctors_start = .
 *(.ctors)
                0x000002a6                __ctors_end = .
                0x000002a6                __dtors_start = .
 *(.dtors)
                0x000002a6                __dtors_end = .
 SORT(*)(.ctors)
 SORT(*)(.dtors)
 *(.init0)
 .init0         0x000002a6        0x0 c:/winavr-20080610/bin/../lib/gcc/avr/4.3.0/../../../../avr/lib/avr5/crtm169p.o
                0x000002a6                __init
 *(.init0)
 *(.init1)
 *(.init1)
 *(.init2)
 .init2         0x000002a6        0xc c:/winavr-20080610/bin/../lib/gcc/avr/4.3.0/../../../../avr/lib/avr5/crtm169p.o
 *(.init2)
 *(.init3)
 *(.init3)
 *(.init4)
 .init4         0x000002b2       0x16 c:/winavr-20080610/bin/../lib/gcc/avr/4.3.0/avr5\libgcc.a(_copy_data.o)
                0x000002b2                __do_copy_data
 .init4         0x000002c8       0x10 c:/winavr-20080610/bin/../lib/gcc/avr/4.3.0/avr5\libgcc.a(_clear_bss.o)
                0x000002c8                __do_clear_bss
 *(.init4)
 *(.init5)
 *(.init5)
 *(.init6)
 *(.init6)
 *(.init7)
 *(.init7)
 *(.init8)
 *(.init8)
 *(.init9)
 .init9         0x000002d8        0x8 c:/winavr-20080610/bin/../lib/gcc/avr/4.3.0/../../../../avr/lib/avr5/crtm169p.o
 *(.init9)
 *(.text)
 .text          0x000002e0        0x4 c:/winavr-20080610/bin/../lib/gcc/avr/4.3.0/../../../../avr/lib/avr5/crtm169p.o
                0x000002e0                __vector_22
                0x000002e0                __vector_1
                0x000002e0                __vector_12
                0x000002e0                __bad_interrupt
                0x000002e0                __vector_11
                0x000002e0                __vector_13
                0x000002e0                __vector_17
                0x000002e0                __vector_4
                0x000002e0                __vector_21
                0x000002e0                __vector_15
                0x000002e0                __vector_14
                0x000002e0                __vector_10
                0x000002e0                __vector_16
                0x000002e0                __vector_18
                0x000002e0                __vector_20
 .text          0x000002e4      0x32e main.o
                0x000002e4                clock_init
                0x000002fa                __vector_default
                0x0000035e                init
                0x000003b6                main
                0x000005b4                print_bin
 .text          0x00000612      0x56c adc.o
                0x0000081a                adc_calibrate_store
                0x00000638                adc_set_channel
                0x0000083c                adc_calibrate_clear
                0x00000a18                print_adc_values
                0x00000650                __vector_19
                0x00000612                max
                0x00000616                adc_get_val
                0x00000712                adc_init
                0x00000850                adc_calibrate_update
                0x00000946                print_adc_calibration
 .text          0x00000b7e      0x244 usart.o
                0x00000bc2                usart0_getchar
                0x00000dbc                usart_init
                0x00000d56                usart0_init
 .text          0x00000dc2      0x2ba timers.o
                0x00000f84                timer2_init
                0x00000de0                __vector_6
                0x00000e44                timer1_init
                0x00001032                timers_init
                0x00000df8                __vector_7
                0x00000ef4                __vector_5
                0x00000dc2                __vector_9
                0x00000e1e                __vector_8
 .text          0x0000107c      0x352 motor.o
                0x00001134                motor_get_speed
                0x000010ae                dec_limit
                0x000010e4                motor_set_speed
                0x000013a8                lf_speed_full
                0x0000139c                motors_init
                0x0000107c                inc_limit
                0x00001376                lf_speed_stop
                0x0000118c                lf_turn_inc
                0x0000124a                motor_mode
 .text          0x000013ce      0x138 joystick.o
                0x00001402                __vector_3
                0x00001466                __vector_2
                0x000013ce                joy_init
 .text          0x00001506        0x0 c:/winavr-20080610/bin/../lib/gcc/avr/4.3.0/avr5\libgcc.a(_divmodhi4.o)
 .text          0x00001506        0x0 c:/winavr-20080610/bin/../lib/gcc/avr/4.3.0/avr5\libgcc.a(_exit.o)
 .text          0x00001506        0x0 c:/winavr-20080610/bin/../lib/gcc/avr/4.3.0/avr5\libgcc.a(_copy_data.o)
 .text          0x00001506        0x0 c:/winavr-20080610/bin/../lib/gcc/avr/4.3.0/avr5\libgcc.a(_clear_bss.o)
 .text          0x00001506        0x0 c:/winavr-20080610/bin/../lib/gcc/avr/4.3.0/avr5\libgcc.a(_udivmodhi4.o)
 .text          0x00001506       0x26 c:/winavr-20080610/bin/../lib/gcc/avr/4.3.0/../../../../avr/lib/avr5\libc.a(fprintf.o)
                0x00001506                fprintf
 .text          0x0000152c       0x3a c:/winavr-20080610/bin/../lib/gcc/avr/4.3.0/../../../../avr/lib/avr5\libc.a(fprintf_p.o)
                0x0000152c                fprintf_P
 .text          0x00001566       0x58 c:/winavr-20080610/bin/../lib/gcc/avr/4.3.0/../../../../avr/lib/avr5\libc.a(fputc.o)
                0x00001566                fputc
 .text          0x000015be        0x0 c:/winavr-20080610/bin/../lib/gcc/avr/4.3.0/../../../../avr/lib/avr5\libc.a(iob.o)
 .text          0x000015be       0x2a c:/winavr-20080610/bin/../lib/gcc/avr/4.3.0/../../../../avr/lib/avr5\libc.a(printf.o)
                0x000015be                printf
 .text          0x000015e8       0x4c c:/winavr-20080610/bin/../lib/gcc/avr/4.3.0/../../../../avr/lib/avr5\libc.a(printf_p.o)
                0x000015e8                printf_P
 .text          0x00001634      0x3be c:/winavr-20080610/bin/../lib/gcc/avr/4.3.0/../../../../avr/lib/avr5\libc.a(vfprintf_std.o)
                0x00001634                vfprintf
 .text          0x000019f2       0x16 c:/winavr-20080610/bin/../lib/gcc/avr/4.3.0/../../../../avr/lib/avr5\libc.a(strnlen_P.o)
                0x000019f2                strnlen_P
 .text          0x00001a08       0x16 c:/winavr-20080610/bin/../lib/gcc/avr/4.3.0/../../../../avr/lib/avr5\libc.a(strnlen.o)
                0x00001a08                strnlen
 .text          0x00001a1e       0xbc c:/winavr-20080610/bin/../lib/gcc/avr/4.3.0/../../../../avr/lib/avr5\libc.a(ultoa_invert.o)
                0x00001a1e                __ultoa_invert
 .text          0x00001ada        0x0 c:/winavr-20080610/bin/../lib/gcc/avr/4.3.0/avr5\libgcc.a(_prologue.o)
 .text          0x00001ada        0x0 c:/winavr-20080610/bin/../lib/gcc/avr/4.3.0/avr5\libgcc.a(_epilogue.o)
                0x00001ada                . = ALIGN (0x2)
 *(.text.*)
 .text.libgcc   0x00001ada       0x26 c:/winavr-20080610/bin/../lib/gcc/avr/4.3.0/avr5\libgcc.a(_divmodhi4.o)
                0x00001ada                __divmodhi4
                0x00001ada                _div
 .text.libgcc   0x00001b00        0x0 c:/winavr-20080610/bin/../lib/gcc/avr/4.3.0/avr5\libgcc.a(_exit.o)
 .text.libgcc   0x00001b00        0x0 c:/winavr-20080610/bin/../lib/gcc/avr/4.3.0/avr5\libgcc.a(_copy_data.o)
 .text.libgcc   0x00001b00        0x0 c:/winavr-20080610/bin/../lib/gcc/avr/4.3.0/avr5\libgcc.a(_clear_bss.o)
 .text.libgcc   0x00001b00       0x28 c:/winavr-20080610/bin/../lib/gcc/avr/4.3.0/avr5\libgcc.a(_udivmodhi4.o)
                0x00001b00                __udivmodhi4
 .text.libgcc   0x00001b28       0x38 c:/winavr-20080610/bin/../lib/gcc/avr/4.3.0/avr5\libgcc.a(_prologue.o)
                0x00001b28                __prologue_saves__
 .text.libgcc   0x00001b60       0x36 c:/winavr-20080610/bin/../lib/gcc/avr/4.3.0/avr5\libgcc.a(_epilogue.o)
                0x00001b60                __epilogue_restores__
                0x00001b96                . = ALIGN (0x2)
 *(.fini9)
 .fini9         0x00001b96        0x0 c:/winavr-20080610/bin/../lib/gcc/avr/4.3.0/avr5\libgcc.a(_exit.o)
                0x00001b96                exit
                0x00001b96                _exit
 *(.fini9)
 *(.fini8)
 *(.fini8)
 *(.fini7)
 *(.fini7)
 *(.fini6)
 *(.fini6)
 *(.fini5)
 *(.fini5)
 *(.fini4)
 *(.fini4)
 *(.fini3)
 *(.fini3)
 *(.fini2)
 *(.fini2)
 *(.fini1)
 *(.fini1)
 *(.fini0)
 .fini0         0x00001b96        0x4 c:/winavr-20080610/bin/../lib/gcc/avr/4.3.0/avr5\libgcc.a(_exit.o)
 *(.fini0)
                0x00001b9a                _etext = .

.data           0x00800100       0x42 load address 0x00001b9a
                0x00800100                PROVIDE (__data_start, .)
 *(.data)
 .data          0x00800100        0x0 c:/winavr-20080610/bin/../lib/gcc/avr/4.3.0/../../../../avr/lib/avr5/crtm169p.o
 .data          0x00800100        0x0 main.o
 .data          0x00800100       0x12 adc.o
 .data          0x00800112       0x1c usart.o
 .data          0x0080012e        0x0 timers.o
 .data          0x0080012e       0x14 motor.o
 .data          0x00800142        0x0 joystick.o
 .data          0x00800142        0x0 c:/winavr-20080610/bin/../lib/gcc/avr/4.3.0/avr5\libgcc.a(_divmodhi4.o)
 .data          0x00800142        0x0 c:/winavr-20080610/bin/../lib/gcc/avr/4.3.0/avr5\libgcc.a(_exit.o)
 .data          0x00800142        0x0 c:/winavr-20080610/bin/../lib/gcc/avr/4.3.0/avr5\libgcc.a(_copy_data.o)
 .data          0x00800142        0x0 c:/winavr-20080610/bin/../lib/gcc/avr/4.3.0/avr5\libgcc.a(_clear_bss.o)
 .data          0x00800142        0x0 c:/winavr-20080610/bin/../lib/gcc/avr/4.3.0/avr5\libgcc.a(_udivmodhi4.o)
 .data          0x00800142        0x0 c:/winavr-20080610/bin/../lib/gcc/avr/4.3.0/../../../../avr/lib/avr5\libc.a(fprintf.o)
 .data          0x00800142        0x0 c:/winavr-20080610/bin/../lib/gcc/avr/4.3.0/../../../../avr/lib/avr5\libc.a(fprintf_p.o)
 .data          0x00800142        0x0 c:/winavr-20080610/bin/../lib/gcc/avr/4.3.0/../../../../avr/lib/avr5\libc.a(fputc.o)
 .data          0x00800142        0x0 c:/winavr-20080610/bin/../lib/gcc/avr/4.3.0/../../../../avr/lib/avr5\libc.a(iob.o)
 .data          0x00800142        0x0 c:/winavr-20080610/bin/../lib/gcc/avr/4.3.0/../../../../avr/lib/avr5\libc.a(printf.o)
 .data          0x00800142        0x0 c:/winavr-20080610/bin/../lib/gcc/avr/4.3.0/../../../../avr/lib/avr5\libc.a(printf_p.o)
 .data          0x00800142        0x0 c:/winavr-20080610/bin/../lib/gcc/avr/4.3.0/../../../../avr/lib/avr5\libc.a(vfprintf_std.o)
 .data          0x00800142        0x0 c:/winavr-20080610/bin/../lib/gcc/avr/4.3.0/../../../../avr/lib/avr5\libc.a(strnlen_P.o)
 .data          0x00800142        0x0 c:/winavr-20080610/bin/../lib/gcc/avr/4.3.0/../../../../avr/lib/avr5\libc.a(strnlen.o)
 .data          0x00800142        0x0 c:/winavr-20080610/bin/../lib/gcc/avr/4.3.0/../../../../avr/lib/avr5\libc.a(ultoa_invert.o)
 .data          0x00800142        0x0 c:/winavr-20080610/bin/../lib/gcc/avr/4.3.0/avr5\libgcc.a(_prologue.o)
 .data          0x00800142        0x0 c:/winavr-20080610/bin/../lib/gcc/avr/4.3.0/avr5\libgcc.a(_epilogue.o)
 *(.data*)
 *(.rodata)
 *(.rodata*)
 *(.gnu.linkonce.d*)
                0x00800142                . = ALIGN (0x2)
                0x00800142                _edata = .
                0x00800142                PROVIDE (__data_end, .)

.bss            0x00800142       0xac load address 0x00001bdc
                0x00800142                PROVIDE (__bss_start, .)
 *(.bss)
 .bss           0x00800142        0x0 c:/winavr-20080610/bin/../lib/gcc/avr/4.3.0/../../../../avr/lib/avr5/crtm169p.o
 .bss           0x00800142        0x2 main.o
 .bss           0x00800144        0x2 adc.o
 .bss           0x00800146       0x81 usart.o
 .bss           0x008001c7        0x3 timers.o
 .bss           0x008001ca        0x2 motor.o
 .bss           0x008001cc        0x0 joystick.o
 .bss           0x008001cc        0x0 c:/winavr-20080610/bin/../lib/gcc/avr/4.3.0/avr5\libgcc.a(_divmodhi4.o)
 .bss           0x008001cc        0x0 c:/winavr-20080610/bin/../lib/gcc/avr/4.3.0/avr5\libgcc.a(_exit.o)
 .bss           0x008001cc        0x0 c:/winavr-20080610/bin/../lib/gcc/avr/4.3.0/avr5\libgcc.a(_copy_data.o)
 .bss           0x008001cc        0x0 c:/winavr-20080610/bin/../lib/gcc/avr/4.3.0/avr5\libgcc.a(_clear_bss.o)
 .bss           0x008001cc        0x0 c:/winavr-20080610/bin/../lib/gcc/avr/4.3.0/avr5\libgcc.a(_udivmodhi4.o)
 .bss           0x008001cc        0x0 c:/winavr-20080610/bin/../lib/gcc/avr/4.3.0/../../../../avr/lib/avr5\libc.a(fprintf.o)
 .bss           0x008001cc        0x0 c:/winavr-20080610/bin/../lib/gcc/avr/4.3.0/../../../../avr/lib/avr5\libc.a(fprintf_p.o)
 .bss           0x008001cc        0x0 c:/winavr-20080610/bin/../lib/gcc/avr/4.3.0/../../../../avr/lib/avr5\libc.a(fputc.o)
 .bss           0x008001cc        0x0 c:/winavr-20080610/bin/../lib/gcc/avr/4.3.0/../../../../avr/lib/avr5\libc.a(iob.o)
 .bss           0x008001cc        0x0 c:/winavr-20080610/bin/../lib/gcc/avr/4.3.0/../../../../avr/lib/avr5\libc.a(printf.o)
 .bss           0x008001cc        0x0 c:/winavr-20080610/bin/../lib/gcc/avr/4.3.0/../../../../avr/lib/avr5\libc.a(printf_p.o)
 .bss           0x008001cc        0x0 c:/winavr-20080610/bin/../lib/gcc/avr/4.3.0/../../../../avr/lib/avr5\libc.a(vfprintf_std.o)
 .bss           0x008001cc        0x0 c:/winavr-20080610/bin/../lib/gcc/avr/4.3.0/../../../../avr/lib/avr5\libc.a(strnlen_P.o)
 .bss           0x008001cc        0x0 c:/winavr-20080610/bin/../lib/gcc/avr/4.3.0/../../../../avr/lib/avr5\libc.a(strnlen.o)
 .bss           0x008001cc        0x0 c:/winavr-20080610/bin/../lib/gcc/avr/4.3.0/../../../../avr/lib/avr5\libc.a(ultoa_invert.o)
 .bss           0x008001cc        0x0 c:/winavr-20080610/bin/../lib/gcc/avr/4.3.0/avr5\libgcc.a(_prologue.o)
 .bss           0x008001cc        0x0 c:/winavr-20080610/bin/../lib/gcc/avr/4.3.0/avr5\libgcc.a(_epilogue.o)
 *(.bss*)
 *(COMMON)
 COMMON         0x008001cc       0x1c main.o
                0x008001cc                adc_val
                0x008001d4                c_mode
                0x008001d5                adc_offset
                0x008001dd                curr_ch
                0x008001de                adc_amt
                0x008001e6                initial
                0x008001e7                new_adc_data
 COMMON         0x008001e8        0x6 c:/winavr-20080610/bin/../lib/gcc/avr/4.3.0/../../../../avr/lib/avr5\libc.a(iob.o)
                0x008001e8                __iob
                0x008001ee                PROVIDE (__bss_end, .)
                0x00001b9a                __data_load_start = LOADADDR (.data)
                0x00001bdc                __data_load_end = (__data_load_start + SIZEOF (.data))

.noinit         0x008001ee        0x0
                0x008001ee                PROVIDE (__noinit_start, .)
 *(.noinit*)
                0x008001ee                PROVIDE (__noinit_end, .)
                0x008001ee                _end = .
                0x008001ee                PROVIDE (__heap_start, .)

.eeprom         0x00810000        0x0
 *(.eeprom*)
                0x00810000                __eeprom_end = .

.fuse
 *(.fuse)
 *(.lfuse)
 *(.hfuse)
 *(.efuse)

.lock
 *(.lock*)

.signature
 *(.signature*)

.stab
 *(.stab)

.stabstr
 *(.stabstr)

.stab.excl
 *(.stab.excl)

.stab.exclstr
 *(.stab.exclstr)

.stab.index
 *(.stab.index)

.stab.indexstr
 *(.stab.indexstr)

.comment
 *(.comment)

.debug
 *(.debug)

.line
 *(.line)

.debug_srcinfo
 *(.debug_srcinfo)

.debug_sfnames
 *(.debug_sfnames)

.debug_aranges  0x00000000       0xc0
 *(.debug_aranges)
 .debug_aranges
                0x00000000       0x20 main.o
 .debug_aranges
                0x00000020       0x20 adc.o
 .debug_aranges
                0x00000040       0x20 usart.o
 .debug_aranges
                0x00000060       0x20 timers.o
 .debug_aranges
                0x00000080       0x20 motor.o
 .debug_aranges
                0x000000a0       0x20 joystick.o

.debug_pubnames
                0x00000000      0x47a
 *(.debug_pubnames)
 .debug_pubnames
                0x00000000       0xb1 main.o
 .debug_pubnames
                0x000000b1      0x12e adc.o
 .debug_pubnames
                0x000001df       0x5b usart.o
 .debug_pubnames
                0x0000023a       0xe8 timers.o
 .debug_pubnames
                0x00000322       0xc0 motor.o
 .debug_pubnames
                0x000003e2       0x98 joystick.o

.debug_info     0x00000000     0x1bd8
 *(.debug_info)
 .debug_info    0x00000000      0x5e8 main.o
 .debug_info    0x000005e8      0x632 adc.o
 .debug_info    0x00000c1a      0x316 usart.o
 .debug_info    0x00000f30      0x491 timers.o
 .debug_info    0x000013c1      0x631 motor.o
 .debug_info    0x000019f2      0x1e6 joystick.o
 *(.gnu.linkonce.wi.*)

.debug_abbrev   0x00000000      0xb07
 *(.debug_abbrev)
 .debug_abbrev  0x00000000      0x251 main.o
 .debug_abbrev  0x00000251      0x24b adc.o
 .debug_abbrev  0x0000049c      0x1b1 usart.o
 .debug_abbrev  0x0000064d      0x1d8 timers.o
 .debug_abbrev  0x00000825      0x213 motor.o
 .debug_abbrev  0x00000a38       0xcf joystick.o

.debug_line     0x00000000     0x11d1
 *(.debug_line)
 .debug_line    0x00000000      0x36f main.o
 .debug_line    0x0000036f      0x331 adc.o
 .debug_line    0x000006a0      0x2a0 usart.o
 .debug_line    0x00000940      0x300 timers.o
 .debug_line    0x00000c40      0x3e8 motor.o
 .debug_line    0x00001028      0x1a9 joystick.o

.debug_frame    0x00000000      0x2e0
 *(.debug_frame)
 .debug_frame   0x00000000       0x60 main.o
 .debug_frame   0x00000060       0xb0 adc.o
 .debug_frame   0x00000110       0x60 usart.o
 .debug_frame   0x00000170       0x90 timers.o
 .debug_frame   0x00000200       0xa0 motor.o
 .debug_frame   0x000002a0       0x40 joystick.o

.debug_str      0x00000000      0x58e
 *(.debug_str)
 .debug_str     0x00000000      0x29b main.o
                                0x2e8 (size before relaxing)
 .debug_str     0x0000029b       0xe6 adc.o
                                0x24d (size before relaxing)
 .debug_str     0x00000381       0x75 usart.o
                                0x174 (size before relaxing)
 .debug_str     0x000003f6       0x9e timers.o
                                0x1e7 (size before relaxing)
 .debug_str     0x00000494       0xc4 motor.o
                                0x25c (size before relaxing)
 .debug_str     0x00000558       0x36 joystick.o
                                0x15b (size before relaxing)

.debug_loc      0x00000000      0x63d
 *(.debug_loc)
 .debug_loc     0x00000000      0x144 main.o
 .debug_loc     0x00000144       0x74 adc.o
 .debug_loc     0x000001b8      0x1cf usart.o
 .debug_loc     0x00000387       0x13 timers.o
 .debug_loc     0x0000039a      0x26f motor.o
 .debug_loc     0x00000609       0x34 joystick.o

.debug_macinfo
 *(.debug_macinfo)
OUTPUT(main.elf elf32-avr)
LOAD linker stubs

.debug_ranges   0x00000000       0x78
 .debug_ranges  0x00000000       0x78 main.o

Cross Reference Table

Symbol                                            File
__bad_interrupt                                   c:/winavr-20080610/bin/../lib/gcc/avr/4.3.0/../../../../avr/lib/avr5/crtm169p.o
__bss_end                                         c:/winavr-20080610/bin/../lib/gcc/avr/4.3.0/avr5\libgcc.a(_clear_bss.o)
__bss_start                                       c:/winavr-20080610/bin/../lib/gcc/avr/4.3.0/avr5\libgcc.a(_clear_bss.o)
__data_end                                        c:/winavr-20080610/bin/../lib/gcc/avr/4.3.0/avr5\libgcc.a(_copy_data.o)
__data_load_start                                 c:/winavr-20080610/bin/../lib/gcc/avr/4.3.0/avr5\libgcc.a(_copy_data.o)
__data_start                                      c:/winavr-20080610/bin/../lib/gcc/avr/4.3.0/avr5\libgcc.a(_copy_data.o)
__divmodhi4                                       c:/winavr-20080610/bin/../lib/gcc/avr/4.3.0/avr5\libgcc.a(_divmodhi4.o)
                                                  adc.o
__do_clear_bss                                    c:/winavr-20080610/bin/../lib/gcc/avr/4.3.0/avr5\libgcc.a(_clear_bss.o)
                                                  c:/winavr-20080610/bin/../lib/gcc/avr/4.3.0/../../../../avr/lib/avr5\libc.a(vfprintf_std.o)
                                                  c:/winavr-20080610/bin/../lib/gcc/avr/4.3.0/../../../../avr/lib/avr5\libc.a(printf_p.o)
                                                  c:/winavr-20080610/bin/../lib/gcc/avr/4.3.0/../../../../avr/lib/avr5\libc.a(printf.o)
                                                  c:/winavr-20080610/bin/../lib/gcc/avr/4.3.0/../../../../avr/lib/avr5\libc.a(iob.o)
                                                  c:/winavr-20080610/bin/../lib/gcc/avr/4.3.0/../../../../avr/lib/avr5\libc.a(fputc.o)
                                                  c:/winavr-20080610/bin/../lib/gcc/avr/4.3.0/../../../../avr/lib/avr5\libc.a(fprintf_p.o)
                                                  c:/winavr-20080610/bin/../lib/gcc/avr/4.3.0/../../../../avr/lib/avr5\libc.a(fprintf.o)
                                                  joystick.o
                                                  motor.o
                                                  timers.o
                                                  usart.o
                                                  adc.o
                                                  main.o
__do_copy_data                                    c:/winavr-20080610/bin/../lib/gcc/avr/4.3.0/avr5\libgcc.a(_copy_data.o)
                                                  c:/winavr-20080610/bin/../lib/gcc/avr/4.3.0/../../../../avr/lib/avr5\libc.a(vfprintf_std.o)
                                                  c:/winavr-20080610/bin/../lib/gcc/avr/4.3.0/../../../../avr/lib/avr5\libc.a(printf_p.o)
                                                  c:/winavr-20080610/bin/../lib/gcc/avr/4.3.0/../../../../avr/lib/avr5\libc.a(printf.o)
                                                  c:/winavr-20080610/bin/../lib/gcc/avr/4.3.0/../../../../avr/lib/avr5\libc.a(iob.o)
                                                  c:/winavr-20080610/bin/../lib/gcc/avr/4.3.0/../../../../avr/lib/avr5\libc.a(fputc.o)
                                                  c:/winavr-20080610/bin/../lib/gcc/avr/4.3.0/../../../../avr/lib/avr5\libc.a(fprintf_p.o)
                                                  c:/winavr-20080610/bin/../lib/gcc/avr/4.3.0/../../../../avr/lib/avr5\libc.a(fprintf.o)
                                                  joystick.o
                                                  motor.o
                                                  timers.o
                                                  usart.o
                                                  adc.o
                                                  main.o
__epilogue_restores__                             c:/winavr-20080610/bin/../lib/gcc/avr/4.3.0/avr5\libgcc.a(_epilogue.o)
                                                  c:/winavr-20080610/bin/../lib/gcc/avr/4.3.0/../../../../avr/lib/avr5\libc.a(vfprintf_std.o)
                                                  c:/winavr-20080610/bin/../lib/gcc/avr/4.3.0/../../../../avr/lib/avr5\libc.a(printf_p.o)
                                                  c:/winavr-20080610/bin/../lib/gcc/avr/4.3.0/../../../../avr/lib/avr5\libc.a(printf.o)
                                                  c:/winavr-20080610/bin/../lib/gcc/avr/4.3.0/../../../../avr/lib/avr5\libc.a(fprintf_p.o)
                                                  c:/winavr-20080610/bin/../lib/gcc/avr/4.3.0/../../../../avr/lib/avr5\libc.a(fprintf.o)
__heap_end                                        c:/winavr-20080610/bin/../lib/gcc/avr/4.3.0/../../../../avr/lib/avr5/crtm169p.o
__init                                            c:/winavr-20080610/bin/../lib/gcc/avr/4.3.0/../../../../avr/lib/avr5/crtm169p.o
__iob                                             c:/winavr-20080610/bin/../lib/gcc/avr/4.3.0/../../../../avr/lib/avr5\libc.a(printf_p.o)
                                                  c:/winavr-20080610/bin/../lib/gcc/avr/4.3.0/../../../../avr/lib/avr5\libc.a(printf.o)
                                                  c:/winavr-20080610/bin/../lib/gcc/avr/4.3.0/../../../../avr/lib/avr5\libc.a(iob.o)
                                                  timers.o
                                                  usart.o
                                                  adc.o
                                                  main.o
__prologue_saves__                                c:/winavr-20080610/bin/../lib/gcc/avr/4.3.0/avr5\libgcc.a(_prologue.o)
                                                  c:/winavr-20080610/bin/../lib/gcc/avr/4.3.0/../../../../avr/lib/avr5\libc.a(vfprintf_std.o)
                                                  c:/winavr-20080610/bin/../lib/gcc/avr/4.3.0/../../../../avr/lib/avr5\libc.a(printf_p.o)
                                                  c:/winavr-20080610/bin/../lib/gcc/avr/4.3.0/../../../../avr/lib/avr5\libc.a(printf.o)
                                                  c:/winavr-20080610/bin/../lib/gcc/avr/4.3.0/../../../../avr/lib/avr5\libc.a(fprintf_p.o)
                                                  c:/winavr-20080610/bin/../lib/gcc/avr/4.3.0/../../../../avr/lib/avr5\libc.a(fprintf.o)
__stack                                           c:/winavr-20080610/bin/../lib/gcc/avr/4.3.0/../../../../avr/lib/avr5/crtm169p.o
__udivmodhi4                                      c:/winavr-20080610/bin/../lib/gcc/avr/4.3.0/avr5\libgcc.a(_udivmodhi4.o)
                                                  c:/winavr-20080610/bin/../lib/gcc/avr/4.3.0/avr5\libgcc.a(_divmodhi4.o)
__ultoa_invert                                    c:/winavr-20080610/bin/../lib/gcc/avr/4.3.0/../../../../avr/lib/avr5\libc.a(ultoa_invert.o)
                                                  c:/winavr-20080610/bin/../lib/gcc/avr/4.3.0/../../../../avr/lib/avr5\libc.a(vfprintf_std.o)
__vector_1                                        c:/winavr-20080610/bin/../lib/gcc/avr/4.3.0/../../../../avr/lib/avr5/crtm169p.o
__vector_10                                       c:/winavr-20080610/bin/../lib/gcc/avr/4.3.0/../../../../avr/lib/avr5/crtm169p.o
__vector_11                                       c:/winavr-20080610/bin/../lib/gcc/avr/4.3.0/../../../../avr/lib/avr5/crtm169p.o
__vector_12                                       c:/winavr-20080610/bin/../lib/gcc/avr/4.3.0/../../../../avr/lib/avr5/crtm169p.o
__vector_13                                       c:/winavr-20080610/bin/../lib/gcc/avr/4.3.0/../../../../avr/lib/avr5/crtm169p.o
__vector_14                                       c:/winavr-20080610/bin/../lib/gcc/avr/4.3.0/../../../../avr/lib/avr5/crtm169p.o
__vector_15                                       c:/winavr-20080610/bin/../lib/gcc/avr/4.3.0/../../../../avr/lib/avr5/crtm169p.o
__vector_16                                       c:/winavr-20080610/bin/../lib/gcc/avr/4.3.0/../../../../avr/lib/avr5/crtm169p.o
__vector_17                                       c:/winavr-20080610/bin/../lib/gcc/avr/4.3.0/../../../../avr/lib/avr5/crtm169p.o
__vector_18                                       c:/winavr-20080610/bin/../lib/gcc/avr/4.3.0/../../../../avr/lib/avr5/crtm169p.o
__vector_19                                       adc.o
                                                  c:/winavr-20080610/bin/../lib/gcc/avr/4.3.0/../../../../avr/lib/avr5/crtm169p.o
__vector_2                                        joystick.o
                                                  c:/winavr-20080610/bin/../lib/gcc/avr/4.3.0/../../../../avr/lib/avr5/crtm169p.o
__vector_20                                       c:/winavr-20080610/bin/../lib/gcc/avr/4.3.0/../../../../avr/lib/avr5/crtm169p.o
__vector_21                                       c:/winavr-20080610/bin/../lib/gcc/avr/4.3.0/../../../../avr/lib/avr5/crtm169p.o
__vector_22                                       c:/winavr-20080610/bin/../lib/gcc/avr/4.3.0/../../../../avr/lib/avr5/crtm169p.o
__vector_3                                        joystick.o
                                                  c:/winavr-20080610/bin/../lib/gcc/avr/4.3.0/../../../../avr/lib/avr5/crtm169p.o
__vector_4                                        c:/winavr-20080610/bin/../lib/gcc/avr/4.3.0/../../../../avr/lib/avr5/crtm169p.o
__vector_5                                        timers.o
                                                  c:/winavr-20080610/bin/../lib/gcc/avr/4.3.0/../../../../avr/lib/avr5/crtm169p.o
__vector_6                                        timers.o
                                                  c:/winavr-20080610/bin/../lib/gcc/avr/4.3.0/../../../../avr/lib/avr5/crtm169p.o
__vector_7                                        timers.o
                                                  c:/winavr-20080610/bin/../lib/gcc/avr/4.3.0/../../../../avr/lib/avr5/crtm169p.o
__vector_8                                        timers.o
                                                  c:/winavr-20080610/bin/../lib/gcc/avr/4.3.0/../../../../avr/lib/avr5/crtm169p.o
__vector_9                                        timers.o
                                                  c:/winavr-20080610/bin/../lib/gcc/avr/4.3.0/../../../../avr/lib/avr5/crtm169p.o
__vector_default                                  main.o
                                                  c:/winavr-20080610/bin/../lib/gcc/avr/4.3.0/../../../../avr/lib/avr5/crtm169p.o
__vectors                                         c:/winavr-20080610/bin/../lib/gcc/avr/4.3.0/../../../../avr/lib/avr5/crtm169p.o
_div                                              c:/winavr-20080610/bin/../lib/gcc/avr/4.3.0/avr5\libgcc.a(_divmodhi4.o)
_exit                                             c:/winavr-20080610/bin/../lib/gcc/avr/4.3.0/avr5\libgcc.a(_exit.o)
adc_amt                                           joystick.o
                                                  timers.o
                                                  adc.o
                                                  main.o
adc_calibrate_clear                               adc.o
                                                  joystick.o
adc_calibrate_store                               adc.o
adc_calibrate_update                              adc.o
                                                  joystick.o
adc_get_val                                       adc.o
                                                  main.o
adc_init                                          adc.o
                                                  main.o
adc_offset                                        joystick.o
                                                  timers.o
                                                  adc.o
                                                  main.o
adc_set_channel                                   adc.o
adc_val                                           joystick.o
                                                  timers.o
                                                  adc.o
                                                  main.o
c_mode                                            joystick.o
                                                  motor.o
                                                  timers.o
                                                  usart.o
                                                  adc.o
                                                  main.o
clock_init                                        main.o
curr_ch                                           joystick.o
                                                  timers.o
                                                  adc.o
                                                  main.o
dec_limit                                         motor.o
exit                                              c:/winavr-20080610/bin/../lib/gcc/avr/4.3.0/avr5\libgcc.a(_exit.o)
                                                  c:/winavr-20080610/bin/../lib/gcc/avr/4.3.0/../../../../avr/lib/avr5/crtm169p.o
fprintf                                           c:/winavr-20080610/bin/../lib/gcc/avr/4.3.0/../../../../avr/lib/avr5\libc.a(fprintf.o)
                                                  adc.o
fprintf_P                                         c:/winavr-20080610/bin/../lib/gcc/avr/4.3.0/../../../../avr/lib/avr5\libc.a(fprintf_p.o)
                                                  timers.o
                                                  usart.o
                                                  adc.o
                                                  main.o
fputc                                             c:/winavr-20080610/bin/../lib/gcc/avr/4.3.0/../../../../avr/lib/avr5\libc.a(fputc.o)
                                                  c:/winavr-20080610/bin/../lib/gcc/avr/4.3.0/../../../../avr/lib/avr5\libc.a(vfprintf_std.o)
                                                  main.o
inc_limit                                         motor.o
init                                              main.o
initial                                           joystick.o
                                                  motor.o
                                                  timers.o
                                                  usart.o
                                                  adc.o
                                                  main.o
joy_init                                          joystick.o
                                                  main.o
lf_speed_full                                     motor.o
                                                  main.o
lf_speed_stop                                     motor.o
                                                  joystick.o
lf_turn_inc                                       motor.o
                                                  main.o
main                                              main.o
                                                  c:/winavr-20080610/bin/../lib/gcc/avr/4.3.0/../../../../avr/lib/avr5/crtm169p.o
max                                               adc.o
motor_get_speed                                   motor.o
                                                  main.o
motor_mode                                        motor.o
                                                  main.o
motor_set_speed                                   motor.o
                                                  main.o
motors_init                                       motor.o
                                                  main.o
new_adc_data                                      joystick.o
                                                  timers.o
                                                  adc.o
                                                  main.o
print_adc_calibration                             adc.o
print_adc_values                                  adc.o
                                                  main.o
print_bin                                         main.o
printf                                            c:/winavr-20080610/bin/../lib/gcc/avr/4.3.0/../../../../avr/lib/avr5\libc.a(printf.o)
                                                  motor.o
printf_P                                          c:/winavr-20080610/bin/../lib/gcc/avr/4.3.0/../../../../avr/lib/avr5\libc.a(printf_p.o)
                                                  motor.o
                                                  main.o
strnlen                                           c:/winavr-20080610/bin/../lib/gcc/avr/4.3.0/../../../../avr/lib/avr5\libc.a(strnlen.o)
                                                  c:/winavr-20080610/bin/../lib/gcc/avr/4.3.0/../../../../avr/lib/avr5\libc.a(vfprintf_std.o)
strnlen_P                                         c:/winavr-20080610/bin/../lib/gcc/avr/4.3.0/../../../../avr/lib/avr5\libc.a(strnlen_P.o)
                                                  c:/winavr-20080610/bin/../lib/gcc/avr/4.3.0/../../../../avr/lib/avr5\libc.a(vfprintf_std.o)
timer1_init                                       timers.o
timer2_init                                       timers.o
timers_init                                       timers.o
                                                  main.o
usart0_getchar                                    usart.o
usart0_init                                       usart.o
usart_init                                        usart.o
                                                  main.o
vfprintf                                          c:/winavr-20080610/bin/../lib/gcc/avr/4.3.0/../../../../avr/lib/avr5\libc.a(vfprintf_std.o)
                                                  c:/winavr-20080610/bin/../lib/gcc/avr/4.3.0/../../../../avr/lib/avr5\libc.a(printf_p.o)
                                                  c:/winavr-20080610/bin/../lib/gcc/avr/4.3.0/../../../../avr/lib/avr5\libc.a(printf.o)
                                                  c:/winavr-20080610/bin/../lib/gcc/avr/4.3.0/../../../../avr/lib/avr5\libc.a(fprintf_p.o)
                                                  c:/winavr-20080610/bin/../lib/gcc/avr/4.3.0/../../../../avr/lib/avr5\libc.a(fprintf.o)
