Archive member included because of file (symbol)

/usr/lib/gcc/avr/4.3.0/avr5/libgcc.a(_exit.o)
                              /usr/lib/gcc/avr/4.3.0/../../../../avr/lib/avr5/crtm169p.o (exit)
/usr/lib/gcc/avr/4.3.0/avr5/libgcc.a(_copy_data.o)
                              main.o (__do_copy_data)
/usr/lib/gcc/avr/4.3.0/avr5/libgcc.a(_clear_bss.o)
                              main.o (__do_clear_bss)
/usr/lib/gcc/avr/4.3.0/../../../../avr/lib/avr5/libc.a(iob.o)
                              usart.o (__iob)
/usr/lib/gcc/avr/4.3.0/../../../../avr/lib/avr5/libc.a(printf.o)
                              main.o (printf)
/usr/lib/gcc/avr/4.3.0/../../../../avr/lib/avr5/libc.a(putchar.o)
                              main.o (putchar)
/usr/lib/gcc/avr/4.3.0/../../../../avr/lib/avr5/libc.a(puts.o)
                              main.o (puts)
/usr/lib/gcc/avr/4.3.0/../../../../avr/lib/avr5/libc.a(vfprintf_std.o)
                              /usr/lib/gcc/avr/4.3.0/../../../../avr/lib/avr5/libc.a(printf.o) (vfprintf)
/usr/lib/gcc/avr/4.3.0/../../../../avr/lib/avr5/libc.a(strnlen_P.o)
                              /usr/lib/gcc/avr/4.3.0/../../../../avr/lib/avr5/libc.a(vfprintf_std.o) (strnlen_P)
/usr/lib/gcc/avr/4.3.0/../../../../avr/lib/avr5/libc.a(strnlen.o)
                              /usr/lib/gcc/avr/4.3.0/../../../../avr/lib/avr5/libc.a(vfprintf_std.o) (strnlen)
/usr/lib/gcc/avr/4.3.0/../../../../avr/lib/avr5/libc.a(fputc.o)
                              /usr/lib/gcc/avr/4.3.0/../../../../avr/lib/avr5/libc.a(putchar.o) (fputc)
/usr/lib/gcc/avr/4.3.0/../../../../avr/lib/avr5/libc.a(ultoa_invert.o)
                              /usr/lib/gcc/avr/4.3.0/../../../../avr/lib/avr5/libc.a(vfprintf_std.o) (__ultoa_invert)
/usr/lib/gcc/avr/4.3.0/avr5/libgcc.a(_prologue.o)
                              /usr/lib/gcc/avr/4.3.0/../../../../avr/lib/avr5/libc.a(printf.o) (__prologue_saves__)
/usr/lib/gcc/avr/4.3.0/avr5/libgcc.a(_epilogue.o)
                              /usr/lib/gcc/avr/4.3.0/../../../../avr/lib/avr5/libc.a(printf.o) (__epilogue_restores__)

Allocating common symbols
Common symbol       size              file

adc_val             0x8               main.o
curr_ch             0x1               main.o
adc_amt             0x8               main.o
__iob               0x6               /usr/lib/gcc/avr/4.3.0/../../../../avr/lib/avr5/libc.a(iob.o)

Memory Configuration

Name             Origin             Length             Attributes
text             0x00000000         0x00020000         xr
data             0x00800060         0x0000ffa0         rw !x
eeprom           0x00810000         0x00010000         rw !x
fuse             0x00820000         0x00000400         rw !x
lock             0x00830000         0x00000400         rw !x
signature        0x00840000         0x00000400         rw !x
*default*        0x00000000         0xffffffff

Linker script and memory map

Address of section .data set to 0x800100
LOAD /usr/lib/gcc/avr/4.3.0/../../../../avr/lib/avr5/crtm169p.o
LOAD main.o
LOAD adc.o
LOAD usart.o
LOAD timers.o
LOAD motor.o
LOAD /usr/lib/gcc/avr/4.3.0/../../../../avr/lib/avr5/libm.a
LOAD /usr/lib/gcc/avr/4.3.0/avr5/libgcc.a
LOAD /usr/lib/gcc/avr/4.3.0/../../../../avr/lib/avr5/libc.a
LOAD /usr/lib/gcc/avr/4.3.0/avr5/libgcc.a

.hash
 *(.hash)

.dynsym
 *(.dynsym)

.dynstr
 *(.dynstr)

.gnu.version
 *(.gnu.version)

.gnu.version_d
 *(.gnu.version_d)

.gnu.version_r
 *(.gnu.version_r)

.rel.init
 *(.rel.init)

.rela.init
 *(.rela.init)

.rel.text
 *(.rel.text)
 *(.rel.text.*)
 *(.rel.gnu.linkonce.t*)

.rela.text
 *(.rela.text)
 *(.rela.text.*)
 *(.rela.gnu.linkonce.t*)

.rel.fini
 *(.rel.fini)

.rela.fini
 *(.rela.fini)

.rel.rodata
 *(.rel.rodata)
 *(.rel.rodata.*)
 *(.rel.gnu.linkonce.r*)

.rela.rodata
 *(.rela.rodata)
 *(.rela.rodata.*)
 *(.rela.gnu.linkonce.r*)

.rel.data
 *(.rel.data)
 *(.rel.data.*)
 *(.rel.gnu.linkonce.d*)

.rela.data
 *(.rela.data)
 *(.rela.data.*)
 *(.rela.gnu.linkonce.d*)

.rel.ctors
 *(.rel.ctors)

.rela.ctors
 *(.rela.ctors)

.rel.dtors
 *(.rel.dtors)

.rela.dtors
 *(.rela.dtors)

.rel.got
 *(.rel.got)

.rela.got
 *(.rela.got)

.rel.bss
 *(.rel.bss)

.rela.bss
 *(.rela.bss)

.rel.plt
 *(.rel.plt)

.rela.plt
 *(.rela.plt)

.text           0x00000000      0xdaa
 *(.vectors)
 .vectors       0x00000000       0x5c /usr/lib/gcc/avr/4.3.0/../../../../avr/lib/avr5/crtm169p.o
                0x00000000                __vectors
                0x00000000                __vector_default
 *(.vectors)
 *(.progmem.gcc*)
 *(.progmem*)
                0x0000005c                . = ALIGN (0x2)
                0x0000005c                __trampolines_start = .
 *(.trampolines)
 .trampolines   0x0000005c        0x0 linker stubs
 *(.trampolines*)
                0x0000005c                __trampolines_end = .
 *(.jumptables)
 *(.jumptables*)
 *(.lowtext)
 *(.lowtext*)
                0x0000005c                __ctors_start = .
 *(.ctors)
                0x0000005c                __ctors_end = .
                0x0000005c                __dtors_start = .
 *(.dtors)
                0x0000005c                __dtors_end = .
 SORT(*)(.ctors)
 SORT(*)(.dtors)
 *(.init0)
 .init0         0x0000005c        0x0 /usr/lib/gcc/avr/4.3.0/../../../../avr/lib/avr5/crtm169p.o
                0x0000005c                __init
 *(.init0)
 *(.init1)
 *(.init1)
 *(.init2)
 .init2         0x0000005c        0xc /usr/lib/gcc/avr/4.3.0/../../../../avr/lib/avr5/crtm169p.o
 *(.init2)
 *(.init3)
 *(.init3)
 *(.init4)
 .init4         0x00000068       0x16 /usr/lib/gcc/avr/4.3.0/avr5/libgcc.a(_copy_data.o)
                0x00000068                __do_copy_data
 .init4         0x0000007e       0x10 /usr/lib/gcc/avr/4.3.0/avr5/libgcc.a(_clear_bss.o)
                0x0000007e                __do_clear_bss
 *(.init4)
 *(.init5)
 *(.init5)
 *(.init6)
 *(.init6)
 *(.init7)
 *(.init7)
 *(.init8)
 *(.init8)
 *(.init9)
 .init9         0x0000008e        0x8 /usr/lib/gcc/avr/4.3.0/../../../../avr/lib/avr5/crtm169p.o
 *(.init9)
 *(.text)
 .text          0x00000096        0x4 /usr/lib/gcc/avr/4.3.0/../../../../avr/lib/avr5/crtm169p.o
                0x00000096                __vector_22
                0x00000096                __vector_1
                0x00000096                __vector_12
                0x00000096                __bad_interrupt
                0x00000096                __vector_3
                0x00000096                __vector_11
                0x00000096                __vector_13
                0x00000096                __vector_17
                0x00000096                __vector_4
                0x00000096                __vector_2
                0x00000096                __vector_21
                0x00000096                __vector_15
                0x00000096                __vector_14
                0x00000096                __vector_10
                0x00000096                __vector_16
                0x00000096                __vector_18
                0x00000096                __vector_20
 .text          0x0000009a      0x1b4 main.o
                0x0000009a                clock_init
                0x000000b0                init
                0x0000010a                main
                0x000001f8                print_bin
 .text          0x0000024e      0x1fe adc.o
                0x00000254                isfinite
                0x0000026c                adc_set_channel
                0x000003ba                print_adc_values
                0x00000284                __vector_19
                0x0000024e                copysign
                0x00000322                adc_init
 .text          0x0000044c       0x5c usart.o
                0x0000046e                usart_init
 .text          0x000004a8      0x1aa timers.o
                0x000004a8                timer2_init
                0x0000059e                __vector_6
                0x00000520                timer1_init
                0x00000602                timers_init
                0x000005b6                __vector_7
                0x0000060c                __vector_5
                0x00000580                __vector_9
                0x000005dc                __vector_8
 .text          0x00000652      0x146 motor.o
                0x000006f4                motor_mode_R
                0x00000746                motor_mode_L
                0x000006b8                lf_turn_right_inc
                0x00000662                get_motor_R
                0x00000672                set_motor_L
                0x00000652                get_motor_L
                0x000006d2                lf_full_speed
                0x0000068e                lf_turn_left_inc
                0x00000680                set_motor_R
 .text          0x00000798        0x0 /usr/lib/gcc/avr/4.3.0/avr5/libgcc.a(_exit.o)
 .text          0x00000798        0x0 /usr/lib/gcc/avr/4.3.0/avr5/libgcc.a(_copy_data.o)
 .text          0x00000798        0x0 /usr/lib/gcc/avr/4.3.0/avr5/libgcc.a(_clear_bss.o)
 .text          0x00000798        0x0 /usr/lib/gcc/avr/4.3.0/../../../../avr/lib/avr5/libc.a(iob.o)
 .text          0x00000798       0x2a /usr/lib/gcc/avr/4.3.0/../../../../avr/lib/avr5/libc.a(printf.o)
                0x00000798                printf
 .text          0x000007c2        0xe /usr/lib/gcc/avr/4.3.0/../../../../avr/lib/avr5/libc.a(putchar.o)
                0x000007c2                putchar
 .text          0x000007d0       0x6a /usr/lib/gcc/avr/4.3.0/../../../../avr/lib/avr5/libc.a(puts.o)
                0x000007d0                puts
 .text          0x0000083a      0x3be /usr/lib/gcc/avr/4.3.0/../../../../avr/lib/avr5/libc.a(vfprintf_std.o)
                0x0000083a                vfprintf
 .text          0x00000bf8       0x16 /usr/lib/gcc/avr/4.3.0/../../../../avr/lib/avr5/libc.a(strnlen_P.o)
                0x00000bf8                strnlen_P
 .text          0x00000c0e       0x16 /usr/lib/gcc/avr/4.3.0/../../../../avr/lib/avr5/libc.a(strnlen.o)
                0x00000c0e                strnlen
 .text          0x00000c24       0x58 /usr/lib/gcc/avr/4.3.0/../../../../avr/lib/avr5/libc.a(fputc.o)
                0x00000c24                fputc
 .text          0x00000c7c       0xbc /usr/lib/gcc/avr/4.3.0/../../../../avr/lib/avr5/libc.a(ultoa_invert.o)
                0x00000c7c                __ultoa_invert
 .text          0x00000d38        0x0 /usr/lib/gcc/avr/4.3.0/avr5/libgcc.a(_prologue.o)
 .text          0x00000d38        0x0 /usr/lib/gcc/avr/4.3.0/avr5/libgcc.a(_epilogue.o)
                0x00000d38                . = ALIGN (0x2)
 *(.text.*)
 .text.libgcc   0x00000d38        0x0 /usr/lib/gcc/avr/4.3.0/avr5/libgcc.a(_exit.o)
 .text.libgcc   0x00000d38        0x0 /usr/lib/gcc/avr/4.3.0/avr5/libgcc.a(_copy_data.o)
 .text.libgcc   0x00000d38        0x0 /usr/lib/gcc/avr/4.3.0/avr5/libgcc.a(_clear_bss.o)
 .text.libgcc   0x00000d38       0x38 /usr/lib/gcc/avr/4.3.0/avr5/libgcc.a(_prologue.o)
                0x00000d38                __prologue_saves__
 .text.libgcc   0x00000d70       0x36 /usr/lib/gcc/avr/4.3.0/avr5/libgcc.a(_epilogue.o)
                0x00000d70                __epilogue_restores__
                0x00000da6                . = ALIGN (0x2)
 *(.fini9)
 .fini9         0x00000da6        0x0 /usr/lib/gcc/avr/4.3.0/avr5/libgcc.a(_exit.o)
                0x00000da6                exit
                0x00000da6                _exit
 *(.fini9)
 *(.fini8)
 *(.fini8)
 *(.fini7)
 *(.fini7)
 *(.fini6)
 *(.fini6)
 *(.fini5)
 *(.fini5)
 *(.fini4)
 *(.fini4)
 *(.fini3)
 *(.fini3)
 *(.fini2)
 *(.fini2)
 *(.fini1)
 *(.fini1)
 *(.fini0)
 .fini0         0x00000da6        0x4 /usr/lib/gcc/avr/4.3.0/avr5/libgcc.a(_exit.o)
 *(.fini0)
                0x00000daa                _etext = .

.data           0x00800100       0x90 load address 0x00000daa
                0x00800100                PROVIDE (__data_start, .)
 *(.data)
 .data          0x00800100        0x0 /usr/lib/gcc/avr/4.3.0/../../../../avr/lib/avr5/crtm169p.o
 .data          0x00800100       0x1c main.o
 .data          0x0080011c       0x39 adc.o
 .data          0x00800155        0xe usart.o
 .data          0x00800163        0x9 timers.o
 .data          0x0080016c       0x24 motor.o
 .data          0x00800190        0x0 /usr/lib/gcc/avr/4.3.0/avr5/libgcc.a(_exit.o)
 .data          0x00800190        0x0 /usr/lib/gcc/avr/4.3.0/avr5/libgcc.a(_copy_data.o)
 .data          0x00800190        0x0 /usr/lib/gcc/avr/4.3.0/avr5/libgcc.a(_clear_bss.o)
 .data          0x00800190        0x0 /usr/lib/gcc/avr/4.3.0/../../../../avr/lib/avr5/libc.a(iob.o)
 .data          0x00800190        0x0 /usr/lib/gcc/avr/4.3.0/../../../../avr/lib/avr5/libc.a(printf.o)
 .data          0x00800190        0x0 /usr/lib/gcc/avr/4.3.0/../../../../avr/lib/avr5/libc.a(putchar.o)
 .data          0x00800190        0x0 /usr/lib/gcc/avr/4.3.0/../../../../avr/lib/avr5/libc.a(puts.o)
 .data          0x00800190        0x0 /usr/lib/gcc/avr/4.3.0/../../../../avr/lib/avr5/libc.a(vfprintf_std.o)
 .data          0x00800190        0x0 /usr/lib/gcc/avr/4.3.0/../../../../avr/lib/avr5/libc.a(strnlen_P.o)
 .data          0x00800190        0x0 /usr/lib/gcc/avr/4.3.0/../../../../avr/lib/avr5/libc.a(strnlen.o)
 .data          0x00800190        0x0 /usr/lib/gcc/avr/4.3.0/../../../../avr/lib/avr5/libc.a(fputc.o)
 .data          0x00800190        0x0 /usr/lib/gcc/avr/4.3.0/../../../../avr/lib/avr5/libc.a(ultoa_invert.o)
 .data          0x00800190        0x0 /usr/lib/gcc/avr/4.3.0/avr5/libgcc.a(_prologue.o)
 .data          0x00800190        0x0 /usr/lib/gcc/avr/4.3.0/avr5/libgcc.a(_epilogue.o)
 *(.data*)
 *(.rodata)
 *(.rodata*)
 *(.gnu.linkonce.d*)
                0x00800190                . = ALIGN (0x2)
                0x00800190                _edata = .
                0x00800190                PROVIDE (__data_end, .)

.bss            0x00800190       0x1c load address 0x00000e3a
                0x00800190                PROVIDE (__bss_start, .)
 *(.bss)
 .bss           0x00800190        0x0 /usr/lib/gcc/avr/4.3.0/../../../../avr/lib/avr5/crtm169p.o
 .bss           0x00800190        0x0 main.o
 .bss           0x00800190        0x0 adc.o
 .bss           0x00800190        0x0 usart.o
 .bss           0x00800190        0x3 timers.o
 .bss           0x00800193        0x2 motor.o
 .bss           0x00800195        0x0 /usr/lib/gcc/avr/4.3.0/avr5/libgcc.a(_exit.o)
 .bss           0x00800195        0x0 /usr/lib/gcc/avr/4.3.0/avr5/libgcc.a(_copy_data.o)
 .bss           0x00800195        0x0 /usr/lib/gcc/avr/4.3.0/avr5/libgcc.a(_clear_bss.o)
 .bss           0x00800195        0x0 /usr/lib/gcc/avr/4.3.0/../../../../avr/lib/avr5/libc.a(iob.o)
 .bss           0x00800195        0x0 /usr/lib/gcc/avr/4.3.0/../../../../avr/lib/avr5/libc.a(printf.o)
 .bss           0x00800195        0x0 /usr/lib/gcc/avr/4.3.0/../../../../avr/lib/avr5/libc.a(putchar.o)
 .bss           0x00800195        0x0 /usr/lib/gcc/avr/4.3.0/../../../../avr/lib/avr5/libc.a(puts.o)
 .bss           0x00800195        0x0 /usr/lib/gcc/avr/4.3.0/../../../../avr/lib/avr5/libc.a(vfprintf_std.o)
 .bss           0x00800195        0x0 /usr/lib/gcc/avr/4.3.0/../../../../avr/lib/avr5/libc.a(strnlen_P.o)
 .bss           0x00800195        0x0 /usr/lib/gcc/avr/4.3.0/../../../../avr/lib/avr5/libc.a(strnlen.o)
 .bss           0x00800195        0x0 /usr/lib/gcc/avr/4.3.0/../../../../avr/lib/avr5/libc.a(fputc.o)
 .bss           0x00800195        0x0 /usr/lib/gcc/avr/4.3.0/../../../../avr/lib/avr5/libc.a(ultoa_invert.o)
 .bss           0x00800195        0x0 /usr/lib/gcc/avr/4.3.0/avr5/libgcc.a(_prologue.o)
 .bss           0x00800195        0x0 /usr/lib/gcc/avr/4.3.0/avr5/libgcc.a(_epilogue.o)
 *(.bss*)
 *(COMMON)
 COMMON         0x00800195       0x11 main.o
                0x00800195                adc_val
                0x0080019d                curr_ch
                0x0080019e                adc_amt
 COMMON         0x008001a6        0x6 /usr/lib/gcc/avr/4.3.0/../../../../avr/lib/avr5/libc.a(iob.o)
                0x008001a6                __iob
                0x008001ac                PROVIDE (__bss_end, .)
                0x00000daa                __data_load_start = LOADADDR (.data)
                0x00000e3a                __data_load_end = (__data_load_start + SIZEOF (.data))

.noinit         0x008001ac        0x0
                0x008001ac                PROVIDE (__noinit_start, .)
 *(.noinit*)
                0x008001ac                PROVIDE (__noinit_end, .)
                0x008001ac                _end = .
                0x008001ac                PROVIDE (__heap_start, .)

.eeprom         0x00810000        0x0
 *(.eeprom*)
                0x00810000                __eeprom_end = .

.fuse
 *(.fuse)
 *(.lfuse)
 *(.hfuse)
 *(.efuse)

.lock
 *(.lock*)

.signature
 *(.signature*)

.stab           0x00000000     0x3ee8
 *(.stab)
 .stab          0x00000000      0x6b4 /usr/lib/gcc/avr/4.3.0/../../../../avr/lib/avr5/crtm169p.o
 .stab          0x000006b4      0x78c main.o
                                0x798 (size before relaxing)
 .stab          0x00000e40      0x504 adc.o
                                0x744 (size before relaxing)
 .stab          0x00001344      0x288 usart.o
                                0x4c8 (size before relaxing)
 .stab          0x000015cc      0x624 timers.o
                                0x840 (size before relaxing)
 .stab          0x00001bf0      0xa2c motor.o
                                0xc60 (size before relaxing)
 .stab          0x0000261c      0x2c4 /usr/lib/gcc/avr/4.3.0/../../../../avr/lib/avr5/libc.a(iob.o)
                                0x30c (size before relaxing)
 .stab          0x000028e0      0x18c /usr/lib/gcc/avr/4.3.0/../../../../avr/lib/avr5/libc.a(printf.o)
                                0x36c (size before relaxing)
 .stab          0x00002a6c      0x180 /usr/lib/gcc/avr/4.3.0/../../../../avr/lib/avr5/libc.a(putchar.o)
                                0x360 (size before relaxing)
 .stab          0x00002bec      0x1d4 /usr/lib/gcc/avr/4.3.0/../../../../avr/lib/avr5/libc.a(puts.o)
                                0x3b4 (size before relaxing)
 .stab          0x00002dc0      0x99c /usr/lib/gcc/avr/4.3.0/../../../../avr/lib/avr5/libc.a(vfprintf_std.o)
                                0xb7c (size before relaxing)
 .stab          0x0000375c       0x9c /usr/lib/gcc/avr/4.3.0/../../../../avr/lib/avr5/libc.a(strnlen_P.o)
                                 0xa8 (size before relaxing)
 .stab          0x000037f8       0x9c /usr/lib/gcc/avr/4.3.0/../../../../avr/lib/avr5/libc.a(strnlen.o)
                                 0xa8 (size before relaxing)
 .stab          0x00003894      0x1d4 /usr/lib/gcc/avr/4.3.0/../../../../avr/lib/avr5/libc.a(fputc.o)
                                0x3b4 (size before relaxing)
 .stab          0x00003a68      0x480 /usr/lib/gcc/avr/4.3.0/../../../../avr/lib/avr5/libc.a(ultoa_invert.o)
                                0x48c (size before relaxing)

.stabstr        0x00000000     0x1a52
 *(.stabstr)
 .stabstr       0x00000000     0x1a52 /usr/lib/gcc/avr/4.3.0/../../../../avr/lib/avr5/crtm169p.o

.stab.excl
 *(.stab.excl)

.stab.exclstr
 *(.stab.exclstr)

.stab.index
 *(.stab.index)

.stab.indexstr
 *(.stab.indexstr)

.comment
 *(.comment)

.debug
 *(.debug)

.line
 *(.line)

.debug_srcinfo
 *(.debug_srcinfo)

.debug_sfnames
 *(.debug_sfnames)

.debug_aranges
 *(.debug_aranges)

.debug_pubnames
 *(.debug_pubnames)

.debug_info
 *(.debug_info)
 *(.gnu.linkonce.wi.*)

.debug_abbrev
 *(.debug_abbrev)

.debug_line
 *(.debug_line)

.debug_frame
 *(.debug_frame)

.debug_str
 *(.debug_str)

.debug_loc
 *(.debug_loc)

.debug_macinfo
 *(.debug_macinfo)
OUTPUT(main.elf elf32-avr)
LOAD linker stubs

Cross Reference Table

Symbol                                            File
__bad_interrupt                                   /usr/lib/gcc/avr/4.3.0/../../../../avr/lib/avr5/crtm169p.o
__bss_end                                         /usr/lib/gcc/avr/4.3.0/avr5/libgcc.a(_clear_bss.o)
__bss_start                                       /usr/lib/gcc/avr/4.3.0/avr5/libgcc.a(_clear_bss.o)
__data_end                                        /usr/lib/gcc/avr/4.3.0/avr5/libgcc.a(_copy_data.o)
__data_load_start                                 /usr/lib/gcc/avr/4.3.0/avr5/libgcc.a(_copy_data.o)
__data_start                                      /usr/lib/gcc/avr/4.3.0/avr5/libgcc.a(_copy_data.o)
__do_clear_bss                                    /usr/lib/gcc/avr/4.3.0/avr5/libgcc.a(_clear_bss.o)
                                                  /usr/lib/gcc/avr/4.3.0/../../../../avr/lib/avr5/libc.a(fputc.o)
                                                  /usr/lib/gcc/avr/4.3.0/../../../../avr/lib/avr5/libc.a(vfprintf_std.o)
                                                  /usr/lib/gcc/avr/4.3.0/../../../../avr/lib/avr5/libc.a(puts.o)
                                                  /usr/lib/gcc/avr/4.3.0/../../../../avr/lib/avr5/libc.a(putchar.o)
                                                  /usr/lib/gcc/avr/4.3.0/../../../../avr/lib/avr5/libc.a(printf.o)
                                                  /usr/lib/gcc/avr/4.3.0/../../../../avr/lib/avr5/libc.a(iob.o)
                                                  motor.o
                                                  timers.o
                                                  usart.o
                                                  adc.o
                                                  main.o
__do_copy_data                                    /usr/lib/gcc/avr/4.3.0/avr5/libgcc.a(_copy_data.o)
                                                  /usr/lib/gcc/avr/4.3.0/../../../../avr/lib/avr5/libc.a(fputc.o)
                                                  /usr/lib/gcc/avr/4.3.0/../../../../avr/lib/avr5/libc.a(vfprintf_std.o)
                                                  /usr/lib/gcc/avr/4.3.0/../../../../avr/lib/avr5/libc.a(puts.o)
                                                  /usr/lib/gcc/avr/4.3.0/../../../../avr/lib/avr5/libc.a(putchar.o)
                                                  /usr/lib/gcc/avr/4.3.0/../../../../avr/lib/avr5/libc.a(printf.o)
                                                  /usr/lib/gcc/avr/4.3.0/../../../../avr/lib/avr5/libc.a(iob.o)
                                                  motor.o
                                                  timers.o
                                                  usart.o
                                                  adc.o
                                                  main.o
__epilogue_restores__                             /usr/lib/gcc/avr/4.3.0/avr5/libgcc.a(_epilogue.o)
                                                  /usr/lib/gcc/avr/4.3.0/../../../../avr/lib/avr5/libc.a(vfprintf_std.o)
                                                  /usr/lib/gcc/avr/4.3.0/../../../../avr/lib/avr5/libc.a(printf.o)
__heap_end                                        /usr/lib/gcc/avr/4.3.0/../../../../avr/lib/avr5/crtm169p.o
__init                                            /usr/lib/gcc/avr/4.3.0/../../../../avr/lib/avr5/crtm169p.o
__iob                                             /usr/lib/gcc/avr/4.3.0/../../../../avr/lib/avr5/libc.a(puts.o)
                                                  /usr/lib/gcc/avr/4.3.0/../../../../avr/lib/avr5/libc.a(putchar.o)
                                                  /usr/lib/gcc/avr/4.3.0/../../../../avr/lib/avr5/libc.a(printf.o)
                                                  /usr/lib/gcc/avr/4.3.0/../../../../avr/lib/avr5/libc.a(iob.o)
                                                  usart.o
__prologue_saves__                                /usr/lib/gcc/avr/4.3.0/avr5/libgcc.a(_prologue.o)
                                                  /usr/lib/gcc/avr/4.3.0/../../../../avr/lib/avr5/libc.a(vfprintf_std.o)
                                                  /usr/lib/gcc/avr/4.3.0/../../../../avr/lib/avr5/libc.a(printf.o)
__stack                                           /usr/lib/gcc/avr/4.3.0/../../../../avr/lib/avr5/crtm169p.o
__ultoa_invert                                    /usr/lib/gcc/avr/4.3.0/../../../../avr/lib/avr5/libc.a(ultoa_invert.o)
                                                  /usr/lib/gcc/avr/4.3.0/../../../../avr/lib/avr5/libc.a(vfprintf_std.o)
__vector_1                                        /usr/lib/gcc/avr/4.3.0/../../../../avr/lib/avr5/crtm169p.o
__vector_10                                       /usr/lib/gcc/avr/4.3.0/../../../../avr/lib/avr5/crtm169p.o
__vector_11                                       /usr/lib/gcc/avr/4.3.0/../../../../avr/lib/avr5/crtm169p.o
__vector_12                                       /usr/lib/gcc/avr/4.3.0/../../../../avr/lib/avr5/crtm169p.o
__vector_13                                       /usr/lib/gcc/avr/4.3.0/../../../../avr/lib/avr5/crtm169p.o
__vector_14                                       /usr/lib/gcc/avr/4.3.0/../../../../avr/lib/avr5/crtm169p.o
__vector_15                                       /usr/lib/gcc/avr/4.3.0/../../../../avr/lib/avr5/crtm169p.o
__vector_16                                       /usr/lib/gcc/avr/4.3.0/../../../../avr/lib/avr5/crtm169p.o
__vector_17                                       /usr/lib/gcc/avr/4.3.0/../../../../avr/lib/avr5/crtm169p.o
__vector_18                                       /usr/lib/gcc/avr/4.3.0/../../../../avr/lib/avr5/crtm169p.o
__vector_19                                       adc.o
                                                  /usr/lib/gcc/avr/4.3.0/../../../../avr/lib/avr5/crtm169p.o
__vector_2                                        /usr/lib/gcc/avr/4.3.0/../../../../avr/lib/avr5/crtm169p.o
__vector_20                                       /usr/lib/gcc/avr/4.3.0/../../../../avr/lib/avr5/crtm169p.o
__vector_21                                       /usr/lib/gcc/avr/4.3.0/../../../../avr/lib/avr5/crtm169p.o
__vector_22                                       /usr/lib/gcc/avr/4.3.0/../../../../avr/lib/avr5/crtm169p.o
__vector_3                                        /usr/lib/gcc/avr/4.3.0/../../../../avr/lib/avr5/crtm169p.o
__vector_4                                        /usr/lib/gcc/avr/4.3.0/../../../../avr/lib/avr5/crtm169p.o
__vector_5                                        timers.o
                                                  /usr/lib/gcc/avr/4.3.0/../../../../avr/lib/avr5/crtm169p.o
__vector_6                                        timers.o
                                                  /usr/lib/gcc/avr/4.3.0/../../../../avr/lib/avr5/crtm169p.o
__vector_7                                        timers.o
                                                  /usr/lib/gcc/avr/4.3.0/../../../../avr/lib/avr5/crtm169p.o
__vector_8                                        timers.o
                                                  /usr/lib/gcc/avr/4.3.0/../../../../avr/lib/avr5/crtm169p.o
__vector_9                                        timers.o
                                                  /usr/lib/gcc/avr/4.3.0/../../../../avr/lib/avr5/crtm169p.o
__vector_default                                  /usr/lib/gcc/avr/4.3.0/../../../../avr/lib/avr5/crtm169p.o
__vectors                                         /usr/lib/gcc/avr/4.3.0/../../../../avr/lib/avr5/crtm169p.o
_exit                                             /usr/lib/gcc/avr/4.3.0/avr5/libgcc.a(_exit.o)
adc_amt                                           timers.o
                                                  adc.o
                                                  main.o
adc_init                                          adc.o
                                                  main.o
adc_set_channel                                   adc.o
adc_val                                           timers.o
                                                  adc.o
                                                  main.o
clock_init                                        main.o
copysign                                          adc.o
curr_ch                                           timers.o
                                                  adc.o
                                                  main.o
exit                                              /usr/lib/gcc/avr/4.3.0/avr5/libgcc.a(_exit.o)
                                                  /usr/lib/gcc/avr/4.3.0/../../../../avr/lib/avr5/crtm169p.o
fputc                                             /usr/lib/gcc/avr/4.3.0/../../../../avr/lib/avr5/libc.a(fputc.o)
                                                  /usr/lib/gcc/avr/4.3.0/../../../../avr/lib/avr5/libc.a(vfprintf_std.o)
                                                  /usr/lib/gcc/avr/4.3.0/../../../../avr/lib/avr5/libc.a(putchar.o)
get_motor_L                                       motor.o
                                                  main.o
get_motor_R                                       motor.o
                                                  main.o
init                                              main.o
isfinite                                          adc.o
lf_full_speed                                     motor.o
                                                  main.o
lf_turn_left_inc                                  motor.o
                                                  main.o
lf_turn_right_inc                                 motor.o
                                                  main.o
main                                              main.o
                                                  /usr/lib/gcc/avr/4.3.0/../../../../avr/lib/avr5/crtm169p.o
motor_mode_L                                      motor.o
                                                  main.o
motor_mode_R                                      motor.o
                                                  main.o
print_adc_values                                  adc.o
                                                  main.o
print_bin                                         main.o
printf                                            /usr/lib/gcc/avr/4.3.0/../../../../avr/lib/avr5/libc.a(printf.o)
                                                  motor.o
                                                  timers.o
                                                  adc.o
                                                  main.o
putchar                                           /usr/lib/gcc/avr/4.3.0/../../../../avr/lib/avr5/libc.a(putchar.o)
                                                  adc.o
                                                  main.o
puts                                              /usr/lib/gcc/avr/4.3.0/../../../../avr/lib/avr5/libc.a(puts.o)
                                                  adc.o
                                                  main.o
set_motor_L                                       motor.o
                                                  main.o
set_motor_R                                       motor.o
                                                  main.o
strnlen                                           /usr/lib/gcc/avr/4.3.0/../../../../avr/lib/avr5/libc.a(strnlen.o)
                                                  /usr/lib/gcc/avr/4.3.0/../../../../avr/lib/avr5/libc.a(vfprintf_std.o)
strnlen_P                                         /usr/lib/gcc/avr/4.3.0/../../../../avr/lib/avr5/libc.a(strnlen_P.o)
                                                  /usr/lib/gcc/avr/4.3.0/../../../../avr/lib/avr5/libc.a(vfprintf_std.o)
timer1_init                                       timers.o
timer2_init                                       timers.o
timers_init                                       timers.o
                                                  main.o
usart_init                                        usart.o
                                                  main.o
vfprintf                                          /usr/lib/gcc/avr/4.3.0/../../../../avr/lib/avr5/libc.a(vfprintf_std.o)
                                                  /usr/lib/gcc/avr/4.3.0/../../../../avr/lib/avr5/libc.a(printf.o)
