Archive member included because of file (symbol)

c:/winavr-20080610/bin/../lib/gcc/avr/4.3.0/avr5\libgcc.a(_exit.o)
                              c:/winavr-20080610/bin/../lib/gcc/avr/4.3.0/../../../../avr/lib/avr5/crtm169p.o (exit)
c:/winavr-20080610/bin/../lib/gcc/avr/4.3.0/avr5\libgcc.a(_copy_data.o)
                              main.o (__do_copy_data)
c:/winavr-20080610/bin/../lib/gcc/avr/4.3.0/avr5\libgcc.a(_clear_bss.o)
                              main.o (__do_clear_bss)
c:/winavr-20080610/bin/../lib/gcc/avr/4.3.0/../../../../avr/lib/avr5\libc.a(iob.o)
                              usart.o (__iob)
c:/winavr-20080610/bin/../lib/gcc/avr/4.3.0/../../../../avr/lib/avr5\libc.a(printf.o)
                              main.o (printf)
c:/winavr-20080610/bin/../lib/gcc/avr/4.3.0/../../../../avr/lib/avr5\libc.a(printf_p.o)
                              main.o (printf_P)
c:/winavr-20080610/bin/../lib/gcc/avr/4.3.0/../../../../avr/lib/avr5\libc.a(putchar.o)
                              main.o (putchar)
c:/winavr-20080610/bin/../lib/gcc/avr/4.3.0/../../../../avr/lib/avr5\libc.a(scanf.o)
                              main.o (scanf)
c:/winavr-20080610/bin/../lib/gcc/avr/4.3.0/../../../../avr/lib/avr5\libc.a(vfprintf_std.o)
                              c:/winavr-20080610/bin/../lib/gcc/avr/4.3.0/../../../../avr/lib/avr5\libc.a(printf.o) (vfprintf)
c:/winavr-20080610/bin/../lib/gcc/avr/4.3.0/../../../../avr/lib/avr5\libc.a(vfscanf_std.o)
                              c:/winavr-20080610/bin/../lib/gcc/avr/4.3.0/../../../../avr/lib/avr5\libc.a(scanf.o) (vfscanf)
c:/winavr-20080610/bin/../lib/gcc/avr/4.3.0/../../../../avr/lib/avr5\libc.a(isspace.o)
                              c:/winavr-20080610/bin/../lib/gcc/avr/4.3.0/../../../../avr/lib/avr5\libc.a(vfscanf_std.o) (isspace)
c:/winavr-20080610/bin/../lib/gcc/avr/4.3.0/../../../../avr/lib/avr5\libc.a(strchr_P.o)
                              c:/winavr-20080610/bin/../lib/gcc/avr/4.3.0/../../../../avr/lib/avr5\libc.a(vfscanf_std.o) (strchr_P)
c:/winavr-20080610/bin/../lib/gcc/avr/4.3.0/../../../../avr/lib/avr5\libc.a(strnlen_P.o)
                              c:/winavr-20080610/bin/../lib/gcc/avr/4.3.0/../../../../avr/lib/avr5\libc.a(vfprintf_std.o) (strnlen_P)
c:/winavr-20080610/bin/../lib/gcc/avr/4.3.0/../../../../avr/lib/avr5\libc.a(strnlen.o)
                              c:/winavr-20080610/bin/../lib/gcc/avr/4.3.0/../../../../avr/lib/avr5\libc.a(vfprintf_std.o) (strnlen)
c:/winavr-20080610/bin/../lib/gcc/avr/4.3.0/../../../../avr/lib/avr5\libc.a(fgetc.o)
                              c:/winavr-20080610/bin/../lib/gcc/avr/4.3.0/../../../../avr/lib/avr5\libc.a(vfscanf_std.o) (fgetc)
c:/winavr-20080610/bin/../lib/gcc/avr/4.3.0/../../../../avr/lib/avr5\libc.a(fputc.o)
                              c:/winavr-20080610/bin/../lib/gcc/avr/4.3.0/../../../../avr/lib/avr5\libc.a(putchar.o) (fputc)
c:/winavr-20080610/bin/../lib/gcc/avr/4.3.0/../../../../avr/lib/avr5\libc.a(ungetc.o)
                              c:/winavr-20080610/bin/../lib/gcc/avr/4.3.0/../../../../avr/lib/avr5\libc.a(vfscanf_std.o) (ungetc)
c:/winavr-20080610/bin/../lib/gcc/avr/4.3.0/../../../../avr/lib/avr5\libc.a(ultoa_invert.o)
                              c:/winavr-20080610/bin/../lib/gcc/avr/4.3.0/../../../../avr/lib/avr5\libc.a(vfprintf_std.o) (__ultoa_invert)
c:/winavr-20080610/bin/../lib/gcc/avr/4.3.0/../../../../avr/lib/avr5\libc.a(cty_isfalse.o)
                              c:/winavr-20080610/bin/../lib/gcc/avr/4.3.0/../../../../avr/lib/avr5\libc.a(isspace.o) (__ctype_isfalse)
c:/winavr-20080610/bin/../lib/gcc/avr/4.3.0/avr5\libgcc.a(_prologue.o)
                              c:/winavr-20080610/bin/../lib/gcc/avr/4.3.0/../../../../avr/lib/avr5\libc.a(printf.o) (__prologue_saves__)
c:/winavr-20080610/bin/../lib/gcc/avr/4.3.0/avr5\libgcc.a(_epilogue.o)
                              c:/winavr-20080610/bin/../lib/gcc/avr/4.3.0/../../../../avr/lib/avr5\libc.a(printf.o) (__epilogue_restores__)

Allocating common symbols
Common symbol       size              file

adc_val             0x8               main.o
adc_offset          0x8               main.o
curr_ch             0x1               main.o
adc_amt             0x8               main.o
__iob               0x6               c:/winavr-20080610/bin/../lib/gcc/avr/4.3.0/../../../../avr/lib/avr5\libc.a(iob.o)

Memory Configuration

Name             Origin             Length             Attributes
text             0x00000000         0x00020000         xr
data             0x00800060         0x0000ffa0         rw !x
eeprom           0x00810000         0x00010000         rw !x
fuse             0x00820000         0x00000400         rw !x
lock             0x00830000         0x00000400         rw !x
signature        0x00840000         0x00000400         rw !x
*default*        0x00000000         0xffffffff

Linker script and memory map

Address of section .data set to 0x800100
LOAD c:/winavr-20080610/bin/../lib/gcc/avr/4.3.0/../../../../avr/lib/avr5/crtm169p.o
LOAD main.o
LOAD adc.o
LOAD usart.o
LOAD timers.o
LOAD motor.o
LOAD c:/winavr-20080610/bin/../lib/gcc/avr/4.3.0/../../../../avr/lib/avr5\libm.a
LOAD c:/winavr-20080610/bin/../lib/gcc/avr/4.3.0/avr5\libgcc.a
LOAD c:/winavr-20080610/bin/../lib/gcc/avr/4.3.0/../../../../avr/lib/avr5\libc.a
LOAD c:/winavr-20080610/bin/../lib/gcc/avr/4.3.0/avr5\libgcc.a

.hash
 *(.hash)

.dynsym
 *(.dynsym)

.dynstr
 *(.dynstr)

.gnu.version
 *(.gnu.version)

.gnu.version_d
 *(.gnu.version_d)

.gnu.version_r
 *(.gnu.version_r)

.rel.init
 *(.rel.init)

.rela.init
 *(.rela.init)

.rel.text
 *(.rel.text)
 *(.rel.text.*)
 *(.rel.gnu.linkonce.t*)

.rela.text
 *(.rela.text)
 *(.rela.text.*)
 *(.rela.gnu.linkonce.t*)

.rel.fini
 *(.rel.fini)

.rela.fini
 *(.rela.fini)

.rel.rodata
 *(.rel.rodata)
 *(.rel.rodata.*)
 *(.rel.gnu.linkonce.r*)

.rela.rodata
 *(.rela.rodata)
 *(.rela.rodata.*)
 *(.rela.gnu.linkonce.r*)

.rel.data
 *(.rel.data)
 *(.rel.data.*)
 *(.rel.gnu.linkonce.d*)

.rela.data
 *(.rela.data)
 *(.rela.data.*)
 *(.rela.gnu.linkonce.d*)

.rel.ctors
 *(.rel.ctors)

.rela.ctors
 *(.rela.ctors)

.rel.dtors
 *(.rel.dtors)

.rela.dtors
 *(.rela.dtors)

.rel.got
 *(.rel.got)

.rela.got
 *(.rela.got)

.rel.bss
 *(.rel.bss)

.rela.bss
 *(.rela.bss)

.rel.plt
 *(.rel.plt)

.rela.plt
 *(.rela.plt)

.text           0x00000000     0x18be
 *(.vectors)
 .vectors       0x00000000       0x5c c:/winavr-20080610/bin/../lib/gcc/avr/4.3.0/../../../../avr/lib/avr5/crtm169p.o
                0x00000000                __vectors
                0x00000000                __vector_default
 *(.vectors)
 *(.progmem.gcc*)
 *(.progmem*)
 .progmem.data  0x0000005c       0x69 main.o
 .progmem.data  0x000000c5       0x33 adc.o
 .progmem.data  0x000000f8       0x1e usart.o
 .progmem.data  0x00000116       0x67 timers.o
 .progmem.data  0x0000017d        0xc c:/winavr-20080610/bin/../lib/gcc/avr/4.3.0/../../../../avr/lib/avr5\libc.a(vfscanf_std.o)
                0x0000018a                . = ALIGN (0x2)
 *fill*         0x00000189        0x1 00
                0x0000018a                __trampolines_start = .
 *(.trampolines)
 .trampolines   0x0000018a        0x0 linker stubs
 *(.trampolines*)
                0x0000018a                __trampolines_end = .
 *(.jumptables)
 *(.jumptables*)
 *(.lowtext)
 *(.lowtext*)
                0x0000018a                __ctors_start = .
 *(.ctors)
                0x0000018a                __ctors_end = .
                0x0000018a                __dtors_start = .
 *(.dtors)
                0x0000018a                __dtors_end = .
 SORT(*)(.ctors)
 SORT(*)(.dtors)
 *(.init0)
 .init0         0x0000018a        0x0 c:/winavr-20080610/bin/../lib/gcc/avr/4.3.0/../../../../avr/lib/avr5/crtm169p.o
                0x0000018a                __init
 *(.init0)
 *(.init1)
 *(.init1)
 *(.init2)
 .init2         0x0000018a        0xc c:/winavr-20080610/bin/../lib/gcc/avr/4.3.0/../../../../avr/lib/avr5/crtm169p.o
 *(.init2)
 *(.init3)
 *(.init3)
 *(.init4)
 .init4         0x00000196       0x16 c:/winavr-20080610/bin/../lib/gcc/avr/4.3.0/avr5\libgcc.a(_copy_data.o)
                0x00000196                __do_copy_data
 .init4         0x000001ac       0x10 c:/winavr-20080610/bin/../lib/gcc/avr/4.3.0/avr5\libgcc.a(_clear_bss.o)
                0x000001ac                __do_clear_bss
 *(.init4)
 *(.init5)
 *(.init5)
 *(.init6)
 *(.init6)
 *(.init7)
 *(.init7)
 *(.init8)
 *(.init8)
 *(.init9)
 .init9         0x000001bc        0x8 c:/winavr-20080610/bin/../lib/gcc/avr/4.3.0/../../../../avr/lib/avr5/crtm169p.o
 *(.init9)
 *(.text)
 .text          0x000001c4        0x4 c:/winavr-20080610/bin/../lib/gcc/avr/4.3.0/../../../../avr/lib/avr5/crtm169p.o
                0x000001c4                __vector_22
                0x000001c4                __vector_1
                0x000001c4                __vector_12
                0x000001c4                __bad_interrupt
                0x000001c4                __vector_3
                0x000001c4                __vector_11
                0x000001c4                __vector_13
                0x000001c4                __vector_17
                0x000001c4                __vector_4
                0x000001c4                __vector_2
                0x000001c4                __vector_21
                0x000001c4                __vector_15
                0x000001c4                __vector_14
                0x000001c4                __vector_10
                0x000001c4                __vector_16
                0x000001c4                __vector_18
                0x000001c4                __vector_20
 .text          0x000001c8      0x316 main.o
                0x000001c8                clock_init
                0x0000024e                init
                0x000002c8                main
                0x000001f8                print_bin
                0x000001de                joy_init
 .text          0x000004de      0x224 adc.o
                0x000004de                adc_set_channel
                0x00000670                print_adc_values
                0x000004f6                __vector_19
                0x00000594                adc_init
 .text          0x00000702      0x208 usart.o
                0x00000724                usart0_getchar
                0x000008b8                usart_init
 .text          0x0000090a      0x232 timers.o
                0x00000a0c                timer2_init
                0x00000928                __vector_6
                0x0000098c                timer1_init
                0x00000aa4                timers_init
                0x00000940                __vector_7
                0x00000ace                __vector_5
                0x0000090a                __vector_9
                0x00000966                __vector_8
 .text          0x00000b3c      0x156 motor.o
                0x00000bee                motor_mode_R
                0x00000c40                motor_mode_L
                0x00000ba2                lf_turn_right_inc
                0x00000b4c                get_motor_R
                0x00000b5c                set_motor_L
                0x00000b3c                get_motor_L
                0x00000bcc                lf_full_speed
                0x00000b78                lf_turn_left_inc
                0x00000b6a                set_motor_R
 .text          0x00000c92        0x0 c:/winavr-20080610/bin/../lib/gcc/avr/4.3.0/avr5\libgcc.a(_exit.o)
 .text          0x00000c92        0x0 c:/winavr-20080610/bin/../lib/gcc/avr/4.3.0/avr5\libgcc.a(_copy_data.o)
 .text          0x00000c92        0x0 c:/winavr-20080610/bin/../lib/gcc/avr/4.3.0/avr5\libgcc.a(_clear_bss.o)
 .text          0x00000c92        0x0 c:/winavr-20080610/bin/../lib/gcc/avr/4.3.0/../../../../avr/lib/avr5\libc.a(iob.o)
 .text          0x00000c92       0x2a c:/winavr-20080610/bin/../lib/gcc/avr/4.3.0/../../../../avr/lib/avr5\libc.a(printf.o)
                0x00000c92                printf
 .text          0x00000cbc       0x4c c:/winavr-20080610/bin/../lib/gcc/avr/4.3.0/../../../../avr/lib/avr5\libc.a(printf_p.o)
                0x00000cbc                printf_P
 .text          0x00000d08        0xe c:/winavr-20080610/bin/../lib/gcc/avr/4.3.0/../../../../avr/lib/avr5\libc.a(putchar.o)
                0x00000d08                putchar
 .text          0x00000d16       0x2a c:/winavr-20080610/bin/../lib/gcc/avr/4.3.0/../../../../avr/lib/avr5\libc.a(scanf.o)
                0x00000d16                scanf
 .text          0x00000d40      0x3be c:/winavr-20080610/bin/../lib/gcc/avr/4.3.0/../../../../avr/lib/avr5\libc.a(vfprintf_std.o)
                0x00000d40                vfprintf
 .text          0x000010fe      0x52a c:/winavr-20080610/bin/../lib/gcc/avr/4.3.0/../../../../avr/lib/avr5\libc.a(vfscanf_std.o)
                0x00001406                vfscanf
 .text          0x00001628        0x0 c:/winavr-20080610/bin/../lib/gcc/avr/4.3.0/../../../../avr/lib/avr5\libc.a(isspace.o)
 .text          0x00001628       0x16 c:/winavr-20080610/bin/../lib/gcc/avr/4.3.0/../../../../avr/lib/avr5\libc.a(strchr_P.o)
                0x00001628                strchr_P
 .text          0x0000163e       0x16 c:/winavr-20080610/bin/../lib/gcc/avr/4.3.0/../../../../avr/lib/avr5\libc.a(strnlen_P.o)
                0x0000163e                strnlen_P
 .text          0x00001654       0x16 c:/winavr-20080610/bin/../lib/gcc/avr/4.3.0/../../../../avr/lib/avr5\libc.a(strnlen.o)
                0x00001654                strnlen
 .text          0x0000166a       0x84 c:/winavr-20080610/bin/../lib/gcc/avr/4.3.0/../../../../avr/lib/avr5\libc.a(fgetc.o)
                0x0000166a                fgetc
 .text          0x000016ee       0x58 c:/winavr-20080610/bin/../lib/gcc/avr/4.3.0/../../../../avr/lib/avr5\libc.a(fputc.o)
                0x000016ee                fputc
 .text          0x00001746       0x34 c:/winavr-20080610/bin/../lib/gcc/avr/4.3.0/../../../../avr/lib/avr5\libc.a(ungetc.o)
                0x00001746                ungetc
 .text          0x0000177a       0xbc c:/winavr-20080610/bin/../lib/gcc/avr/4.3.0/../../../../avr/lib/avr5\libc.a(ultoa_invert.o)
                0x0000177a                __ultoa_invert
 .text          0x00001836        0x0 c:/winavr-20080610/bin/../lib/gcc/avr/4.3.0/../../../../avr/lib/avr5\libc.a(cty_isfalse.o)
 .text          0x00001836        0x0 c:/winavr-20080610/bin/../lib/gcc/avr/4.3.0/avr5\libgcc.a(_prologue.o)
 .text          0x00001836        0x0 c:/winavr-20080610/bin/../lib/gcc/avr/4.3.0/avr5\libgcc.a(_epilogue.o)
                0x00001836                . = ALIGN (0x2)
 *(.text.*)
 .text.libgcc   0x00001836        0x0 c:/winavr-20080610/bin/../lib/gcc/avr/4.3.0/avr5\libgcc.a(_exit.o)
 .text.libgcc   0x00001836        0x0 c:/winavr-20080610/bin/../lib/gcc/avr/4.3.0/avr5\libgcc.a(_copy_data.o)
 .text.libgcc   0x00001836        0x0 c:/winavr-20080610/bin/../lib/gcc/avr/4.3.0/avr5\libgcc.a(_clear_bss.o)
 .text.ctype    0x00001836       0x10 c:/winavr-20080610/bin/../lib/gcc/avr/4.3.0/../../../../avr/lib/avr5\libc.a(isspace.o)
                0x00001836                isspace
 .text.ctype    0x00001846        0x6 c:/winavr-20080610/bin/../lib/gcc/avr/4.3.0/../../../../avr/lib/avr5\libc.a(cty_isfalse.o)
                0x0000184a                __ctype_istrue
                0x00001846                __ctype_isfalse
 .text.libgcc   0x0000184c       0x38 c:/winavr-20080610/bin/../lib/gcc/avr/4.3.0/avr5\libgcc.a(_prologue.o)
                0x0000184c                __prologue_saves__
 .text.libgcc   0x00001884       0x36 c:/winavr-20080610/bin/../lib/gcc/avr/4.3.0/avr5\libgcc.a(_epilogue.o)
                0x00001884                __epilogue_restores__
                0x000018ba                . = ALIGN (0x2)
 *(.fini9)
 .fini9         0x000018ba        0x0 c:/winavr-20080610/bin/../lib/gcc/avr/4.3.0/avr5\libgcc.a(_exit.o)
                0x000018ba                exit
                0x000018ba                _exit
 *(.fini9)
 *(.fini8)
 *(.fini8)
 *(.fini7)
 *(.fini7)
 *(.fini6)
 *(.fini6)
 *(.fini5)
 *(.fini5)
 *(.fini4)
 *(.fini4)
 *(.fini3)
 *(.fini3)
 *(.fini2)
 *(.fini2)
 *(.fini1)
 *(.fini1)
 *(.fini0)
 .fini0         0x000018ba        0x4 c:/winavr-20080610/bin/../lib/gcc/avr/4.3.0/avr5\libgcc.a(_exit.o)
 *(.fini0)
                0x000018be                _etext = .

.data           0x00800100       0x60 load address 0x000018be
                0x00800100                PROVIDE (__data_start, .)
 *(.data)
 .data          0x00800100        0x0 c:/winavr-20080610/bin/../lib/gcc/avr/4.3.0/../../../../avr/lib/avr5/crtm169p.o
 .data          0x00800100       0x13 main.o
 .data          0x00800113       0x12 adc.o
 .data          0x00800125        0xe usart.o
 .data          0x00800133        0x9 timers.o
 .data          0x0080013c       0x24 motor.o
 .data          0x00800160        0x0 c:/winavr-20080610/bin/../lib/gcc/avr/4.3.0/avr5\libgcc.a(_exit.o)
 .data          0x00800160        0x0 c:/winavr-20080610/bin/../lib/gcc/avr/4.3.0/avr5\libgcc.a(_copy_data.o)
 .data          0x00800160        0x0 c:/winavr-20080610/bin/../lib/gcc/avr/4.3.0/avr5\libgcc.a(_clear_bss.o)
 .data          0x00800160        0x0 c:/winavr-20080610/bin/../lib/gcc/avr/4.3.0/../../../../avr/lib/avr5\libc.a(iob.o)
 .data          0x00800160        0x0 c:/winavr-20080610/bin/../lib/gcc/avr/4.3.0/../../../../avr/lib/avr5\libc.a(printf.o)
 .data          0x00800160        0x0 c:/winavr-20080610/bin/../lib/gcc/avr/4.3.0/../../../../avr/lib/avr5\libc.a(printf_p.o)
 .data          0x00800160        0x0 c:/winavr-20080610/bin/../lib/gcc/avr/4.3.0/../../../../avr/lib/avr5\libc.a(putchar.o)
 .data          0x00800160        0x0 c:/winavr-20080610/bin/../lib/gcc/avr/4.3.0/../../../../avr/lib/avr5\libc.a(scanf.o)
 .data          0x00800160        0x0 c:/winavr-20080610/bin/../lib/gcc/avr/4.3.0/../../../../avr/lib/avr5\libc.a(vfprintf_std.o)
 .data          0x00800160        0x0 c:/winavr-20080610/bin/../lib/gcc/avr/4.3.0/../../../../avr/lib/avr5\libc.a(vfscanf_std.o)
 .data          0x00800160        0x0 c:/winavr-20080610/bin/../lib/gcc/avr/4.3.0/../../../../avr/lib/avr5\libc.a(isspace.o)
 .data          0x00800160        0x0 c:/winavr-20080610/bin/../lib/gcc/avr/4.3.0/../../../../avr/lib/avr5\libc.a(strchr_P.o)
 .data          0x00800160        0x0 c:/winavr-20080610/bin/../lib/gcc/avr/4.3.0/../../../../avr/lib/avr5\libc.a(strnlen_P.o)
 .data          0x00800160        0x0 c:/winavr-20080610/bin/../lib/gcc/avr/4.3.0/../../../../avr/lib/avr5\libc.a(strnlen.o)
 .data          0x00800160        0x0 c:/winavr-20080610/bin/../lib/gcc/avr/4.3.0/../../../../avr/lib/avr5\libc.a(fgetc.o)
 .data          0x00800160        0x0 c:/winavr-20080610/bin/../lib/gcc/avr/4.3.0/../../../../avr/lib/avr5\libc.a(fputc.o)
 .data          0x00800160        0x0 c:/winavr-20080610/bin/../lib/gcc/avr/4.3.0/../../../../avr/lib/avr5\libc.a(ungetc.o)
 .data          0x00800160        0x0 c:/winavr-20080610/bin/../lib/gcc/avr/4.3.0/../../../../avr/lib/avr5\libc.a(ultoa_invert.o)
 .data          0x00800160        0x0 c:/winavr-20080610/bin/../lib/gcc/avr/4.3.0/../../../../avr/lib/avr5\libc.a(cty_isfalse.o)
 .data          0x00800160        0x0 c:/winavr-20080610/bin/../lib/gcc/avr/4.3.0/avr5\libgcc.a(_prologue.o)
 .data          0x00800160        0x0 c:/winavr-20080610/bin/../lib/gcc/avr/4.3.0/avr5\libgcc.a(_epilogue.o)
 *(.data*)
 *(.rodata)
 *(.rodata*)
 *(.gnu.linkonce.d*)
                0x00800160                . = ALIGN (0x2)
                0x00800160                _edata = .
                0x00800160                PROVIDE (__data_end, .)

.bss            0x00800160       0xa5 load address 0x0000191e
                0x00800160                PROVIDE (__bss_start, .)
 *(.bss)
 .bss           0x00800160        0x0 c:/winavr-20080610/bin/../lib/gcc/avr/4.3.0/../../../../avr/lib/avr5/crtm169p.o
 .bss           0x00800160        0x0 main.o
 .bss           0x00800160        0x0 adc.o
 .bss           0x00800160       0x81 usart.o
 .bss           0x008001e1        0x3 timers.o
 .bss           0x008001e4        0x2 motor.o
 .bss           0x008001e6        0x0 c:/winavr-20080610/bin/../lib/gcc/avr/4.3.0/avr5\libgcc.a(_exit.o)
 .bss           0x008001e6        0x0 c:/winavr-20080610/bin/../lib/gcc/avr/4.3.0/avr5\libgcc.a(_copy_data.o)
 .bss           0x008001e6        0x0 c:/winavr-20080610/bin/../lib/gcc/avr/4.3.0/avr5\libgcc.a(_clear_bss.o)
 .bss           0x008001e6        0x0 c:/winavr-20080610/bin/../lib/gcc/avr/4.3.0/../../../../avr/lib/avr5\libc.a(iob.o)
 .bss           0x008001e6        0x0 c:/winavr-20080610/bin/../lib/gcc/avr/4.3.0/../../../../avr/lib/avr5\libc.a(printf.o)
 .bss           0x008001e6        0x0 c:/winavr-20080610/bin/../lib/gcc/avr/4.3.0/../../../../avr/lib/avr5\libc.a(printf_p.o)
 .bss           0x008001e6        0x0 c:/winavr-20080610/bin/../lib/gcc/avr/4.3.0/../../../../avr/lib/avr5\libc.a(putchar.o)
 .bss           0x008001e6        0x0 c:/winavr-20080610/bin/../lib/gcc/avr/4.3.0/../../../../avr/lib/avr5\libc.a(scanf.o)
 .bss           0x008001e6        0x0 c:/winavr-20080610/bin/../lib/gcc/avr/4.3.0/../../../../avr/lib/avr5\libc.a(vfprintf_std.o)
 .bss           0x008001e6        0x0 c:/winavr-20080610/bin/../lib/gcc/avr/4.3.0/../../../../avr/lib/avr5\libc.a(vfscanf_std.o)
 .bss           0x008001e6        0x0 c:/winavr-20080610/bin/../lib/gcc/avr/4.3.0/../../../../avr/lib/avr5\libc.a(isspace.o)
 .bss           0x008001e6        0x0 c:/winavr-20080610/bin/../lib/gcc/avr/4.3.0/../../../../avr/lib/avr5\libc.a(strchr_P.o)
 .bss           0x008001e6        0x0 c:/winavr-20080610/bin/../lib/gcc/avr/4.3.0/../../../../avr/lib/avr5\libc.a(strnlen_P.o)
 .bss           0x008001e6        0x0 c:/winavr-20080610/bin/../lib/gcc/avr/4.3.0/../../../../avr/lib/avr5\libc.a(strnlen.o)
 .bss           0x008001e6        0x0 c:/winavr-20080610/bin/../lib/gcc/avr/4.3.0/../../../../avr/lib/avr5\libc.a(fgetc.o)
 .bss           0x008001e6        0x0 c:/winavr-20080610/bin/../lib/gcc/avr/4.3.0/../../../../avr/lib/avr5\libc.a(fputc.o)
 .bss           0x008001e6        0x0 c:/winavr-20080610/bin/../lib/gcc/avr/4.3.0/../../../../avr/lib/avr5\libc.a(ungetc.o)
 .bss           0x008001e6        0x0 c:/winavr-20080610/bin/../lib/gcc/avr/4.3.0/../../../../avr/lib/avr5\libc.a(ultoa_invert.o)
 .bss           0x008001e6        0x0 c:/winavr-20080610/bin/../lib/gcc/avr/4.3.0/../../../../avr/lib/avr5\libc.a(cty_isfalse.o)
 .bss           0x008001e6        0x0 c:/winavr-20080610/bin/../lib/gcc/avr/4.3.0/avr5\libgcc.a(_prologue.o)
 .bss           0x008001e6        0x0 c:/winavr-20080610/bin/../lib/gcc/avr/4.3.0/avr5\libgcc.a(_epilogue.o)
 *(.bss*)
 *(COMMON)
 COMMON         0x008001e6       0x19 main.o
                0x008001e6                adc_val
                0x008001ee                adc_offset
                0x008001f6                curr_ch
                0x008001f7                adc_amt
 COMMON         0x008001ff        0x6 c:/winavr-20080610/bin/../lib/gcc/avr/4.3.0/../../../../avr/lib/avr5\libc.a(iob.o)
                0x008001ff                __iob
                0x00800205                PROVIDE (__bss_end, .)
                0x000018be                __data_load_start = LOADADDR (.data)
                0x0000191e                __data_load_end = (__data_load_start + SIZEOF (.data))

.noinit         0x00800205        0x0
                0x00800205                PROVIDE (__noinit_start, .)
 *(.noinit*)
                0x00800205                PROVIDE (__noinit_end, .)
                0x00800205                _end = .
                0x00800205                PROVIDE (__heap_start, .)

.eeprom         0x00810000        0x0
 *(.eeprom*)
                0x00810000                __eeprom_end = .

.fuse
 *(.fuse)
 *(.lfuse)
 *(.hfuse)
 *(.efuse)

.lock
 *(.lock*)

.signature
 *(.signature*)

.stab
 *(.stab)

.stabstr
 *(.stabstr)

.stab.excl
 *(.stab.excl)

.stab.exclstr
 *(.stab.exclstr)

.stab.index
 *(.stab.index)

.stab.indexstr
 *(.stab.indexstr)

.comment
 *(.comment)

.debug
 *(.debug)

.line
 *(.line)

.debug_srcinfo
 *(.debug_srcinfo)

.debug_sfnames
 *(.debug_sfnames)

.debug_aranges  0x00000000       0xa0
 *(.debug_aranges)
 .debug_aranges
                0x00000000       0x20 main.o
 .debug_aranges
                0x00000020       0x20 adc.o
 .debug_aranges
                0x00000040       0x20 usart.o
 .debug_aranges
                0x00000060       0x20 timers.o
 .debug_aranges
                0x00000080       0x20 motor.o

.debug_pubnames
                0x00000000      0x2b1
 *(.debug_pubnames)
 .debug_pubnames
                0x00000000       0x81 main.o
 .debug_pubnames
                0x00000081       0x8b adc.o
 .debug_pubnames
                0x0000010c       0x34 usart.o
 .debug_pubnames
                0x00000140       0xc0 timers.o
 .debug_pubnames
                0x00000200       0xb1 motor.o

.debug_info     0x00000000     0x1385
 *(.debug_info)
 .debug_info    0x00000000      0x47f main.o
 .debug_info    0x0000047f      0x2a0 adc.o
 .debug_info    0x0000071f      0x25e usart.o
 .debug_info    0x0000097d      0x324 timers.o
 .debug_info    0x00000ca1      0x6e4 motor.o
 *(.gnu.linkonce.wi.*)

.debug_abbrev   0x00000000      0x7b3
 *(.debug_abbrev)
 .debug_abbrev  0x00000000      0x1e3 main.o
 .debug_abbrev  0x000001e3      0x134 adc.o
 .debug_abbrev  0x00000317      0x16e usart.o
 .debug_abbrev  0x00000485      0x157 timers.o
 .debug_abbrev  0x000005dc      0x1d7 motor.o

.debug_line     0x00000000      0xf17
 *(.debug_line)
 .debug_line    0x00000000      0x3b8 main.o
 .debug_line    0x000003b8      0x20b adc.o
 .debug_line    0x000005c3      0x243 usart.o
 .debug_line    0x00000806      0x2d8 timers.o
 .debug_line    0x00000ade      0x439 motor.o

.debug_frame    0x00000000      0x220
 *(.debug_frame)
 .debug_frame   0x00000000       0x60 main.o
 .debug_frame   0x00000060       0x50 adc.o
 .debug_frame   0x000000b0       0x40 usart.o
 .debug_frame   0x000000f0       0x90 timers.o
 .debug_frame   0x00000180       0xa0 motor.o

.debug_str      0x00000000      0x427
 *(.debug_str)
 .debug_str     0x00000000      0x200 main.o
                                0x245 (size before relaxing)
 .debug_str     0x00000200       0x58 adc.o
                                0x154 (size before relaxing)
 .debug_str     0x00000258       0x69 usart.o
                                0x112 (size before relaxing)
 .debug_str     0x000002c1       0x9e timers.o
                                0x17c (size before relaxing)
 .debug_str     0x0000035f       0xc8 motor.o
                                0x213 (size before relaxing)

.debug_loc      0x00000000      0x363
 *(.debug_loc)
 .debug_loc     0x00000000       0xce main.o
 .debug_loc     0x000000ce       0x49 adc.o
 .debug_loc     0x00000117      0x189 usart.o
 .debug_loc     0x000002a0       0x13 timers.o
 .debug_loc     0x000002b3       0xb0 motor.o

.debug_macinfo
 *(.debug_macinfo)
OUTPUT(main.elf elf32-avr)
LOAD linker stubs

.debug_ranges   0x00000000       0x90
 .debug_ranges  0x00000000       0x90 main.o

Cross Reference Table

Symbol                                            File
__bad_interrupt                                   c:/winavr-20080610/bin/../lib/gcc/avr/4.3.0/../../../../avr/lib/avr5/crtm169p.o
__bss_end                                         c:/winavr-20080610/bin/../lib/gcc/avr/4.3.0/avr5\libgcc.a(_clear_bss.o)
__bss_start                                       c:/winavr-20080610/bin/../lib/gcc/avr/4.3.0/avr5\libgcc.a(_clear_bss.o)
__ctype_isfalse                                   c:/winavr-20080610/bin/../lib/gcc/avr/4.3.0/../../../../avr/lib/avr5\libc.a(cty_isfalse.o)
                                                  c:/winavr-20080610/bin/../lib/gcc/avr/4.3.0/../../../../avr/lib/avr5\libc.a(isspace.o)
__ctype_istrue                                    c:/winavr-20080610/bin/../lib/gcc/avr/4.3.0/../../../../avr/lib/avr5\libc.a(cty_isfalse.o)
__data_end                                        c:/winavr-20080610/bin/../lib/gcc/avr/4.3.0/avr5\libgcc.a(_copy_data.o)
__data_load_start                                 c:/winavr-20080610/bin/../lib/gcc/avr/4.3.0/avr5\libgcc.a(_copy_data.o)
__data_start                                      c:/winavr-20080610/bin/../lib/gcc/avr/4.3.0/avr5\libgcc.a(_copy_data.o)
__do_clear_bss                                    c:/winavr-20080610/bin/../lib/gcc/avr/4.3.0/avr5\libgcc.a(_clear_bss.o)
                                                  c:/winavr-20080610/bin/../lib/gcc/avr/4.3.0/../../../../avr/lib/avr5\libc.a(ungetc.o)
                                                  c:/winavr-20080610/bin/../lib/gcc/avr/4.3.0/../../../../avr/lib/avr5\libc.a(fputc.o)
                                                  c:/winavr-20080610/bin/../lib/gcc/avr/4.3.0/../../../../avr/lib/avr5\libc.a(fgetc.o)
                                                  c:/winavr-20080610/bin/../lib/gcc/avr/4.3.0/../../../../avr/lib/avr5\libc.a(vfscanf_std.o)
                                                  c:/winavr-20080610/bin/../lib/gcc/avr/4.3.0/../../../../avr/lib/avr5\libc.a(vfprintf_std.o)
                                                  c:/winavr-20080610/bin/../lib/gcc/avr/4.3.0/../../../../avr/lib/avr5\libc.a(scanf.o)
                                                  c:/winavr-20080610/bin/../lib/gcc/avr/4.3.0/../../../../avr/lib/avr5\libc.a(putchar.o)
                                                  c:/winavr-20080610/bin/../lib/gcc/avr/4.3.0/../../../../avr/lib/avr5\libc.a(printf_p.o)
                                                  c:/winavr-20080610/bin/../lib/gcc/avr/4.3.0/../../../../avr/lib/avr5\libc.a(printf.o)
                                                  c:/winavr-20080610/bin/../lib/gcc/avr/4.3.0/../../../../avr/lib/avr5\libc.a(iob.o)
                                                  motor.o
                                                  timers.o
                                                  usart.o
                                                  adc.o
                                                  main.o
__do_copy_data                                    c:/winavr-20080610/bin/../lib/gcc/avr/4.3.0/avr5\libgcc.a(_copy_data.o)
                                                  c:/winavr-20080610/bin/../lib/gcc/avr/4.3.0/../../../../avr/lib/avr5\libc.a(ungetc.o)
                                                  c:/winavr-20080610/bin/../lib/gcc/avr/4.3.0/../../../../avr/lib/avr5\libc.a(fputc.o)
                                                  c:/winavr-20080610/bin/../lib/gcc/avr/4.3.0/../../../../avr/lib/avr5\libc.a(fgetc.o)
                                                  c:/winavr-20080610/bin/../lib/gcc/avr/4.3.0/../../../../avr/lib/avr5\libc.a(vfscanf_std.o)
                                                  c:/winavr-20080610/bin/../lib/gcc/avr/4.3.0/../../../../avr/lib/avr5\libc.a(vfprintf_std.o)
                                                  c:/winavr-20080610/bin/../lib/gcc/avr/4.3.0/../../../../avr/lib/avr5\libc.a(scanf.o)
                                                  c:/winavr-20080610/bin/../lib/gcc/avr/4.3.0/../../../../avr/lib/avr5\libc.a(putchar.o)
                                                  c:/winavr-20080610/bin/../lib/gcc/avr/4.3.0/../../../../avr/lib/avr5\libc.a(printf_p.o)
                                                  c:/winavr-20080610/bin/../lib/gcc/avr/4.3.0/../../../../avr/lib/avr5\libc.a(printf.o)
                                                  c:/winavr-20080610/bin/../lib/gcc/avr/4.3.0/../../../../avr/lib/avr5\libc.a(iob.o)
                                                  motor.o
                                                  timers.o
                                                  usart.o
                                                  adc.o
                                                  main.o
__epilogue_restores__                             c:/winavr-20080610/bin/../lib/gcc/avr/4.3.0/avr5\libgcc.a(_epilogue.o)
                                                  c:/winavr-20080610/bin/../lib/gcc/avr/4.3.0/../../../../avr/lib/avr5\libc.a(vfscanf_std.o)
                                                  c:/winavr-20080610/bin/../lib/gcc/avr/4.3.0/../../../../avr/lib/avr5\libc.a(vfprintf_std.o)
                                                  c:/winavr-20080610/bin/../lib/gcc/avr/4.3.0/../../../../avr/lib/avr5\libc.a(scanf.o)
                                                  c:/winavr-20080610/bin/../lib/gcc/avr/4.3.0/../../../../avr/lib/avr5\libc.a(printf_p.o)
                                                  c:/winavr-20080610/bin/../lib/gcc/avr/4.3.0/../../../../avr/lib/avr5\libc.a(printf.o)
__heap_end                                        c:/winavr-20080610/bin/../lib/gcc/avr/4.3.0/../../../../avr/lib/avr5/crtm169p.o
__init                                            c:/winavr-20080610/bin/../lib/gcc/avr/4.3.0/../../../../avr/lib/avr5/crtm169p.o
__iob                                             c:/winavr-20080610/bin/../lib/gcc/avr/4.3.0/../../../../avr/lib/avr5\libc.a(scanf.o)
                                                  c:/winavr-20080610/bin/../lib/gcc/avr/4.3.0/../../../../avr/lib/avr5\libc.a(putchar.o)
                                                  c:/winavr-20080610/bin/../lib/gcc/avr/4.3.0/../../../../avr/lib/avr5\libc.a(printf_p.o)
                                                  c:/winavr-20080610/bin/../lib/gcc/avr/4.3.0/../../../../avr/lib/avr5\libc.a(printf.o)
                                                  c:/winavr-20080610/bin/../lib/gcc/avr/4.3.0/../../../../avr/lib/avr5\libc.a(iob.o)
                                                  usart.o
__prologue_saves__                                c:/winavr-20080610/bin/../lib/gcc/avr/4.3.0/avr5\libgcc.a(_prologue.o)
                                                  c:/winavr-20080610/bin/../lib/gcc/avr/4.3.0/../../../../avr/lib/avr5\libc.a(vfscanf_std.o)
                                                  c:/winavr-20080610/bin/../lib/gcc/avr/4.3.0/../../../../avr/lib/avr5\libc.a(vfprintf_std.o)
                                                  c:/winavr-20080610/bin/../lib/gcc/avr/4.3.0/../../../../avr/lib/avr5\libc.a(scanf.o)
                                                  c:/winavr-20080610/bin/../lib/gcc/avr/4.3.0/../../../../avr/lib/avr5\libc.a(printf_p.o)
                                                  c:/winavr-20080610/bin/../lib/gcc/avr/4.3.0/../../../../avr/lib/avr5\libc.a(printf.o)
__stack                                           c:/winavr-20080610/bin/../lib/gcc/avr/4.3.0/../../../../avr/lib/avr5/crtm169p.o
__ultoa_invert                                    c:/winavr-20080610/bin/../lib/gcc/avr/4.3.0/../../../../avr/lib/avr5\libc.a(ultoa_invert.o)
                                                  c:/winavr-20080610/bin/../lib/gcc/avr/4.3.0/../../../../avr/lib/avr5\libc.a(vfprintf_std.o)
__vector_1                                        c:/winavr-20080610/bin/../lib/gcc/avr/4.3.0/../../../../avr/lib/avr5/crtm169p.o
__vector_10                                       c:/winavr-20080610/bin/../lib/gcc/avr/4.3.0/../../../../avr/lib/avr5/crtm169p.o
__vector_11                                       c:/winavr-20080610/bin/../lib/gcc/avr/4.3.0/../../../../avr/lib/avr5/crtm169p.o
__vector_12                                       c:/winavr-20080610/bin/../lib/gcc/avr/4.3.0/../../../../avr/lib/avr5/crtm169p.o
__vector_13                                       c:/winavr-20080610/bin/../lib/gcc/avr/4.3.0/../../../../avr/lib/avr5/crtm169p.o
__vector_14                                       c:/winavr-20080610/bin/../lib/gcc/avr/4.3.0/../../../../avr/lib/avr5/crtm169p.o
__vector_15                                       c:/winavr-20080610/bin/../lib/gcc/avr/4.3.0/../../../../avr/lib/avr5/crtm169p.o
__vector_16                                       c:/winavr-20080610/bin/../lib/gcc/avr/4.3.0/../../../../avr/lib/avr5/crtm169p.o
__vector_17                                       c:/winavr-20080610/bin/../lib/gcc/avr/4.3.0/../../../../avr/lib/avr5/crtm169p.o
__vector_18                                       c:/winavr-20080610/bin/../lib/gcc/avr/4.3.0/../../../../avr/lib/avr5/crtm169p.o
__vector_19                                       adc.o
                                                  c:/winavr-20080610/bin/../lib/gcc/avr/4.3.0/../../../../avr/lib/avr5/crtm169p.o
__vector_2                                        c:/winavr-20080610/bin/../lib/gcc/avr/4.3.0/../../../../avr/lib/avr5/crtm169p.o
__vector_20                                       c:/winavr-20080610/bin/../lib/gcc/avr/4.3.0/../../../../avr/lib/avr5/crtm169p.o
__vector_21                                       c:/winavr-20080610/bin/../lib/gcc/avr/4.3.0/../../../../avr/lib/avr5/crtm169p.o
__vector_22                                       c:/winavr-20080610/bin/../lib/gcc/avr/4.3.0/../../../../avr/lib/avr5/crtm169p.o
__vector_3                                        c:/winavr-20080610/bin/../lib/gcc/avr/4.3.0/../../../../avr/lib/avr5/crtm169p.o
__vector_4                                        c:/winavr-20080610/bin/../lib/gcc/avr/4.3.0/../../../../avr/lib/avr5/crtm169p.o
__vector_5                                        timers.o
                                                  c:/winavr-20080610/bin/../lib/gcc/avr/4.3.0/../../../../avr/lib/avr5/crtm169p.o
__vector_6                                        timers.o
                                                  c:/winavr-20080610/bin/../lib/gcc/avr/4.3.0/../../../../avr/lib/avr5/crtm169p.o
__vector_7                                        timers.o
                                                  c:/winavr-20080610/bin/../lib/gcc/avr/4.3.0/../../../../avr/lib/avr5/crtm169p.o
__vector_8                                        timers.o
                                                  c:/winavr-20080610/bin/../lib/gcc/avr/4.3.0/../../../../avr/lib/avr5/crtm169p.o
__vector_9                                        timers.o
                                                  c:/winavr-20080610/bin/../lib/gcc/avr/4.3.0/../../../../avr/lib/avr5/crtm169p.o
__vector_default                                  c:/winavr-20080610/bin/../lib/gcc/avr/4.3.0/../../../../avr/lib/avr5/crtm169p.o
__vectors                                         c:/winavr-20080610/bin/../lib/gcc/avr/4.3.0/../../../../avr/lib/avr5/crtm169p.o
_exit                                             c:/winavr-20080610/bin/../lib/gcc/avr/4.3.0/avr5\libgcc.a(_exit.o)
adc_amt                                           timers.o
                                                  adc.o
                                                  main.o
adc_init                                          adc.o
                                                  main.o
adc_offset                                        timers.o
                                                  adc.o
                                                  main.o
adc_set_channel                                   adc.o
adc_val                                           timers.o
                                                  adc.o
                                                  main.o
clock_init                                        main.o
curr_ch                                           timers.o
                                                  adc.o
                                                  main.o
exit                                              c:/winavr-20080610/bin/../lib/gcc/avr/4.3.0/avr5\libgcc.a(_exit.o)
                                                  c:/winavr-20080610/bin/../lib/gcc/avr/4.3.0/../../../../avr/lib/avr5/crtm169p.o
fgetc                                             c:/winavr-20080610/bin/../lib/gcc/avr/4.3.0/../../../../avr/lib/avr5\libc.a(fgetc.o)
                                                  c:/winavr-20080610/bin/../lib/gcc/avr/4.3.0/../../../../avr/lib/avr5\libc.a(vfscanf_std.o)
fputc                                             c:/winavr-20080610/bin/../lib/gcc/avr/4.3.0/../../../../avr/lib/avr5\libc.a(fputc.o)
                                                  c:/winavr-20080610/bin/../lib/gcc/avr/4.3.0/../../../../avr/lib/avr5\libc.a(vfprintf_std.o)
                                                  c:/winavr-20080610/bin/../lib/gcc/avr/4.3.0/../../../../avr/lib/avr5\libc.a(putchar.o)
get_motor_L                                       motor.o
                                                  main.o
get_motor_R                                       motor.o
                                                  main.o
init                                              main.o
isspace                                           c:/winavr-20080610/bin/../lib/gcc/avr/4.3.0/../../../../avr/lib/avr5\libc.a(isspace.o)
                                                  c:/winavr-20080610/bin/../lib/gcc/avr/4.3.0/../../../../avr/lib/avr5\libc.a(vfscanf_std.o)
joy_init                                          main.o
lf_full_speed                                     motor.o
                                                  main.o
lf_turn_left_inc                                  motor.o
                                                  main.o
lf_turn_right_inc                                 motor.o
                                                  main.o
main                                              main.o
                                                  c:/winavr-20080610/bin/../lib/gcc/avr/4.3.0/../../../../avr/lib/avr5/crtm169p.o
motor_mode_L                                      motor.o
                                                  main.o
motor_mode_R                                      motor.o
                                                  main.o
print_adc_values                                  adc.o
                                                  main.o
print_bin                                         main.o
printf                                            c:/winavr-20080610/bin/../lib/gcc/avr/4.3.0/../../../../avr/lib/avr5\libc.a(printf.o)
                                                  motor.o
                                                  timers.o
                                                  adc.o
                                                  main.o
printf_P                                          c:/winavr-20080610/bin/../lib/gcc/avr/4.3.0/../../../../avr/lib/avr5\libc.a(printf_p.o)
                                                  timers.o
                                                  usart.o
                                                  adc.o
                                                  main.o
putchar                                           c:/winavr-20080610/bin/../lib/gcc/avr/4.3.0/../../../../avr/lib/avr5\libc.a(putchar.o)
                                                  adc.o
                                                  main.o
scanf                                             c:/winavr-20080610/bin/../lib/gcc/avr/4.3.0/../../../../avr/lib/avr5\libc.a(scanf.o)
                                                  main.o
set_motor_L                                       motor.o
                                                  main.o
set_motor_R                                       motor.o
                                                  main.o
strchr_P                                          c:/winavr-20080610/bin/../lib/gcc/avr/4.3.0/../../../../avr/lib/avr5\libc.a(strchr_P.o)
                                                  c:/winavr-20080610/bin/../lib/gcc/avr/4.3.0/../../../../avr/lib/avr5\libc.a(vfscanf_std.o)
strnlen                                           c:/winavr-20080610/bin/../lib/gcc/avr/4.3.0/../../../../avr/lib/avr5\libc.a(strnlen.o)
                                                  c:/winavr-20080610/bin/../lib/gcc/avr/4.3.0/../../../../avr/lib/avr5\libc.a(vfprintf_std.o)
strnlen_P                                         c:/winavr-20080610/bin/../lib/gcc/avr/4.3.0/../../../../avr/lib/avr5\libc.a(strnlen_P.o)
                                                  c:/winavr-20080610/bin/../lib/gcc/avr/4.3.0/../../../../avr/lib/avr5\libc.a(vfprintf_std.o)
timer1_init                                       timers.o
timer2_init                                       timers.o
timers_init                                       timers.o
                                                  main.o
ungetc                                            c:/winavr-20080610/bin/../lib/gcc/avr/4.3.0/../../../../avr/lib/avr5\libc.a(ungetc.o)
                                                  c:/winavr-20080610/bin/../lib/gcc/avr/4.3.0/../../../../avr/lib/avr5\libc.a(vfscanf_std.o)
usart0_getchar                                    usart.o
usart_init                                        usart.o
                                                  main.o
vfprintf                                          c:/winavr-20080610/bin/../lib/gcc/avr/4.3.0/../../../../avr/lib/avr5\libc.a(vfprintf_std.o)
                                                  c:/winavr-20080610/bin/../lib/gcc/avr/4.3.0/../../../../avr/lib/avr5\libc.a(printf_p.o)
                                                  c:/winavr-20080610/bin/../lib/gcc/avr/4.3.0/../../../../avr/lib/avr5\libc.a(printf.o)
vfscanf                                           c:/winavr-20080610/bin/../lib/gcc/avr/4.3.0/../../../../avr/lib/avr5\libc.a(vfscanf_std.o)
                                                  c:/winavr-20080610/bin/../lib/gcc/avr/4.3.0/../../../../avr/lib/avr5\libc.a(scanf.o)
